[0.136s] DEBUG:colcon:Command line arguments: ['/usr/bin/colcon', 'build', '--symlink-install']
[0.136s] DEBUG:colcon:Parsed command line arguments: Namespace(log_base=None, log_level=None, verb_name='build', build_base='build', install_base='install', merge_install=False, symlink_install=True, test_result_base=None, continue_on_error=False, executor='parallel', parallel_workers=4, event_handlers=None, ignore_user_meta=False, metas=['./colcon.meta'], base_paths=['.'], packages_ignore=None, packages_ignore_regex=None, paths=None, packages_up_to=None, packages_up_to_regex=None, packages_above=None, packages_above_and_dependencies=None, packages_above_depth=None, packages_select_by_dep=None, packages_skip_by_dep=None, packages_skip_up_to=None, packages_select_build_failed=False, packages_skip_build_finished=False, packages_select_test_failures=False, packages_skip_test_passed=False, packages_select=None, packages_skip=None, packages_select_regex=None, packages_skip_regex=None, packages_start=None, packages_end=None, allow_overriding=[], cmake_args=None, cmake_target=None, cmake_target_skip_unavailable=False, cmake_clean_cache=False, cmake_clean_first=False, cmake_force_configure=False, ament_cmake_args=None, catkin_cmake_args=None, catkin_skip_building_tests=False, verb_parser=<colcon_defaults.argument_parser.defaults.DefaultArgumentsDecorator object at 0xffffb3d26fc0>, verb_extension=<colcon_core.verb.build.BuildVerb object at 0xffffb4d7deb0>, main=<bound method BuildVerb.main of <colcon_core.verb.build.BuildVerb object at 0xffffb4d7deb0>>)
[0.192s] Level 1:colcon.colcon_core.package_discovery:discover_packages(colcon_meta) check parameters
[0.192s] Level 1:colcon.colcon_core.package_discovery:discover_packages(recursive) check parameters
[0.192s] Level 1:colcon.colcon_core.package_discovery:discover_packages(ignore) check parameters
[0.192s] Level 1:colcon.colcon_core.package_discovery:discover_packages(path) check parameters
[0.192s] Level 1:colcon.colcon_core.package_discovery:discover_packages(colcon_meta) discover
[0.192s] Level 1:colcon.colcon_core.package_discovery:discover_packages(recursive) discover
[0.192s] INFO:colcon.colcon_core.package_discovery:Crawling recursively for packages in '/home/raspi/Robots4ChildrenWithDisabilities/ROS2/ros2_ws'
[0.192s] Level 1:colcon.colcon_core.package_identification:_identify(.) by extensions ['ignore', 'ignore_ament_install']
[0.192s] Level 1:colcon.colcon_core.package_identification:_identify(.) by extension 'ignore'
[0.192s] Level 1:colcon.colcon_core.package_identification:_identify(.) by extension 'ignore_ament_install'
[0.192s] Level 1:colcon.colcon_core.package_identification:_identify(.) by extensions ['colcon_pkg']
[0.192s] Level 1:colcon.colcon_core.package_identification:_identify(.) by extension 'colcon_pkg'
[0.193s] Level 1:colcon.colcon_core.package_identification:_identify(.) by extensions ['colcon_meta']
[0.193s] Level 1:colcon.colcon_core.package_identification:_identify(.) by extension 'colcon_meta'
[0.193s] Level 1:colcon.colcon_core.package_identification:_identify(.) by extensions ['ros']
[0.193s] Level 1:colcon.colcon_core.package_identification:_identify(.) by extension 'ros'
[0.231s] Level 1:colcon.colcon_core.package_identification:_identify(.) by extensions ['cmake', 'python']
[0.231s] Level 1:colcon.colcon_core.package_identification:_identify(.) by extension 'cmake'
[0.231s] Level 1:colcon.colcon_core.package_identification:_identify(.) by extension 'python'
[0.231s] Level 1:colcon.colcon_core.package_identification:_identify(.) by extensions ['python_setup_py']
[0.231s] Level 1:colcon.colcon_core.package_identification:_identify(.) by extension 'python_setup_py'
[0.231s] Level 1:colcon.colcon_core.package_identification:_identify(build) by extensions ['ignore', 'ignore_ament_install']
[0.231s] Level 1:colcon.colcon_core.package_identification:_identify(build) by extension 'ignore'
[0.231s] Level 1:colcon.colcon_core.package_identification:_identify(build) ignored
[0.231s] Level 1:colcon.colcon_core.package_identification:_identify(install) by extensions ['ignore', 'ignore_ament_install']
[0.231s] Level 1:colcon.colcon_core.package_identification:_identify(install) by extension 'ignore'
[0.232s] Level 1:colcon.colcon_core.package_identification:_identify(install) ignored
[0.232s] Level 1:colcon.colcon_core.package_identification:_identify(log) by extensions ['ignore', 'ignore_ament_install']
[0.232s] Level 1:colcon.colcon_core.package_identification:_identify(log) by extension 'ignore'
[0.232s] Level 1:colcon.colcon_core.package_identification:_identify(log) ignored
[0.232s] Level 1:colcon.colcon_core.package_identification:_identify(src) by extensions ['ignore', 'ignore_ament_install']
[0.232s] Level 1:colcon.colcon_core.package_identification:_identify(src) by extension 'ignore'
[0.232s] Level 1:colcon.colcon_core.package_identification:_identify(src) by extension 'ignore_ament_install'
[0.232s] Level 1:colcon.colcon_core.package_identification:_identify(src) by extensions ['colcon_pkg']
[0.232s] Level 1:colcon.colcon_core.package_identification:_identify(src) by extension 'colcon_pkg'
[0.232s] Level 1:colcon.colcon_core.package_identification:_identify(src) by extensions ['colcon_meta']
[0.232s] Level 1:colcon.colcon_core.package_identification:_identify(src) by extension 'colcon_meta'
[0.232s] Level 1:colcon.colcon_core.package_identification:_identify(src) by extensions ['ros']
[0.232s] Level 1:colcon.colcon_core.package_identification:_identify(src) by extension 'ros'
[0.232s] Level 1:colcon.colcon_core.package_identification:_identify(src) by extensions ['cmake', 'python']
[0.232s] Level 1:colcon.colcon_core.package_identification:_identify(src) by extension 'cmake'
[0.232s] Level 1:colcon.colcon_core.package_identification:_identify(src) by extension 'python'
[0.232s] Level 1:colcon.colcon_core.package_identification:_identify(src) by extensions ['python_setup_py']
[0.232s] Level 1:colcon.colcon_core.package_identification:_identify(src) by extension 'python_setup_py'
[0.233s] Level 1:colcon.colcon_core.package_identification:_identify(src/nav_module) by extensions ['ignore', 'ignore_ament_install']
[0.233s] Level 1:colcon.colcon_core.package_identification:_identify(src/nav_module) by extension 'ignore'
[0.233s] Level 1:colcon.colcon_core.package_identification:_identify(src/nav_module) by extension 'ignore_ament_install'
[0.233s] Level 1:colcon.colcon_core.package_identification:_identify(src/nav_module) by extensions ['colcon_pkg']
[0.233s] Level 1:colcon.colcon_core.package_identification:_identify(src/nav_module) by extension 'colcon_pkg'
[0.233s] Level 1:colcon.colcon_core.package_identification:_identify(src/nav_module) by extensions ['colcon_meta']
[0.233s] Level 1:colcon.colcon_core.package_identification:_identify(src/nav_module) by extension 'colcon_meta'
[0.233s] Level 1:colcon.colcon_core.package_identification:_identify(src/nav_module) by extensions ['ros']
[0.233s] Level 1:colcon.colcon_core.package_identification:_identify(src/nav_module) by extension 'ros'
[0.238s] DEBUG:colcon.colcon_core.package_identification:Package 'src/nav_module' with type 'ros.ament_cmake' and name 'nav_module'
[0.238s] Level 1:colcon.colcon_core.package_identification:_identify(src/slam_module) by extensions ['ignore', 'ignore_ament_install']
[0.238s] Level 1:colcon.colcon_core.package_identification:_identify(src/slam_module) by extension 'ignore'
[0.238s] Level 1:colcon.colcon_core.package_identification:_identify(src/slam_module) by extension 'ignore_ament_install'
[0.238s] Level 1:colcon.colcon_core.package_identification:_identify(src/slam_module) by extensions ['colcon_pkg']
[0.238s] Level 1:colcon.colcon_core.package_identification:_identify(src/slam_module) by extension 'colcon_pkg'
[0.238s] Level 1:colcon.colcon_core.package_identification:_identify(src/slam_module) by extensions ['colcon_meta']
[0.238s] Level 1:colcon.colcon_core.package_identification:_identify(src/slam_module) by extension 'colcon_meta'
[0.238s] Level 1:colcon.colcon_core.package_identification:_identify(src/slam_module) by extensions ['ros']
[0.238s] Level 1:colcon.colcon_core.package_identification:_identify(src/slam_module) by extension 'ros'
[0.239s] DEBUG:colcon.colcon_core.package_identification:Package 'src/slam_module' with type 'ros.ament_cmake' and name 'slam_module'
[0.239s] Level 1:colcon.colcon_core.package_identification:_identify(src/sllidar_ros2) by extensions ['ignore', 'ignore_ament_install']
[0.239s] Level 1:colcon.colcon_core.package_identification:_identify(src/sllidar_ros2) by extension 'ignore'
[0.239s] Level 1:colcon.colcon_core.package_identification:_identify(src/sllidar_ros2) by extension 'ignore_ament_install'
[0.239s] Level 1:colcon.colcon_core.package_identification:_identify(src/sllidar_ros2) by extensions ['colcon_pkg']
[0.239s] Level 1:colcon.colcon_core.package_identification:_identify(src/sllidar_ros2) by extension 'colcon_pkg'
[0.240s] Level 1:colcon.colcon_core.package_identification:_identify(src/sllidar_ros2) by extensions ['colcon_meta']
[0.240s] Level 1:colcon.colcon_core.package_identification:_identify(src/sllidar_ros2) by extension 'colcon_meta'
[0.240s] Level 1:colcon.colcon_core.package_identification:_identify(src/sllidar_ros2) by extensions ['ros']
[0.240s] Level 1:colcon.colcon_core.package_identification:_identify(src/sllidar_ros2) by extension 'ros'
[0.240s] DEBUG:colcon.colcon_core.package_identification:Package 'src/sllidar_ros2' with type 'ros.ament_cmake' and name 'sllidar_ros2'
[0.240s] Level 1:colcon.colcon_core.package_identification:_identify(src/system_launcher) by extensions ['ignore', 'ignore_ament_install']
[0.240s] Level 1:colcon.colcon_core.package_identification:_identify(src/system_launcher) by extension 'ignore'
[0.241s] Level 1:colcon.colcon_core.package_identification:_identify(src/system_launcher) by extension 'ignore_ament_install'
[0.241s] Level 1:colcon.colcon_core.package_identification:_identify(src/system_launcher) by extensions ['colcon_pkg']
[0.241s] Level 1:colcon.colcon_core.package_identification:_identify(src/system_launcher) by extension 'colcon_pkg'
[0.241s] Level 1:colcon.colcon_core.package_identification:_identify(src/system_launcher) by extensions ['colcon_meta']
[0.241s] Level 1:colcon.colcon_core.package_identification:_identify(src/system_launcher) by extension 'colcon_meta'
[0.241s] Level 1:colcon.colcon_core.package_identification:_identify(src/system_launcher) by extensions ['ros']
[0.241s] Level 1:colcon.colcon_core.package_identification:_identify(src/system_launcher) by extension 'ros'
[0.241s] DEBUG:colcon.colcon_core.package_identification:Package 'src/system_launcher' with type 'ros.ament_cmake' and name 'system_launcher'
[0.241s] Level 1:colcon.colcon_core.package_discovery:discover_packages(recursive) using defaults
[0.241s] Level 1:colcon.colcon_core.package_discovery:discover_packages(ignore) discover
[0.241s] Level 1:colcon.colcon_core.package_discovery:discover_packages(ignore) using defaults
[0.241s] Level 1:colcon.colcon_core.package_discovery:discover_packages(path) discover
[0.241s] Level 1:colcon.colcon_core.package_discovery:discover_packages(path) using defaults
[0.264s] Level 1:colcon.colcon_core.package_discovery:discover_packages(prefix_path) check parameters
[0.265s] Level 1:colcon.colcon_core.package_discovery:discover_packages(prefix_path) discover
[0.268s] DEBUG:colcon.colcon_installed_package_information.package_discovery:Found 285 installed packages in /opt/ros/jazzy
[0.269s] Level 1:colcon.colcon_core.package_discovery:discover_packages(prefix_path) using defaults
[0.327s] Level 5:colcon.colcon_core.verb:set package 'nav_module' build argument 'cmake_args' from command line to 'None'
[0.327s] Level 5:colcon.colcon_core.verb:set package 'nav_module' build argument 'cmake_target' from command line to 'None'
[0.327s] Level 5:colcon.colcon_core.verb:set package 'nav_module' build argument 'cmake_target_skip_unavailable' from command line to 'False'
[0.327s] Level 5:colcon.colcon_core.verb:set package 'nav_module' build argument 'cmake_clean_cache' from command line to 'False'
[0.327s] Level 5:colcon.colcon_core.verb:set package 'nav_module' build argument 'cmake_clean_first' from command line to 'False'
[0.327s] Level 5:colcon.colcon_core.verb:set package 'nav_module' build argument 'cmake_force_configure' from command line to 'False'
[0.327s] Level 5:colcon.colcon_core.verb:set package 'nav_module' build argument 'ament_cmake_args' from command line to 'None'
[0.327s] Level 5:colcon.colcon_core.verb:set package 'nav_module' build argument 'catkin_cmake_args' from command line to 'None'
[0.327s] Level 5:colcon.colcon_core.verb:set package 'nav_module' build argument 'catkin_skip_building_tests' from command line to 'False'
[0.327s] DEBUG:colcon.colcon_core.verb:Building package 'nav_module' with the following arguments: {'ament_cmake_args': None, 'build_base': '/home/raspi/Robots4ChildrenWithDisabilities/ROS2/ros2_ws/build/nav_module', 'catkin_cmake_args': None, 'catkin_skip_building_tests': False, 'cmake_args': None, 'cmake_clean_cache': False, 'cmake_clean_first': False, 'cmake_force_configure': False, 'cmake_target': None, 'cmake_target_skip_unavailable': False, 'install_base': '/home/raspi/Robots4ChildrenWithDisabilities/ROS2/ros2_ws/install/nav_module', 'merge_install': False, 'path': '/home/raspi/Robots4ChildrenWithDisabilities/ROS2/ros2_ws/src/nav_module', 'symlink_install': True, 'test_result_base': None}
[0.328s] Level 5:colcon.colcon_core.verb:set package 'slam_module' build argument 'cmake_args' from command line to 'None'
[0.328s] Level 5:colcon.colcon_core.verb:set package 'slam_module' build argument 'cmake_target' from command line to 'None'
[0.328s] Level 5:colcon.colcon_core.verb:set package 'slam_module' build argument 'cmake_target_skip_unavailable' from command line to 'False'
[0.328s] Level 5:colcon.colcon_core.verb:set package 'slam_module' build argument 'cmake_clean_cache' from command line to 'False'
[0.328s] Level 5:colcon.colcon_core.verb:set package 'slam_module' build argument 'cmake_clean_first' from command line to 'False'
[0.328s] Level 5:colcon.colcon_core.verb:set package 'slam_module' build argument 'cmake_force_configure' from command line to 'False'
[0.328s] Level 5:colcon.colcon_core.verb:set package 'slam_module' build argument 'ament_cmake_args' from command line to 'None'
[0.328s] Level 5:colcon.colcon_core.verb:set package 'slam_module' build argument 'catkin_cmake_args' from command line to 'None'
[0.328s] Level 5:colcon.colcon_core.verb:set package 'slam_module' build argument 'catkin_skip_building_tests' from command line to 'False'
[0.328s] DEBUG:colcon.colcon_core.verb:Building package 'slam_module' with the following arguments: {'ament_cmake_args': None, 'build_base': '/home/raspi/Robots4ChildrenWithDisabilities/ROS2/ros2_ws/build/slam_module', 'catkin_cmake_args': None, 'catkin_skip_building_tests': False, 'cmake_args': None, 'cmake_clean_cache': False, 'cmake_clean_first': False, 'cmake_force_configure': False, 'cmake_target': None, 'cmake_target_skip_unavailable': False, 'install_base': '/home/raspi/Robots4ChildrenWithDisabilities/ROS2/ros2_ws/install/slam_module', 'merge_install': False, 'path': '/home/raspi/Robots4ChildrenWithDisabilities/ROS2/ros2_ws/src/slam_module', 'symlink_install': True, 'test_result_base': None}
[0.328s] Level 5:colcon.colcon_core.verb:set package 'sllidar_ros2' build argument 'cmake_args' from command line to 'None'
[0.328s] Level 5:colcon.colcon_core.verb:set package 'sllidar_ros2' build argument 'cmake_target' from command line to 'None'
[0.328s] Level 5:colcon.colcon_core.verb:set package 'sllidar_ros2' build argument 'cmake_target_skip_unavailable' from command line to 'False'
[0.328s] Level 5:colcon.colcon_core.verb:set package 'sllidar_ros2' build argument 'cmake_clean_cache' from command line to 'False'
[0.328s] Level 5:colcon.colcon_core.verb:set package 'sllidar_ros2' build argument 'cmake_clean_first' from command line to 'False'
[0.328s] Level 5:colcon.colcon_core.verb:set package 'sllidar_ros2' build argument 'cmake_force_configure' from command line to 'False'
[0.328s] Level 5:colcon.colcon_core.verb:set package 'sllidar_ros2' build argument 'ament_cmake_args' from command line to 'None'
[0.328s] Level 5:colcon.colcon_core.verb:set package 'sllidar_ros2' build argument 'catkin_cmake_args' from command line to 'None'
[0.328s] Level 5:colcon.colcon_core.verb:set package 'sllidar_ros2' build argument 'catkin_skip_building_tests' from command line to 'False'
[0.328s] DEBUG:colcon.colcon_core.verb:Building package 'sllidar_ros2' with the following arguments: {'ament_cmake_args': None, 'build_base': '/home/raspi/Robots4ChildrenWithDisabilities/ROS2/ros2_ws/build/sllidar_ros2', 'catkin_cmake_args': None, 'catkin_skip_building_tests': False, 'cmake_args': None, 'cmake_clean_cache': False, 'cmake_clean_first': False, 'cmake_force_configure': False, 'cmake_target': None, 'cmake_target_skip_unavailable': False, 'install_base': '/home/raspi/Robots4ChildrenWithDisabilities/ROS2/ros2_ws/install/sllidar_ros2', 'merge_install': False, 'path': '/home/raspi/Robots4ChildrenWithDisabilities/ROS2/ros2_ws/src/sllidar_ros2', 'symlink_install': True, 'test_result_base': None}
[0.329s] Level 5:colcon.colcon_core.verb:set package 'system_launcher' build argument 'cmake_args' from command line to 'None'
[0.329s] Level 5:colcon.colcon_core.verb:set package 'system_launcher' build argument 'cmake_target' from command line to 'None'
[0.329s] Level 5:colcon.colcon_core.verb:set package 'system_launcher' build argument 'cmake_target_skip_unavailable' from command line to 'False'
[0.329s] Level 5:colcon.colcon_core.verb:set package 'system_launcher' build argument 'cmake_clean_cache' from command line to 'False'
[0.329s] Level 5:colcon.colcon_core.verb:set package 'system_launcher' build argument 'cmake_clean_first' from command line to 'False'
[0.329s] Level 5:colcon.colcon_core.verb:set package 'system_launcher' build argument 'cmake_force_configure' from command line to 'False'
[0.329s] Level 5:colcon.colcon_core.verb:set package 'system_launcher' build argument 'ament_cmake_args' from command line to 'None'
[0.329s] Level 5:colcon.colcon_core.verb:set package 'system_launcher' build argument 'catkin_cmake_args' from command line to 'None'
[0.329s] Level 5:colcon.colcon_core.verb:set package 'system_launcher' build argument 'catkin_skip_building_tests' from command line to 'False'
[0.329s] DEBUG:colcon.colcon_core.verb:Building package 'system_launcher' with the following arguments: {'ament_cmake_args': None, 'build_base': '/home/raspi/Robots4ChildrenWithDisabilities/ROS2/ros2_ws/build/system_launcher', 'catkin_cmake_args': None, 'catkin_skip_building_tests': False, 'cmake_args': None, 'cmake_clean_cache': False, 'cmake_clean_first': False, 'cmake_force_configure': False, 'cmake_target': None, 'cmake_target_skip_unavailable': False, 'install_base': '/home/raspi/Robots4ChildrenWithDisabilities/ROS2/ros2_ws/install/system_launcher', 'merge_install': False, 'path': '/home/raspi/Robots4ChildrenWithDisabilities/ROS2/ros2_ws/src/system_launcher', 'symlink_install': True, 'test_result_base': None}
[0.329s] INFO:colcon.colcon_core.executor:Executing jobs using 'parallel' executor
[0.330s] DEBUG:colcon.colcon_parallel_executor.executor.parallel:run_until_complete
[0.331s] INFO:colcon.colcon_ros.task.ament_cmake.build:Building ROS package in '/home/raspi/Robots4ChildrenWithDisabilities/ROS2/ros2_ws/src/nav_module' with build type 'ament_cmake'
[0.331s] INFO:colcon.colcon_cmake.task.cmake.build:Building CMake package in '/home/raspi/Robots4ChildrenWithDisabilities/ROS2/ros2_ws/src/nav_module'
[0.333s] INFO:colcon.colcon_core.plugin_system:Skipping extension 'colcon_core.shell.bat': Not used on non-Windows systems
[0.333s] INFO:colcon.colcon_core.shell:Skip shell extension 'powershell' for command environment: Not usable outside of PowerShell
[0.333s] DEBUG:colcon.colcon_core.shell:Skip shell extension 'dsv' for command environment
[0.337s] INFO:colcon.colcon_ros.task.ament_cmake.build:Building ROS package in '/home/raspi/Robots4ChildrenWithDisabilities/ROS2/ros2_ws/src/slam_module' with build type 'ament_cmake'
[0.337s] INFO:colcon.colcon_cmake.task.cmake.build:Building CMake package in '/home/raspi/Robots4ChildrenWithDisabilities/ROS2/ros2_ws/src/slam_module'
[0.338s] INFO:colcon.colcon_core.shell:Skip shell extension 'powershell' for command environment: Not usable outside of PowerShell
[0.338s] DEBUG:colcon.colcon_core.shell:Skip shell extension 'dsv' for command environment
[0.341s] INFO:colcon.colcon_ros.task.ament_cmake.build:Building ROS package in '/home/raspi/Robots4ChildrenWithDisabilities/ROS2/ros2_ws/src/sllidar_ros2' with build type 'ament_cmake'
[0.342s] INFO:colcon.colcon_cmake.task.cmake.build:Building CMake package in '/home/raspi/Robots4ChildrenWithDisabilities/ROS2/ros2_ws/src/sllidar_ros2'
[0.342s] INFO:colcon.colcon_core.shell:Skip shell extension 'powershell' for command environment: Not usable outside of PowerShell
[0.342s] DEBUG:colcon.colcon_core.shell:Skip shell extension 'dsv' for command environment
[0.346s] INFO:colcon.colcon_ros.task.ament_cmake.build:Building ROS package in '/home/raspi/Robots4ChildrenWithDisabilities/ROS2/ros2_ws/src/system_launcher' with build type 'ament_cmake'
[0.346s] INFO:colcon.colcon_cmake.task.cmake.build:Building CMake package in '/home/raspi/Robots4ChildrenWithDisabilities/ROS2/ros2_ws/src/system_launcher'
[0.346s] INFO:colcon.colcon_core.shell:Skip shell extension 'powershell' for command environment: Not usable outside of PowerShell
[0.346s] DEBUG:colcon.colcon_core.shell:Skip shell extension 'dsv' for command environment
[0.356s] DEBUG:colcon.colcon_core.event_handler.log_command:Invoking command in '/home/raspi/Robots4ChildrenWithDisabilities/ROS2/ros2_ws/build/nav_module': CMAKE_PREFIX_PATH=${CMAKE_PREFIX_PATH}:/opt/ros/jazzy /usr/bin/cmake /home/raspi/Robots4ChildrenWithDisabilities/ROS2/ros2_ws/src/nav_module -DAMENT_CMAKE_SYMLINK_INSTALL=1 -DCMAKE_INSTALL_PREFIX=/home/raspi/Robots4ChildrenWithDisabilities/ROS2/ros2_ws/install/nav_module
[0.359s] DEBUG:colcon.colcon_core.event_handler.log_command:Invoking command in '/home/raspi/Robots4ChildrenWithDisabilities/ROS2/ros2_ws/build/slam_module': CMAKE_PREFIX_PATH=${CMAKE_PREFIX_PATH}:/opt/ros/jazzy /usr/bin/cmake /home/raspi/Robots4ChildrenWithDisabilities/ROS2/ros2_ws/src/slam_module -DAMENT_CMAKE_SYMLINK_INSTALL=1 -DCMAKE_INSTALL_PREFIX=/home/raspi/Robots4ChildrenWithDisabilities/ROS2/ros2_ws/install/slam_module
[0.363s] DEBUG:colcon.colcon_core.event_handler.log_command:Invoking command in '/home/raspi/Robots4ChildrenWithDisabilities/ROS2/ros2_ws/build/sllidar_ros2': CMAKE_PREFIX_PATH=${CMAKE_PREFIX_PATH}:/opt/ros/jazzy /usr/bin/cmake /home/raspi/Robots4ChildrenWithDisabilities/ROS2/ros2_ws/src/sllidar_ros2 -DAMENT_CMAKE_SYMLINK_INSTALL=1 -DCMAKE_INSTALL_PREFIX=/home/raspi/Robots4ChildrenWithDisabilities/ROS2/ros2_ws/install/sllidar_ros2
[0.376s] DEBUG:colcon.colcon_core.event_handler.log_command:Invoking command in '/home/raspi/Robots4ChildrenWithDisabilities/ROS2/ros2_ws/build/system_launcher': CMAKE_PREFIX_PATH=${CMAKE_PREFIX_PATH}:/opt/ros/jazzy /usr/bin/cmake /home/raspi/Robots4ChildrenWithDisabilities/ROS2/ros2_ws/src/system_launcher -DAMENT_CMAKE_SYMLINK_INSTALL=1 -DCMAKE_INSTALL_PREFIX=/home/raspi/Robots4ChildrenWithDisabilities/ROS2/ros2_ws/install/system_launcher
[2.401s] DEBUG:colcon.colcon_core.event_handler.log_command:Invoked command in '/home/raspi/Robots4ChildrenWithDisabilities/ROS2/ros2_ws/build/system_launcher' returned '0': CMAKE_PREFIX_PATH=${CMAKE_PREFIX_PATH}:/opt/ros/jazzy /usr/bin/cmake /home/raspi/Robots4ChildrenWithDisabilities/ROS2/ros2_ws/src/system_launcher -DAMENT_CMAKE_SYMLINK_INSTALL=1 -DCMAKE_INSTALL_PREFIX=/home/raspi/Robots4ChildrenWithDisabilities/ROS2/ros2_ws/install/system_launcher
[2.401s] DEBUG:colcon.colcon_core.event_handler.log_command:Invoking command in '/home/raspi/Robots4ChildrenWithDisabilities/ROS2/ros2_ws/build/system_launcher': CMAKE_PREFIX_PATH=${CMAKE_PREFIX_PATH}:/opt/ros/jazzy /usr/bin/cmake --build /home/raspi/Robots4ChildrenWithDisabilities/ROS2/ros2_ws/build/system_launcher -- -j4 -l4
[2.490s] DEBUG:colcon.colcon_core.event_handler.log_command:Invoked command in '/home/raspi/Robots4ChildrenWithDisabilities/ROS2/ros2_ws/build/system_launcher' returned '0': CMAKE_PREFIX_PATH=${CMAKE_PREFIX_PATH}:/opt/ros/jazzy /usr/bin/cmake --build /home/raspi/Robots4ChildrenWithDisabilities/ROS2/ros2_ws/build/system_launcher -- -j4 -l4
[2.513s] DEBUG:colcon.colcon_core.event_handler.log_command:Invoking command in '/home/raspi/Robots4ChildrenWithDisabilities/ROS2/ros2_ws/build/system_launcher': CMAKE_PREFIX_PATH=${CMAKE_PREFIX_PATH}:/opt/ros/jazzy /usr/bin/cmake --install /home/raspi/Robots4ChildrenWithDisabilities/ROS2/ros2_ws/build/system_launcher
[2.894s] Level 1:colcon.colcon_core.environment:create_environment_scripts_only(system_launcher)
[2.897s] DEBUG:colcon.colcon_core.event_handler.log_command:Invoked command in '/home/raspi/Robots4ChildrenWithDisabilities/ROS2/ros2_ws/build/system_launcher' returned '0': CMAKE_PREFIX_PATH=${CMAKE_PREFIX_PATH}:/opt/ros/jazzy /usr/bin/cmake --install /home/raspi/Robots4ChildrenWithDisabilities/ROS2/ros2_ws/build/system_launcher
[2.899s] Level 1:colcon.colcon_core.environment:checking '/home/raspi/Robots4ChildrenWithDisabilities/ROS2/ros2_ws/install/system_launcher' for CMake module files
[2.900s] Level 1:colcon.colcon_core.environment:checking '/home/raspi/Robots4ChildrenWithDisabilities/ROS2/ros2_ws/install/system_launcher' for CMake config files
[2.901s] Level 1:colcon.colcon_core.shell:create_environment_hook('system_launcher', 'cmake_prefix_path')
[2.901s] INFO:colcon.colcon_core.shell:Creating environment hook '/home/raspi/Robots4ChildrenWithDisabilities/ROS2/ros2_ws/install/system_launcher/share/system_launcher/hook/cmake_prefix_path.ps1'
[2.902s] INFO:colcon.colcon_core.shell:Creating environment descriptor '/home/raspi/Robots4ChildrenWithDisabilities/ROS2/ros2_ws/install/system_launcher/share/system_launcher/hook/cmake_prefix_path.dsv'
[2.903s] INFO:colcon.colcon_core.shell:Creating environment hook '/home/raspi/Robots4ChildrenWithDisabilities/ROS2/ros2_ws/install/system_launcher/share/system_launcher/hook/cmake_prefix_path.sh'
[2.905s] Level 1:colcon.colcon_core.environment:checking '/home/raspi/Robots4ChildrenWithDisabilities/ROS2/ros2_ws/install/system_launcher/bin'
[2.905s] Level 1:colcon.colcon_core.environment:checking '/home/raspi/Robots4ChildrenWithDisabilities/ROS2/ros2_ws/install/system_launcher/lib/pkgconfig/system_launcher.pc'
[2.906s] Level 1:colcon.colcon_core.environment:checking '/home/raspi/Robots4ChildrenWithDisabilities/ROS2/ros2_ws/install/system_launcher/lib/python3.12/site-packages'
[2.907s] Level 1:colcon.colcon_core.environment:checking '/home/raspi/Robots4ChildrenWithDisabilities/ROS2/ros2_ws/install/system_launcher/bin'
[2.907s] INFO:colcon.colcon_core.shell:Creating package script '/home/raspi/Robots4ChildrenWithDisabilities/ROS2/ros2_ws/install/system_launcher/share/system_launcher/package.ps1'
[2.909s] INFO:colcon.colcon_core.shell:Creating package descriptor '/home/raspi/Robots4ChildrenWithDisabilities/ROS2/ros2_ws/install/system_launcher/share/system_launcher/package.dsv'
[2.910s] INFO:colcon.colcon_core.shell:Creating package script '/home/raspi/Robots4ChildrenWithDisabilities/ROS2/ros2_ws/install/system_launcher/share/system_launcher/package.sh'
[2.912s] INFO:colcon.colcon_core.shell:Creating package script '/home/raspi/Robots4ChildrenWithDisabilities/ROS2/ros2_ws/install/system_launcher/share/system_launcher/package.bash'
[2.913s] INFO:colcon.colcon_core.shell:Creating package script '/home/raspi/Robots4ChildrenWithDisabilities/ROS2/ros2_ws/install/system_launcher/share/system_launcher/package.zsh'
[2.915s] Level 1:colcon.colcon_core.environment:create_file_with_runtime_dependencies(/home/raspi/Robots4ChildrenWithDisabilities/ROS2/ros2_ws/install/system_launcher/share/colcon-core/packages/system_launcher)
[2.918s] Level 1:colcon.colcon_core.environment:create_environment_scripts_only(system_launcher)
[2.919s] Level 1:colcon.colcon_core.environment:checking '/home/raspi/Robots4ChildrenWithDisabilities/ROS2/ros2_ws/install/system_launcher' for CMake module files
[2.920s] Level 1:colcon.colcon_core.environment:checking '/home/raspi/Robots4ChildrenWithDisabilities/ROS2/ros2_ws/install/system_launcher' for CMake config files
[2.921s] Level 1:colcon.colcon_core.shell:create_environment_hook('system_launcher', 'cmake_prefix_path')
[2.921s] INFO:colcon.colcon_core.shell:Creating environment hook '/home/raspi/Robots4ChildrenWithDisabilities/ROS2/ros2_ws/install/system_launcher/share/system_launcher/hook/cmake_prefix_path.ps1'
[2.922s] INFO:colcon.colcon_core.shell:Creating environment descriptor '/home/raspi/Robots4ChildrenWithDisabilities/ROS2/ros2_ws/install/system_launcher/share/system_launcher/hook/cmake_prefix_path.dsv'
[2.923s] INFO:colcon.colcon_core.shell:Creating environment hook '/home/raspi/Robots4ChildrenWithDisabilities/ROS2/ros2_ws/install/system_launcher/share/system_launcher/hook/cmake_prefix_path.sh'
[2.925s] Level 1:colcon.colcon_core.environment:checking '/home/raspi/Robots4ChildrenWithDisabilities/ROS2/ros2_ws/install/system_launcher/bin'
[2.925s] Level 1:colcon.colcon_core.environment:checking '/home/raspi/Robots4ChildrenWithDisabilities/ROS2/ros2_ws/install/system_launcher/lib/pkgconfig/system_launcher.pc'
[2.926s] Level 1:colcon.colcon_core.environment:checking '/home/raspi/Robots4ChildrenWithDisabilities/ROS2/ros2_ws/install/system_launcher/lib/python3.12/site-packages'
[2.926s] Level 1:colcon.colcon_core.environment:checking '/home/raspi/Robots4ChildrenWithDisabilities/ROS2/ros2_ws/install/system_launcher/bin'
[2.927s] INFO:colcon.colcon_core.shell:Creating package script '/home/raspi/Robots4ChildrenWithDisabilities/ROS2/ros2_ws/install/system_launcher/share/system_launcher/package.ps1'
[2.928s] INFO:colcon.colcon_core.shell:Creating package descriptor '/home/raspi/Robots4ChildrenWithDisabilities/ROS2/ros2_ws/install/system_launcher/share/system_launcher/package.dsv'
[2.930s] INFO:colcon.colcon_core.shell:Creating package script '/home/raspi/Robots4ChildrenWithDisabilities/ROS2/ros2_ws/install/system_launcher/share/system_launcher/package.sh'
[2.931s] INFO:colcon.colcon_core.shell:Creating package script '/home/raspi/Robots4ChildrenWithDisabilities/ROS2/ros2_ws/install/system_launcher/share/system_launcher/package.bash'
[2.932s] INFO:colcon.colcon_core.shell:Creating package script '/home/raspi/Robots4ChildrenWithDisabilities/ROS2/ros2_ws/install/system_launcher/share/system_launcher/package.zsh'
[2.933s] Level 1:colcon.colcon_core.environment:create_file_with_runtime_dependencies(/home/raspi/Robots4ChildrenWithDisabilities/ROS2/ros2_ws/install/system_launcher/share/colcon-core/packages/system_launcher)
[3.040s] DEBUG:colcon.colcon_core.event_handler.log_command:Invoked command in '/home/raspi/Robots4ChildrenWithDisabilities/ROS2/ros2_ws/build/slam_module' returned '0': CMAKE_PREFIX_PATH=${CMAKE_PREFIX_PATH}:/opt/ros/jazzy /usr/bin/cmake /home/raspi/Robots4ChildrenWithDisabilities/ROS2/ros2_ws/src/slam_module -DAMENT_CMAKE_SYMLINK_INSTALL=1 -DCMAKE_INSTALL_PREFIX=/home/raspi/Robots4ChildrenWithDisabilities/ROS2/ros2_ws/install/slam_module
[3.043s] DEBUG:colcon.colcon_core.event_handler.log_command:Invoking command in '/home/raspi/Robots4ChildrenWithDisabilities/ROS2/ros2_ws/build/slam_module': CMAKE_PREFIX_PATH=${CMAKE_PREFIX_PATH}:/opt/ros/jazzy /usr/bin/cmake --build /home/raspi/Robots4ChildrenWithDisabilities/ROS2/ros2_ws/build/slam_module -- -j4 -l4
[3.092s] DEBUG:colcon.colcon_core.event_handler.log_command:Invoked command in '/home/raspi/Robots4ChildrenWithDisabilities/ROS2/ros2_ws/build/nav_module' returned '0': CMAKE_PREFIX_PATH=${CMAKE_PREFIX_PATH}:/opt/ros/jazzy /usr/bin/cmake /home/raspi/Robots4ChildrenWithDisabilities/ROS2/ros2_ws/src/nav_module -DAMENT_CMAKE_SYMLINK_INSTALL=1 -DCMAKE_INSTALL_PREFIX=/home/raspi/Robots4ChildrenWithDisabilities/ROS2/ros2_ws/install/nav_module
[3.093s] DEBUG:colcon.colcon_core.event_handler.log_command:Invoking command in '/home/raspi/Robots4ChildrenWithDisabilities/ROS2/ros2_ws/build/nav_module': CMAKE_PREFIX_PATH=${CMAKE_PREFIX_PATH}:/opt/ros/jazzy /usr/bin/cmake --build /home/raspi/Robots4ChildrenWithDisabilities/ROS2/ros2_ws/build/nav_module -- -j4 -l4
[3.226s] DEBUG:colcon.colcon_core.event_handler.log_command:Invoked command in '/home/raspi/Robots4ChildrenWithDisabilities/ROS2/ros2_ws/build/sllidar_ros2' returned '0': CMAKE_PREFIX_PATH=${CMAKE_PREFIX_PATH}:/opt/ros/jazzy /usr/bin/cmake /home/raspi/Robots4ChildrenWithDisabilities/ROS2/ros2_ws/src/sllidar_ros2 -DAMENT_CMAKE_SYMLINK_INSTALL=1 -DCMAKE_INSTALL_PREFIX=/home/raspi/Robots4ChildrenWithDisabilities/ROS2/ros2_ws/install/sllidar_ros2
[3.228s] DEBUG:colcon.colcon_core.event_handler.log_command:Invoking command in '/home/raspi/Robots4ChildrenWithDisabilities/ROS2/ros2_ws/build/sllidar_ros2': CMAKE_PREFIX_PATH=${CMAKE_PREFIX_PATH}:/opt/ros/jazzy /usr/bin/cmake --build /home/raspi/Robots4ChildrenWithDisabilities/ROS2/ros2_ws/build/sllidar_ros2 -- -j4 -l4
[8.773s] DEBUG:colcon.colcon_core.event_handler.log_command:Invoked command in '/home/raspi/Robots4ChildrenWithDisabilities/ROS2/ros2_ws/build/nav_module' returned '0': CMAKE_PREFIX_PATH=${CMAKE_PREFIX_PATH}:/opt/ros/jazzy /usr/bin/cmake --build /home/raspi/Robots4ChildrenWithDisabilities/ROS2/ros2_ws/build/nav_module -- -j4 -l4
[8.775s] DEBUG:colcon.colcon_core.event_handler.log_command:Invoking command in '/home/raspi/Robots4ChildrenWithDisabilities/ROS2/ros2_ws/build/nav_module': CMAKE_PREFIX_PATH=${CMAKE_PREFIX_PATH}:/opt/ros/jazzy /usr/bin/cmake --install /home/raspi/Robots4ChildrenWithDisabilities/ROS2/ros2_ws/build/nav_module
[8.875s] DEBUG:colcon.colcon_core.event_handler.log_command:Invoked command in '/home/raspi/Robots4ChildrenWithDisabilities/ROS2/ros2_ws/build/slam_module' returned '0': CMAKE_PREFIX_PATH=${CMAKE_PREFIX_PATH}:/opt/ros/jazzy /usr/bin/cmake --build /home/raspi/Robots4ChildrenWithDisabilities/ROS2/ros2_ws/build/slam_module -- -j4 -l4
[8.878s] DEBUG:colcon.colcon_core.event_handler.log_command:Invoking command in '/home/raspi/Robots4ChildrenWithDisabilities/ROS2/ros2_ws/build/slam_module': CMAKE_PREFIX_PATH=${CMAKE_PREFIX_PATH}:/opt/ros/jazzy /usr/bin/cmake --install /home/raspi/Robots4ChildrenWithDisabilities/ROS2/ros2_ws/build/slam_module
[9.217s] Level 1:colcon.colcon_core.environment:create_environment_scripts_only(nav_module)
[9.218s] Level 1:colcon.colcon_core.environment:checking '/home/raspi/Robots4ChildrenWithDisabilities/ROS2/ros2_ws/install/nav_module' for CMake module files
[9.219s] Level 1:colcon.colcon_core.environment:checking '/home/raspi/Robots4ChildrenWithDisabilities/ROS2/ros2_ws/install/nav_module' for CMake config files
[9.219s] Level 1:colcon.colcon_core.shell:create_environment_hook('nav_module', 'cmake_prefix_path')
[9.219s] INFO:colcon.colcon_core.shell:Creating environment hook '/home/raspi/Robots4ChildrenWithDisabilities/ROS2/ros2_ws/install/nav_module/share/nav_module/hook/cmake_prefix_path.ps1'
[9.220s] DEBUG:colcon.colcon_core.event_handler.log_command:Invoked command in '/home/raspi/Robots4ChildrenWithDisabilities/ROS2/ros2_ws/build/nav_module' returned '0': CMAKE_PREFIX_PATH=${CMAKE_PREFIX_PATH}:/opt/ros/jazzy /usr/bin/cmake --install /home/raspi/Robots4ChildrenWithDisabilities/ROS2/ros2_ws/build/nav_module
[9.221s] INFO:colcon.colcon_core.shell:Creating environment descriptor '/home/raspi/Robots4ChildrenWithDisabilities/ROS2/ros2_ws/install/nav_module/share/nav_module/hook/cmake_prefix_path.dsv'
[9.221s] INFO:colcon.colcon_core.shell:Creating environment hook '/home/raspi/Robots4ChildrenWithDisabilities/ROS2/ros2_ws/install/nav_module/share/nav_module/hook/cmake_prefix_path.sh'
[9.223s] Level 1:colcon.colcon_core.environment:checking '/home/raspi/Robots4ChildrenWithDisabilities/ROS2/ros2_ws/install/nav_module/lib'
[9.223s] Level 1:colcon.colcon_core.environment:checking '/home/raspi/Robots4ChildrenWithDisabilities/ROS2/ros2_ws/install/nav_module/bin'
[9.223s] Level 1:colcon.colcon_core.environment:checking '/home/raspi/Robots4ChildrenWithDisabilities/ROS2/ros2_ws/install/nav_module/lib/pkgconfig/nav_module.pc'
[9.224s] Level 1:colcon.colcon_core.environment:checking '/home/raspi/Robots4ChildrenWithDisabilities/ROS2/ros2_ws/install/nav_module/lib/python3.12/site-packages'
[9.224s] Level 1:colcon.colcon_core.environment:checking '/home/raspi/Robots4ChildrenWithDisabilities/ROS2/ros2_ws/install/nav_module/bin'
[9.225s] INFO:colcon.colcon_core.shell:Creating package script '/home/raspi/Robots4ChildrenWithDisabilities/ROS2/ros2_ws/install/nav_module/share/nav_module/package.ps1'
[9.226s] INFO:colcon.colcon_core.shell:Creating package descriptor '/home/raspi/Robots4ChildrenWithDisabilities/ROS2/ros2_ws/install/nav_module/share/nav_module/package.dsv'
[9.227s] INFO:colcon.colcon_core.shell:Creating package script '/home/raspi/Robots4ChildrenWithDisabilities/ROS2/ros2_ws/install/nav_module/share/nav_module/package.sh'
[9.227s] INFO:colcon.colcon_core.shell:Creating package script '/home/raspi/Robots4ChildrenWithDisabilities/ROS2/ros2_ws/install/nav_module/share/nav_module/package.bash'
[9.228s] INFO:colcon.colcon_core.shell:Creating package script '/home/raspi/Robots4ChildrenWithDisabilities/ROS2/ros2_ws/install/nav_module/share/nav_module/package.zsh'
[9.229s] Level 1:colcon.colcon_core.environment:create_file_with_runtime_dependencies(/home/raspi/Robots4ChildrenWithDisabilities/ROS2/ros2_ws/install/nav_module/share/colcon-core/packages/nav_module)
[9.230s] Level 1:colcon.colcon_core.environment:create_environment_scripts_only(nav_module)
[9.230s] Level 1:colcon.colcon_core.environment:checking '/home/raspi/Robots4ChildrenWithDisabilities/ROS2/ros2_ws/install/nav_module' for CMake module files
[9.231s] Level 1:colcon.colcon_core.environment:checking '/home/raspi/Robots4ChildrenWithDisabilities/ROS2/ros2_ws/install/nav_module' for CMake config files
[9.232s] Level 1:colcon.colcon_core.shell:create_environment_hook('nav_module', 'cmake_prefix_path')
[9.232s] INFO:colcon.colcon_core.shell:Creating environment hook '/home/raspi/Robots4ChildrenWithDisabilities/ROS2/ros2_ws/install/nav_module/share/nav_module/hook/cmake_prefix_path.ps1'
[9.233s] INFO:colcon.colcon_core.shell:Creating environment descriptor '/home/raspi/Robots4ChildrenWithDisabilities/ROS2/ros2_ws/install/nav_module/share/nav_module/hook/cmake_prefix_path.dsv'
[9.234s] INFO:colcon.colcon_core.shell:Creating environment hook '/home/raspi/Robots4ChildrenWithDisabilities/ROS2/ros2_ws/install/nav_module/share/nav_module/hook/cmake_prefix_path.sh'
[9.235s] Level 1:colcon.colcon_core.environment:checking '/home/raspi/Robots4ChildrenWithDisabilities/ROS2/ros2_ws/install/nav_module/lib'
[9.235s] Level 1:colcon.colcon_core.environment:checking '/home/raspi/Robots4ChildrenWithDisabilities/ROS2/ros2_ws/install/nav_module/bin'
[9.235s] Level 1:colcon.colcon_core.environment:checking '/home/raspi/Robots4ChildrenWithDisabilities/ROS2/ros2_ws/install/nav_module/lib/pkgconfig/nav_module.pc'
[9.235s] Level 1:colcon.colcon_core.environment:checking '/home/raspi/Robots4ChildrenWithDisabilities/ROS2/ros2_ws/install/nav_module/lib/python3.12/site-packages'
[9.236s] Level 1:colcon.colcon_core.environment:checking '/home/raspi/Robots4ChildrenWithDisabilities/ROS2/ros2_ws/install/nav_module/bin'
[9.236s] INFO:colcon.colcon_core.shell:Creating package script '/home/raspi/Robots4ChildrenWithDisabilities/ROS2/ros2_ws/install/nav_module/share/nav_module/package.ps1'
[9.237s] INFO:colcon.colcon_core.shell:Creating package descriptor '/home/raspi/Robots4ChildrenWithDisabilities/ROS2/ros2_ws/install/nav_module/share/nav_module/package.dsv'
[9.237s] INFO:colcon.colcon_core.shell:Creating package script '/home/raspi/Robots4ChildrenWithDisabilities/ROS2/ros2_ws/install/nav_module/share/nav_module/package.sh'
[9.238s] INFO:colcon.colcon_core.shell:Creating package script '/home/raspi/Robots4ChildrenWithDisabilities/ROS2/ros2_ws/install/nav_module/share/nav_module/package.bash'
[9.238s] INFO:colcon.colcon_core.shell:Creating package script '/home/raspi/Robots4ChildrenWithDisabilities/ROS2/ros2_ws/install/nav_module/share/nav_module/package.zsh'
[9.239s] Level 1:colcon.colcon_core.environment:create_file_with_runtime_dependencies(/home/raspi/Robots4ChildrenWithDisabilities/ROS2/ros2_ws/install/nav_module/share/colcon-core/packages/nav_module)
[9.240s] Level 1:colcon.colcon_core.environment:create_environment_scripts_only(slam_module)
[9.241s] Level 1:colcon.colcon_core.environment:checking '/home/raspi/Robots4ChildrenWithDisabilities/ROS2/ros2_ws/install/slam_module' for CMake module files
[9.241s] DEBUG:colcon.colcon_core.event_handler.log_command:Invoked command in '/home/raspi/Robots4ChildrenWithDisabilities/ROS2/ros2_ws/build/slam_module' returned '0': CMAKE_PREFIX_PATH=${CMAKE_PREFIX_PATH}:/opt/ros/jazzy /usr/bin/cmake --install /home/raspi/Robots4ChildrenWithDisabilities/ROS2/ros2_ws/build/slam_module
[9.242s] Level 1:colcon.colcon_core.environment:checking '/home/raspi/Robots4ChildrenWithDisabilities/ROS2/ros2_ws/install/slam_module' for CMake config files
[9.242s] Level 1:colcon.colcon_core.shell:create_environment_hook('slam_module', 'cmake_prefix_path')
[9.243s] INFO:colcon.colcon_core.shell:Creating environment hook '/home/raspi/Robots4ChildrenWithDisabilities/ROS2/ros2_ws/install/slam_module/share/slam_module/hook/cmake_prefix_path.ps1'
[9.243s] INFO:colcon.colcon_core.shell:Creating environment descriptor '/home/raspi/Robots4ChildrenWithDisabilities/ROS2/ros2_ws/install/slam_module/share/slam_module/hook/cmake_prefix_path.dsv'
[9.244s] INFO:colcon.colcon_core.shell:Creating environment hook '/home/raspi/Robots4ChildrenWithDisabilities/ROS2/ros2_ws/install/slam_module/share/slam_module/hook/cmake_prefix_path.sh'
[9.245s] Level 1:colcon.colcon_core.environment:checking '/home/raspi/Robots4ChildrenWithDisabilities/ROS2/ros2_ws/install/slam_module/lib'
[9.245s] Level 1:colcon.colcon_core.environment:checking '/home/raspi/Robots4ChildrenWithDisabilities/ROS2/ros2_ws/install/slam_module/bin'
[9.245s] Level 1:colcon.colcon_core.environment:checking '/home/raspi/Robots4ChildrenWithDisabilities/ROS2/ros2_ws/install/slam_module/lib/pkgconfig/slam_module.pc'
[9.245s] Level 1:colcon.colcon_core.environment:checking '/home/raspi/Robots4ChildrenWithDisabilities/ROS2/ros2_ws/install/slam_module/lib/python3.12/site-packages'
[9.245s] Level 1:colcon.colcon_core.environment:checking '/home/raspi/Robots4ChildrenWithDisabilities/ROS2/ros2_ws/install/slam_module/bin'
[9.246s] INFO:colcon.colcon_core.shell:Creating package script '/home/raspi/Robots4ChildrenWithDisabilities/ROS2/ros2_ws/install/slam_module/share/slam_module/package.ps1'
[9.247s] INFO:colcon.colcon_core.shell:Creating package descriptor '/home/raspi/Robots4ChildrenWithDisabilities/ROS2/ros2_ws/install/slam_module/share/slam_module/package.dsv'
[9.247s] INFO:colcon.colcon_core.shell:Creating package script '/home/raspi/Robots4ChildrenWithDisabilities/ROS2/ros2_ws/install/slam_module/share/slam_module/package.sh'
[9.248s] INFO:colcon.colcon_core.shell:Creating package script '/home/raspi/Robots4ChildrenWithDisabilities/ROS2/ros2_ws/install/slam_module/share/slam_module/package.bash'
[9.248s] INFO:colcon.colcon_core.shell:Creating package script '/home/raspi/Robots4ChildrenWithDisabilities/ROS2/ros2_ws/install/slam_module/share/slam_module/package.zsh'
[9.249s] Level 1:colcon.colcon_core.environment:create_file_with_runtime_dependencies(/home/raspi/Robots4ChildrenWithDisabilities/ROS2/ros2_ws/install/slam_module/share/colcon-core/packages/slam_module)
[9.250s] Level 1:colcon.colcon_core.environment:create_environment_scripts_only(slam_module)
[9.250s] Level 1:colcon.colcon_core.environment:checking '/home/raspi/Robots4ChildrenWithDisabilities/ROS2/ros2_ws/install/slam_module' for CMake module files
[9.251s] Level 1:colcon.colcon_core.environment:checking '/home/raspi/Robots4ChildrenWithDisabilities/ROS2/ros2_ws/install/slam_module' for CMake config files
[9.251s] Level 1:colcon.colcon_core.shell:create_environment_hook('slam_module', 'cmake_prefix_path')
[9.251s] INFO:colcon.colcon_core.shell:Creating environment hook '/home/raspi/Robots4ChildrenWithDisabilities/ROS2/ros2_ws/install/slam_module/share/slam_module/hook/cmake_prefix_path.ps1'
[9.252s] INFO:colcon.colcon_core.shell:Creating environment descriptor '/home/raspi/Robots4ChildrenWithDisabilities/ROS2/ros2_ws/install/slam_module/share/slam_module/hook/cmake_prefix_path.dsv'
[9.252s] INFO:colcon.colcon_core.shell:Creating environment hook '/home/raspi/Robots4ChildrenWithDisabilities/ROS2/ros2_ws/install/slam_module/share/slam_module/hook/cmake_prefix_path.sh'
[9.253s] Level 1:colcon.colcon_core.environment:checking '/home/raspi/Robots4ChildrenWithDisabilities/ROS2/ros2_ws/install/slam_module/lib'
[9.253s] Level 1:colcon.colcon_core.environment:checking '/home/raspi/Robots4ChildrenWithDisabilities/ROS2/ros2_ws/install/slam_module/bin'
[9.253s] Level 1:colcon.colcon_core.environment:checking '/home/raspi/Robots4ChildrenWithDisabilities/ROS2/ros2_ws/install/slam_module/lib/pkgconfig/slam_module.pc'
[9.254s] Level 1:colcon.colcon_core.environment:checking '/home/raspi/Robots4ChildrenWithDisabilities/ROS2/ros2_ws/install/slam_module/lib/python3.12/site-packages'
[9.254s] Level 1:colcon.colcon_core.environment:checking '/home/raspi/Robots4ChildrenWithDisabilities/ROS2/ros2_ws/install/slam_module/bin'
[9.254s] INFO:colcon.colcon_core.shell:Creating package script '/home/raspi/Robots4ChildrenWithDisabilities/ROS2/ros2_ws/install/slam_module/share/slam_module/package.ps1'
[9.255s] INFO:colcon.colcon_core.shell:Creating package descriptor '/home/raspi/Robots4ChildrenWithDisabilities/ROS2/ros2_ws/install/slam_module/share/slam_module/package.dsv'
[9.255s] INFO:colcon.colcon_core.shell:Creating package script '/home/raspi/Robots4ChildrenWithDisabilities/ROS2/ros2_ws/install/slam_module/share/slam_module/package.sh'
[9.256s] INFO:colcon.colcon_core.shell:Creating package script '/home/raspi/Robots4ChildrenWithDisabilities/ROS2/ros2_ws/install/slam_module/share/slam_module/package.bash'
[9.257s] INFO:colcon.colcon_core.shell:Creating package script '/home/raspi/Robots4ChildrenWithDisabilities/ROS2/ros2_ws/install/slam_module/share/slam_module/package.zsh'
[9.257s] Level 1:colcon.colcon_core.environment:create_file_with_runtime_dependencies(/home/raspi/Robots4ChildrenWithDisabilities/ROS2/ros2_ws/install/slam_module/share/colcon-core/packages/slam_module)
[36.910s] DEBUG:colcon.colcon_core.event_handler.log_command:Invoked command in '/home/raspi/Robots4ChildrenWithDisabilities/ROS2/ros2_ws/build/sllidar_ros2' returned '0': CMAKE_PREFIX_PATH=${CMAKE_PREFIX_PATH}:/opt/ros/jazzy /usr/bin/cmake --build /home/raspi/Robots4ChildrenWithDisabilities/ROS2/ros2_ws/build/sllidar_ros2 -- -j4 -l4
[36.912s] DEBUG:colcon.colcon_core.event_handler.log_command:Invoking command in '/home/raspi/Robots4ChildrenWithDisabilities/ROS2/ros2_ws/build/sllidar_ros2': CMAKE_PREFIX_PATH=${CMAKE_PREFIX_PATH}:/opt/ros/jazzy /usr/bin/cmake --install /home/raspi/Robots4ChildrenWithDisabilities/ROS2/ros2_ws/build/sllidar_ros2
[37.637s] Level 1:colcon.colcon_core.environment:create_environment_scripts_only(sllidar_ros2)
[37.637s] Level 1:colcon.colcon_core.environment:checking '/home/raspi/Robots4ChildrenWithDisabilities/ROS2/ros2_ws/install/sllidar_ros2' for CMake module files
[37.638s] DEBUG:colcon.colcon_core.event_handler.log_command:Invoked command in '/home/raspi/Robots4ChildrenWithDisabilities/ROS2/ros2_ws/build/sllidar_ros2' returned '0': CMAKE_PREFIX_PATH=${CMAKE_PREFIX_PATH}:/opt/ros/jazzy /usr/bin/cmake --install /home/raspi/Robots4ChildrenWithDisabilities/ROS2/ros2_ws/build/sllidar_ros2
[37.638s] Level 1:colcon.colcon_core.environment:checking '/home/raspi/Robots4ChildrenWithDisabilities/ROS2/ros2_ws/install/sllidar_ros2' for CMake config files
[37.639s] Level 1:colcon.colcon_core.shell:create_environment_hook('sllidar_ros2', 'cmake_prefix_path')
[37.639s] INFO:colcon.colcon_core.shell:Creating environment hook '/home/raspi/Robots4ChildrenWithDisabilities/ROS2/ros2_ws/install/sllidar_ros2/share/sllidar_ros2/hook/cmake_prefix_path.ps1'
[37.640s] INFO:colcon.colcon_core.shell:Creating environment descriptor '/home/raspi/Robots4ChildrenWithDisabilities/ROS2/ros2_ws/install/sllidar_ros2/share/sllidar_ros2/hook/cmake_prefix_path.dsv'
[37.640s] INFO:colcon.colcon_core.shell:Creating environment hook '/home/raspi/Robots4ChildrenWithDisabilities/ROS2/ros2_ws/install/sllidar_ros2/share/sllidar_ros2/hook/cmake_prefix_path.sh'
[37.641s] Level 1:colcon.colcon_core.environment:checking '/home/raspi/Robots4ChildrenWithDisabilities/ROS2/ros2_ws/install/sllidar_ros2/lib'
[37.641s] Level 1:colcon.colcon_core.environment:checking '/home/raspi/Robots4ChildrenWithDisabilities/ROS2/ros2_ws/install/sllidar_ros2/bin'
[37.641s] Level 1:colcon.colcon_core.environment:checking '/home/raspi/Robots4ChildrenWithDisabilities/ROS2/ros2_ws/install/sllidar_ros2/lib/pkgconfig/sllidar_ros2.pc'
[37.642s] Level 1:colcon.colcon_core.environment:checking '/home/raspi/Robots4ChildrenWithDisabilities/ROS2/ros2_ws/install/sllidar_ros2/lib/python3.12/site-packages'
[37.642s] Level 1:colcon.colcon_core.environment:checking '/home/raspi/Robots4ChildrenWithDisabilities/ROS2/ros2_ws/install/sllidar_ros2/bin'
[37.642s] INFO:colcon.colcon_core.shell:Creating package script '/home/raspi/Robots4ChildrenWithDisabilities/ROS2/ros2_ws/install/sllidar_ros2/share/sllidar_ros2/package.ps1'
[37.643s] INFO:colcon.colcon_core.shell:Creating package descriptor '/home/raspi/Robots4ChildrenWithDisabilities/ROS2/ros2_ws/install/sllidar_ros2/share/sllidar_ros2/package.dsv'
[37.643s] INFO:colcon.colcon_core.shell:Creating package script '/home/raspi/Robots4ChildrenWithDisabilities/ROS2/ros2_ws/install/sllidar_ros2/share/sllidar_ros2/package.sh'
[37.644s] INFO:colcon.colcon_core.shell:Creating package script '/home/raspi/Robots4ChildrenWithDisabilities/ROS2/ros2_ws/install/sllidar_ros2/share/sllidar_ros2/package.bash'
[37.644s] INFO:colcon.colcon_core.shell:Creating package script '/home/raspi/Robots4ChildrenWithDisabilities/ROS2/ros2_ws/install/sllidar_ros2/share/sllidar_ros2/package.zsh'
[37.645s] Level 1:colcon.colcon_core.environment:create_file_with_runtime_dependencies(/home/raspi/Robots4ChildrenWithDisabilities/ROS2/ros2_ws/install/sllidar_ros2/share/colcon-core/packages/sllidar_ros2)
[37.645s] Level 1:colcon.colcon_core.environment:create_environment_scripts_only(sllidar_ros2)
[37.646s] Level 1:colcon.colcon_core.environment:checking '/home/raspi/Robots4ChildrenWithDisabilities/ROS2/ros2_ws/install/sllidar_ros2' for CMake module files
[37.646s] Level 1:colcon.colcon_core.environment:checking '/home/raspi/Robots4ChildrenWithDisabilities/ROS2/ros2_ws/install/sllidar_ros2' for CMake config files
[37.647s] Level 1:colcon.colcon_core.shell:create_environment_hook('sllidar_ros2', 'cmake_prefix_path')
[37.647s] INFO:colcon.colcon_core.shell:Creating environment hook '/home/raspi/Robots4ChildrenWithDisabilities/ROS2/ros2_ws/install/sllidar_ros2/share/sllidar_ros2/hook/cmake_prefix_path.ps1'
[37.648s] INFO:colcon.colcon_core.shell:Creating environment descriptor '/home/raspi/Robots4ChildrenWithDisabilities/ROS2/ros2_ws/install/sllidar_ros2/share/sllidar_ros2/hook/cmake_prefix_path.dsv'
[37.650s] INFO:colcon.colcon_core.shell:Creating environment hook '/home/raspi/Robots4ChildrenWithDisabilities/ROS2/ros2_ws/install/sllidar_ros2/share/sllidar_ros2/hook/cmake_prefix_path.sh'
[37.651s] Level 1:colcon.colcon_core.environment:checking '/home/raspi/Robots4ChildrenWithDisabilities/ROS2/ros2_ws/install/sllidar_ros2/lib'
[37.651s] Level 1:colcon.colcon_core.environment:checking '/home/raspi/Robots4ChildrenWithDisabilities/ROS2/ros2_ws/install/sllidar_ros2/bin'
[37.651s] Level 1:colcon.colcon_core.environment:checking '/home/raspi/Robots4ChildrenWithDisabilities/ROS2/ros2_ws/install/sllidar_ros2/lib/pkgconfig/sllidar_ros2.pc'
[37.651s] Level 1:colcon.colcon_core.environment:checking '/home/raspi/Robots4ChildrenWithDisabilities/ROS2/ros2_ws/install/sllidar_ros2/lib/python3.12/site-packages'
[37.652s] Level 1:colcon.colcon_core.environment:checking '/home/raspi/Robots4ChildrenWithDisabilities/ROS2/ros2_ws/install/sllidar_ros2/bin'
[37.652s] INFO:colcon.colcon_core.shell:Creating package script '/home/raspi/Robots4ChildrenWithDisabilities/ROS2/ros2_ws/install/sllidar_ros2/share/sllidar_ros2/package.ps1'
[37.653s] INFO:colcon.colcon_core.shell:Creating package descriptor '/home/raspi/Robots4ChildrenWithDisabilities/ROS2/ros2_ws/install/sllidar_ros2/share/sllidar_ros2/package.dsv'
[37.653s] INFO:colcon.colcon_core.shell:Creating package script '/home/raspi/Robots4ChildrenWithDisabilities/ROS2/ros2_ws/install/sllidar_ros2/share/sllidar_ros2/package.sh'
[37.654s] INFO:colcon.colcon_core.shell:Creating package script '/home/raspi/Robots4ChildrenWithDisabilities/ROS2/ros2_ws/install/sllidar_ros2/share/sllidar_ros2/package.bash'
[37.654s] INFO:colcon.colcon_core.shell:Creating package script '/home/raspi/Robots4ChildrenWithDisabilities/ROS2/ros2_ws/install/sllidar_ros2/share/sllidar_ros2/package.zsh'
[37.654s] Level 1:colcon.colcon_core.environment:create_file_with_runtime_dependencies(/home/raspi/Robots4ChildrenWithDisabilities/ROS2/ros2_ws/install/sllidar_ros2/share/colcon-core/packages/sllidar_ros2)
[37.655s] DEBUG:colcon.colcon_parallel_executor.executor.parallel:closing loop
[37.656s] DEBUG:colcon.colcon_parallel_executor.executor.parallel:loop closed
[37.656s] DEBUG:colcon.colcon_parallel_executor.executor.parallel:run_until_complete finished with '0'
[37.656s] DEBUG:colcon.colcon_core.event_reactor:joining thread
[37.666s] INFO:colcon.colcon_core.plugin_system:Skipping extension 'colcon_notification.desktop_notification.notify_send': Could not find 'notify-send'
[37.666s] INFO:colcon.colcon_core.plugin_system:Skipping extension 'colcon_notification.desktop_notification.terminal_notifier': Not used on non-Darwin systems
[37.667s] INFO:colcon.colcon_core.plugin_system:Skipping extension 'colcon_notification.desktop_notification.win32': Not used on non-Windows systems
[37.667s] INFO:colcon.colcon_notification.desktop_notification:Sending desktop notification using 'notify2'
[37.668s] DEBUG:colcon.colcon_notification.desktop_notification.notify2:Failed to initialize notify2: org.freedesktop.DBus.Error.ServiceUnknown: The name org.freedesktop.Notifications was not provided by any .service files
[37.669s] DEBUG:colcon.colcon_core.event_reactor:joined thread
[37.669s] INFO:colcon.colcon_core.shell:Creating prefix script '/home/raspi/Robots4ChildrenWithDisabilities/ROS2/ros2_ws/install/local_setup.ps1'
[37.670s] INFO:colcon.colcon_core.shell:Creating prefix util module '/home/raspi/Robots4ChildrenWithDisabilities/ROS2/ros2_ws/install/_local_setup_util_ps1.py'
[37.672s] INFO:colcon.colcon_core.shell:Creating prefix chain script '/home/raspi/Robots4ChildrenWithDisabilities/ROS2/ros2_ws/install/setup.ps1'
[37.674s] INFO:colcon.colcon_core.shell:Creating prefix script '/home/raspi/Robots4ChildrenWithDisabilities/ROS2/ros2_ws/install/local_setup.sh'
[37.674s] INFO:colcon.colcon_core.shell:Creating prefix util module '/home/raspi/Robots4ChildrenWithDisabilities/ROS2/ros2_ws/install/_local_setup_util_sh.py'
[37.675s] INFO:colcon.colcon_core.shell:Creating prefix chain script '/home/raspi/Robots4ChildrenWithDisabilities/ROS2/ros2_ws/install/setup.sh'
[37.677s] INFO:colcon.colcon_core.shell:Creating prefix script '/home/raspi/Robots4ChildrenWithDisabilities/ROS2/ros2_ws/install/local_setup.bash'
[37.678s] INFO:colcon.colcon_core.shell:Creating prefix chain script '/home/raspi/Robots4ChildrenWithDisabilities/ROS2/ros2_ws/install/setup.bash'
[37.679s] INFO:colcon.colcon_core.shell:Creating prefix script '/home/raspi/Robots4ChildrenWithDisabilities/ROS2/ros2_ws/install/local_setup.zsh'
[37.680s] INFO:colcon.colcon_core.shell:Creating prefix chain script '/home/raspi/Robots4ChildrenWithDisabilities/ROS2/ros2_ws/install/setup.zsh'
