-- The C compiler identification is GNU 13.3.0
-- The CXX compiler identification is GNU 13.3.0
-- Detecting C compiler ABI info
-- Detecting C compiler ABI info - done
-- Check for working C compiler: /usr/bin/cc - skipped
-- Detecting C compile features
-- Detecting C compile features - done
-- Detecting CXX compiler ABI info
-- Detecting CXX compiler ABI info - done
-- Check for working CXX compiler: /usr/bin/c++ - skipped
-- Detecting CXX compile features
-- Detecting CXX compile features - done
-- Found ament_cmake: 2.5.4 (/opt/ros/jazzy/share/ament_cmake/cmake)
-- Found Python3: /usr/bin/python3 (found version "3.12.3") found components: Interpreter 
-- Found rclcpp: 28.1.9 (/opt/ros/jazzy/share/rclcpp/cmake)
-- Found rosidl_generator_c: 4.6.5 (/opt/ros/jazzy/share/rosidl_generator_c/cmake)
-- Found rosidl_generator_cpp: 4.6.5 (/opt/ros/jazzy/share/rosidl_generator_cpp/cmake)
-- Using all available rosidl_typesupport_c: rosidl_typesupport_fastrtps_c;rosidl_typesupport_introspection_c
-- Using all available rosidl_typesupport_cpp: rosidl_typesupport_fastrtps_cpp;rosidl_typesupport_introspection_cpp
-- Found rmw_implementation_cmake: 7.3.2 (/opt/ros/jazzy/share/rmw_implementation_cmake/cmake)
-- Found rmw_fastrtps_cpp: 8.4.2 (/opt/ros/jazzy/share/rmw_fastrtps_cpp/cmake)
-- Found OpenSSL: /usr/lib/aarch64-linux-gnu/libcrypto.so (found version "3.0.13")  
-- Found FastRTPS: /opt/ros/jazzy/include (Required is at least version "2.13") 
-- Using RMW implementation 'rmw_fastrtps_cpp' as default
-- Configuring done (3.3s)
-- Generating done (0.0s)
[33mCMake Warning:
  Manually-specified variables were not used by the project:

    CATKIN_INSTALL_INTO_PREFIX_ROOT

[0m
-- Build files have been written to: /home/raspi/Robots4ChildrenWithDisabilities/ROS2/catkin_ws/build/nav_module
[ 50%] [32mBuilding CXX object CMakeFiles/navigator_node.dir/src/navigator_node.cpp.o[0m
[100%] [32m[1mLinking CXX executable navigator_node[0m
[100%] Built target navigator_node
-- Install configuration: ""
-- Installing: /home/raspi/Robots4ChildrenWithDisabilities/ROS2/catkin_ws/install/nav_module/lib/nav_module/navigator_node
-- Set non-toolchain portion of runtime path of "/home/raspi/Robots4ChildrenWithDisabilities/ROS2/catkin_ws/install/nav_module/lib/nav_module/navigator_node" to ""
-- Installing: /home/raspi/Robots4ChildrenWithDisabilities/ROS2/catkin_ws/install/nav_module/share/nav_module/launch
-- Installing: /home/raspi/Robots4ChildrenWithDisabilities/ROS2/catkin_ws/install/nav_module/share/nav_module/launch/navigation.launch.py
-- Installing: /home/raspi/Robots4ChildrenWithDisabilities/ROS2/catkin_ws/install/nav_module/share/nav_module/config
-- Installing: /home/raspi/Robots4ChildrenWithDisabilities/ROS2/catkin_ws/install/nav_module/share/nav_module/config/global_costmap.yaml
-- Installing: /home/raspi/Robots4ChildrenWithDisabilities/ROS2/catkin_ws/install/nav_module/share/nav_module/config/amcl.yaml
-- Installing: /home/raspi/Robots4ChildrenWithDisabilities/ROS2/catkin_ws/install/nav_module/share/nav_module/config/local_costmap.yaml
-- Installing: /home/raspi/Robots4ChildrenWithDisabilities/ROS2/catkin_ws/install/nav_module/share/nav_module/config/costmap_common.yaml
-- Installing: /home/raspi/Robots4ChildrenWithDisabilities/ROS2/catkin_ws/install/nav_module/share/nav_module/config/move_base.yaml
-- Installing: /home/raspi/Robots4ChildrenWithDisabilities/ROS2/catkin_ws/install/nav_module/share/ament_index/resource_index/package_run_dependencies/nav_module
-- Installing: /home/raspi/Robots4ChildrenWithDisabilities/ROS2/catkin_ws/install/nav_module/share/ament_index/resource_index/parent_prefix_path/nav_module
-- Installing: /home/raspi/Robots4ChildrenWithDisabilities/ROS2/catkin_ws/install/nav_module/share/nav_module/environment/ament_prefix_path.sh
-- Installing: /home/raspi/Robots4ChildrenWithDisabilities/ROS2/catkin_ws/install/nav_module/share/nav_module/environment/ament_prefix_path.dsv
-- Installing: /home/raspi/Robots4ChildrenWithDisabilities/ROS2/catkin_ws/install/nav_module/share/nav_module/environment/path.sh
-- Installing: /home/raspi/Robots4ChildrenWithDisabilities/ROS2/catkin_ws/install/nav_module/share/nav_module/environment/path.dsv
-- Installing: /home/raspi/Robots4ChildrenWithDisabilities/ROS2/catkin_ws/install/nav_module/share/nav_module/local_setup.bash
-- Installing: /home/raspi/Robots4ChildrenWithDisabilities/ROS2/catkin_ws/install/nav_module/share/nav_module/local_setup.sh
-- Installing: /home/raspi/Robots4ChildrenWithDisabilities/ROS2/catkin_ws/install/nav_module/share/nav_module/local_setup.zsh
-- Installing: /home/raspi/Robots4ChildrenWithDisabilities/ROS2/catkin_ws/install/nav_module/share/nav_module/local_setup.dsv
-- Installing: /home/raspi/Robots4ChildrenWithDisabilities/ROS2/catkin_ws/install/nav_module/share/nav_module/package.dsv
-- Installing: /home/raspi/Robots4ChildrenWithDisabilities/ROS2/catkin_ws/install/nav_module/share/ament_index/resource_index/packages/nav_module
-- Installing: /home/raspi/Robots4ChildrenWithDisabilities/ROS2/catkin_ws/install/nav_module/share/nav_module/cmake/nav_moduleConfig.cmake
-- Installing: /home/raspi/Robots4ChildrenWithDisabilities/ROS2/catkin_ws/install/nav_module/share/nav_module/cmake/nav_moduleConfig-version.cmake
-- Installing: /home/raspi/Robots4ChildrenWithDisabilities/ROS2/catkin_ws/install/nav_module/share/nav_module/package.xml
