[0.021s] Invoking command in '/home/raspi/Robots4ChildrenWithDisabilities/ROS2/catkin_ws/build/slam_module': /usr/bin/cmake /home/raspi/Robots4ChildrenWithDisabilities/ROS2/catkin_ws/src/slam_module -DCATKIN_INSTALL_INTO_PREFIX_ROOT=0 -DCMAKE_INSTALL_PREFIX=/home/raspi/Robots4ChildrenWithDisabilities/ROS2/catkin_ws/install/slam_module
[0.496s] -- The C compiler identification is GNU 13.3.0
[0.868s] -- The CXX compiler identification is GNU 13.3.0
[0.917s] -- Detecting C compiler ABI info
[1.190s] -- Detecting C compiler ABI info - done
[1.203s] -- Check for working C compiler: /usr/bin/cc - skipped
[1.210s] -- Detecting C compile features
[1.212s] -- Detecting C compile features - done
[1.232s] -- Detecting CXX compiler ABI info
[1.537s] -- Detecting CXX compiler ABI info - done
[1.574s] -- Check for working CXX compiler: /usr/bin/c++ - skipped
[1.575s] -- Detecting CXX compile features
[1.577s] -- Detecting CXX compile features - done
[1.581s] -- Found ament_cmake: 2.5.4 (/opt/ros/jazzy/share/ament_cmake/cmake)
[2.007s] -- Found Python3: /usr/bin/python3 (found version "3.12.3") found components: Interpreter 
[2.304s] -- Found rclcpp: 28.1.9 (/opt/ros/jazzy/share/rclcpp/cmake)
[2.389s] -- Found rosidl_generator_c: 4.6.5 (/opt/ros/jazzy/share/rosidl_generator_c/cmake)
[2.415s] -- Found rosidl_generator_cpp: 4.6.5 (/opt/ros/jazzy/share/rosidl_generator_cpp/cmake)
[2.454s] -- Using all available rosidl_typesupport_c: rosidl_typesupport_fastrtps_c;rosidl_typesupport_introspection_c
[2.501s] -- Using all available rosidl_typesupport_cpp: rosidl_typesupport_fastrtps_cpp;rosidl_typesupport_introspection_cpp
[2.688s] -- Found rmw_implementation_cmake: 7.3.2 (/opt/ros/jazzy/share/rmw_implementation_cmake/cmake)
[2.696s] -- Found rmw_fastrtps_cpp: 8.4.2 (/opt/ros/jazzy/share/rmw_fastrtps_cpp/cmake)
[2.871s] -- Found OpenSSL: /usr/lib/aarch64-linux-gnu/libcrypto.so (found version "3.0.13")  
[2.899s] -- Found FastRTPS: /opt/ros/jazzy/include (Required is at least version "2.13") 
[2.938s] -- Using RMW implementation 'rmw_fastrtps_cpp' as default
[3.315s] -- Configuring done (3.3s)
[3.337s] -- Generating done (0.0s)
[3.340s] [33mCMake Warning:
[3.340s]   Manually-specified variables were not used by the project:
[3.340s] 
[3.341s]     CATKIN_INSTALL_INTO_PREFIX_ROOT
[3.341s] 
[3.341s] [0m
[3.351s] -- Build files have been written to: /home/raspi/Robots4ChildrenWithDisabilities/ROS2/catkin_ws/build/slam_module
[3.392s] Invoked command in '/home/raspi/Robots4ChildrenWithDisabilities/ROS2/catkin_ws/build/slam_module' returned '0': /usr/bin/cmake /home/raspi/Robots4ChildrenWithDisabilities/ROS2/catkin_ws/src/slam_module -DCATKIN_INSTALL_INTO_PREFIX_ROOT=0 -DCMAKE_INSTALL_PREFIX=/home/raspi/Robots4ChildrenWithDisabilities/ROS2/catkin_ws/install/slam_module
[3.395s] Invoking command in '/home/raspi/Robots4ChildrenWithDisabilities/ROS2/catkin_ws/build/slam_module': /usr/bin/cmake --build /home/raspi/Robots4ChildrenWithDisabilities/ROS2/catkin_ws/build/slam_module -- -j4 -l4
[3.497s] [ 50%] [32mBuilding CXX object CMakeFiles/slam_node.dir/src/slam_node.cpp.o[0m
[9.432s] [100%] [32m[1mLinking CXX executable slam_node[0m
[9.974s] [100%] Built target slam_node
[10.001s] Invoked command in '/home/raspi/Robots4ChildrenWithDisabilities/ROS2/catkin_ws/build/slam_module' returned '0': /usr/bin/cmake --build /home/raspi/Robots4ChildrenWithDisabilities/ROS2/catkin_ws/build/slam_module -- -j4 -l4
[10.002s] Invoking command in '/home/raspi/Robots4ChildrenWithDisabilities/ROS2/catkin_ws/build/slam_module': /usr/bin/cmake --install /home/raspi/Robots4ChildrenWithDisabilities/ROS2/catkin_ws/build/slam_module
[10.019s] -- Install configuration: ""
[10.020s] -- Installing: /home/raspi/Robots4ChildrenWithDisabilities/ROS2/catkin_ws/install/slam_module/lib/slam_module/slam_node
[10.021s] -- Set non-toolchain portion of runtime path of "/home/raspi/Robots4ChildrenWithDisabilities/ROS2/catkin_ws/install/slam_module/lib/slam_module/slam_node" to ""
[10.021s] -- Installing: /home/raspi/Robots4ChildrenWithDisabilities/ROS2/catkin_ws/install/slam_module/share/slam_module/launch
[10.021s] -- Installing: /home/raspi/Robots4ChildrenWithDisabilities/ROS2/catkin_ws/install/slam_module/share/slam_module/launch/slam.launch.py
[10.023s] -- Installing: /home/raspi/Robots4ChildrenWithDisabilities/ROS2/catkin_ws/install/slam_module/share/slam_module/config
[10.023s] -- Installing: /home/raspi/Robots4ChildrenWithDisabilities/ROS2/catkin_ws/install/slam_module/share/slam_module/config/gmapping_params.yaml
[10.024s] -- Installing: /home/raspi/Robots4ChildrenWithDisabilities/ROS2/catkin_ws/install/slam_module/share/ament_index/resource_index/package_run_dependencies/slam_module
[10.024s] -- Installing: /home/raspi/Robots4ChildrenWithDisabilities/ROS2/catkin_ws/install/slam_module/share/ament_index/resource_index/parent_prefix_path/slam_module
[10.024s] -- Installing: /home/raspi/Robots4ChildrenWithDisabilities/ROS2/catkin_ws/install/slam_module/share/slam_module/environment/ament_prefix_path.sh
[10.024s] -- Installing: /home/raspi/Robots4ChildrenWithDisabilities/ROS2/catkin_ws/install/slam_module/share/slam_module/environment/ament_prefix_path.dsv
[10.024s] -- Installing: /home/raspi/Robots4ChildrenWithDisabilities/ROS2/catkin_ws/install/slam_module/share/slam_module/environment/path.sh
[10.024s] -- Installing: /home/raspi/Robots4ChildrenWithDisabilities/ROS2/catkin_ws/install/slam_module/share/slam_module/environment/path.dsv
[10.024s] -- Installing: /home/raspi/Robots4ChildrenWithDisabilities/ROS2/catkin_ws/install/slam_module/share/slam_module/local_setup.bash
[10.024s] -- Installing: /home/raspi/Robots4ChildrenWithDisabilities/ROS2/catkin_ws/install/slam_module/share/slam_module/local_setup.sh
[10.025s] -- Installing: /home/raspi/Robots4ChildrenWithDisabilities/ROS2/catkin_ws/install/slam_module/share/slam_module/local_setup.zsh
[10.025s] -- Installing: /home/raspi/Robots4ChildrenWithDisabilities/ROS2/catkin_ws/install/slam_module/share/slam_module/local_setup.dsv
[10.025s] -- Installing: /home/raspi/Robots4ChildrenWithDisabilities/ROS2/catkin_ws/install/slam_module/share/slam_module/package.dsv
[10.025s] -- Installing: /home/raspi/Robots4ChildrenWithDisabilities/ROS2/catkin_ws/install/slam_module/share/ament_index/resource_index/packages/slam_module
[10.025s] -- Installing: /home/raspi/Robots4ChildrenWithDisabilities/ROS2/catkin_ws/install/slam_module/share/slam_module/cmake/slam_moduleConfig.cmake
[10.026s] -- Installing: /home/raspi/Robots4ChildrenWithDisabilities/ROS2/catkin_ws/install/slam_module/share/slam_module/cmake/slam_moduleConfig-version.cmake
[10.027s] -- Installing: /home/raspi/Robots4ChildrenWithDisabilities/ROS2/catkin_ws/install/slam_module/share/slam_module/package.xml
[10.059s] Invoked command in '/home/raspi/Robots4ChildrenWithDisabilities/ROS2/catkin_ws/build/slam_module' returned '0': /usr/bin/cmake --install /home/raspi/Robots4ChildrenWithDisabilities/ROS2/catkin_ws/build/slam_module
