[0.022s] Invoking command in '/home/raspi/Robots4ChildrenWithDisabilities/ROS2/catkin_ws/build/rplidar_ros2': /usr/bin/cmake /home/raspi/Robots4ChildrenWithDisabilities/ROS2/catkin_ws/src/rplidar_ros2 -DCATKIN_INSTALL_INTO_PREFIX_ROOT=0 -DCMAKE_INSTALL_PREFIX=/home/raspi/Robots4ChildrenWithDisabilities/ROS2/catkin_ws/install/rplidar_ros2
[0.493s] -- The C compiler identification is GNU 13.3.0
[0.884s] -- The CXX compiler identification is GNU 13.3.0
[0.921s] -- Detecting C compiler ABI info
[1.209s] -- Detecting C compiler ABI info - done
[1.234s] -- Check for working C compiler: /usr/bin/cc - skipped
[1.234s] -- Detecting C compile features
[1.234s] -- Detecting C compile features - done
[1.255s] -- Detecting CXX compiler ABI info
[1.570s] -- Detecting CXX compiler ABI info - done
[1.592s] -- Check for working CXX compiler: /usr/bin/c++ - skipped
[1.592s] -- Detecting CXX compile features
[1.593s] -- Detecting CXX compile features - done
[1.599s] -- Found ament_cmake: 2.5.4 (/opt/ros/jazzy/share/ament_cmake/cmake)
[1.991s] -- Found Python3: /usr/bin/python3 (found version "3.12.3") found components: Interpreter 
[2.309s] -- Found rclcpp: 28.1.9 (/opt/ros/jazzy/share/rclcpp/cmake)
[2.393s] -- Found rosidl_generator_c: 4.6.5 (/opt/ros/jazzy/share/rosidl_generator_c/cmake)
[2.421s] -- Found rosidl_generator_cpp: 4.6.5 (/opt/ros/jazzy/share/rosidl_generator_cpp/cmake)
[2.458s] -- Using all available rosidl_typesupport_c: rosidl_typesupport_fastrtps_c;rosidl_typesupport_introspection_c
[2.505s] -- Using all available rosidl_typesupport_cpp: rosidl_typesupport_fastrtps_cpp;rosidl_typesupport_introspection_cpp
[2.692s] -- Found rmw_implementation_cmake: 7.3.2 (/opt/ros/jazzy/share/rmw_implementation_cmake/cmake)
[2.707s] -- Found rmw_fastrtps_cpp: 8.4.2 (/opt/ros/jazzy/share/rmw_fastrtps_cpp/cmake)
[2.875s] -- Found OpenSSL: /usr/lib/aarch64-linux-gnu/libcrypto.so (found version "3.0.13")  
[2.903s] -- Found FastRTPS: /opt/ros/jazzy/include (Required is at least version "2.13") 
[2.942s] -- Using RMW implementation 'rmw_fastrtps_cpp' as default
[3.320s] -- Configuring done (3.3s)
[3.341s] -- Generating done (0.0s)
[3.343s] [33mCMake Warning:
[3.343s]   Manually-specified variables were not used by the project:
[3.343s] 
[3.343s]     CATKIN_INSTALL_INTO_PREFIX_ROOT
[3.343s] 
[3.343s] [0m
[3.348s] -- Build files have been written to: /home/raspi/Robots4ChildrenWithDisabilities/ROS2/catkin_ws/build/rplidar_ros2
[3.388s] Invoked command in '/home/raspi/Robots4ChildrenWithDisabilities/ROS2/catkin_ws/build/rplidar_ros2' returned '0': /usr/bin/cmake /home/raspi/Robots4ChildrenWithDisabilities/ROS2/catkin_ws/src/rplidar_ros2 -DCATKIN_INSTALL_INTO_PREFIX_ROOT=0 -DCMAKE_INSTALL_PREFIX=/home/raspi/Robots4ChildrenWithDisabilities/ROS2/catkin_ws/install/rplidar_ros2
[3.391s] Invoking command in '/home/raspi/Robots4ChildrenWithDisabilities/ROS2/catkin_ws/build/rplidar_ros2': /usr/bin/cmake --build /home/raspi/Robots4ChildrenWithDisabilities/ROS2/catkin_ws/build/rplidar_ros2 -- -j4 -l4
[3.504s] [ 50%] [32mBuilding CXX object CMakeFiles/rplidar_node.dir/src/rplidar_node.cpp.o[0m
[9.380s] [100%] [32m[1mLinking CXX executable rplidar_node[0m
[9.979s] [100%] Built target rplidar_node
[10.000s] Invoked command in '/home/raspi/Robots4ChildrenWithDisabilities/ROS2/catkin_ws/build/rplidar_ros2' returned '0': /usr/bin/cmake --build /home/raspi/Robots4ChildrenWithDisabilities/ROS2/catkin_ws/build/rplidar_ros2 -- -j4 -l4
[10.002s] Invoking command in '/home/raspi/Robots4ChildrenWithDisabilities/ROS2/catkin_ws/build/rplidar_ros2': /usr/bin/cmake --install /home/raspi/Robots4ChildrenWithDisabilities/ROS2/catkin_ws/build/rplidar_ros2
[10.018s] -- Install configuration: ""
[10.018s] -- Installing: /home/raspi/Robots4ChildrenWithDisabilities/ROS2/catkin_ws/install/rplidar_ros2/lib/rplidar_ros2/rplidar_node
[10.019s] -- Set non-toolchain portion of runtime path of "/home/raspi/Robots4ChildrenWithDisabilities/ROS2/catkin_ws/install/rplidar_ros2/lib/rplidar_ros2/rplidar_node" to ""
[10.019s] -- Installing: /home/raspi/Robots4ChildrenWithDisabilities/ROS2/catkin_ws/install/rplidar_ros2/share/rplidar_ros2/launch
[10.020s] -- Installing: /home/raspi/Robots4ChildrenWithDisabilities/ROS2/catkin_ws/install/rplidar_ros2/share/rplidar_ros2/launch/rplidar.launch.py
[10.021s] -- Installing: /home/raspi/Robots4ChildrenWithDisabilities/ROS2/catkin_ws/install/rplidar_ros2/share/ament_index/resource_index/package_run_dependencies/rplidar_ros2
[10.021s] -- Installing: /home/raspi/Robots4ChildrenWithDisabilities/ROS2/catkin_ws/install/rplidar_ros2/share/ament_index/resource_index/parent_prefix_path/rplidar_ros2
[10.021s] -- Installing: /home/raspi/Robots4ChildrenWithDisabilities/ROS2/catkin_ws/install/rplidar_ros2/share/rplidar_ros2/environment/ament_prefix_path.sh
[10.022s] -- Installing: /home/raspi/Robots4ChildrenWithDisabilities/ROS2/catkin_ws/install/rplidar_ros2/share/rplidar_ros2/environment/ament_prefix_path.dsv
[10.024s] -- Installing: /home/raspi/Robots4ChildrenWithDisabilities/ROS2/catkin_ws/install/rplidar_ros2/share/rplidar_ros2/environment/path.sh
[10.024s] -- Installing: /home/raspi/Robots4ChildrenWithDisabilities/ROS2/catkin_ws/install/rplidar_ros2/share/rplidar_ros2/environment/path.dsv
[10.025s] -- Installing: /home/raspi/Robots4ChildrenWithDisabilities/ROS2/catkin_ws/install/rplidar_ros2/share/rplidar_ros2/local_setup.bash
[10.025s] -- Installing: /home/raspi/Robots4ChildrenWithDisabilities/ROS2/catkin_ws/install/rplidar_ros2/share/rplidar_ros2/local_setup.sh
[10.026s] -- Installing: /home/raspi/Robots4ChildrenWithDisabilities/ROS2/catkin_ws/install/rplidar_ros2/share/rplidar_ros2/local_setup.zsh
[10.026s] -- Installing: /home/raspi/Robots4ChildrenWithDisabilities/ROS2/catkin_ws/install/rplidar_ros2/share/rplidar_ros2/local_setup.dsv
[10.026s] -- Installing: /home/raspi/Robots4ChildrenWithDisabilities/ROS2/catkin_ws/install/rplidar_ros2/share/rplidar_ros2/package.dsv
[10.026s] -- Installing: /home/raspi/Robots4ChildrenWithDisabilities/ROS2/catkin_ws/install/rplidar_ros2/share/ament_index/resource_index/packages/rplidar_ros2
[10.026s] -- Installing: /home/raspi/Robots4ChildrenWithDisabilities/ROS2/catkin_ws/install/rplidar_ros2/share/rplidar_ros2/cmake/rplidar_ros2Config.cmake
[10.027s] -- Installing: /home/raspi/Robots4ChildrenWithDisabilities/ROS2/catkin_ws/install/rplidar_ros2/share/rplidar_ros2/cmake/rplidar_ros2Config-version.cmake
[10.028s] -- Installing: /home/raspi/Robots4ChildrenWithDisabilities/ROS2/catkin_ws/install/rplidar_ros2/share/rplidar_ros2/package.xml
[10.030s] Invoked command in '/home/raspi/Robots4ChildrenWithDisabilities/ROS2/catkin_ws/build/rplidar_ros2' returned '0': /usr/bin/cmake --install /home/raspi/Robots4ChildrenWithDisabilities/ROS2/catkin_ws/build/rplidar_ros2
