-- The C compiler identification is GNU 13.3.0
-- The CXX compiler identification is GNU 13.3.0
-- Detecting C compiler ABI info
-- Detecting C compiler ABI info - done
-- Check for working C compiler: /usr/bin/cc - skipped
-- Detecting C compile features
-- Detecting C compile features - done
-- Detecting CXX compiler ABI info
-- Detecting CXX compiler ABI info - done
-- Check for working CXX compiler: /usr/bin/c++ - skipped
-- Detecting CXX compile features
-- Detecting CXX compile features - done
-- Found ament_cmake: 2.5.4 (/opt/ros/jazzy/share/ament_cmake/cmake)
-- Found Python3: /usr/bin/python3 (found version "3.12.3") found components: Interpreter 
-- Found rclcpp: 28.1.9 (/opt/ros/jazzy/share/rclcpp/cmake)
-- Found rosidl_generator_c: 4.6.5 (/opt/ros/jazzy/share/rosidl_generator_c/cmake)
-- Found rosidl_generator_cpp: 4.6.5 (/opt/ros/jazzy/share/rosidl_generator_cpp/cmake)
-- Using all available rosidl_typesupport_c: rosidl_typesupport_fastrtps_c;rosidl_typesupport_introspection_c
-- Using all available rosidl_typesupport_cpp: rosidl_typesupport_fastrtps_cpp;rosidl_typesupport_introspection_cpp
-- Found rmw_implementation_cmake: 7.3.2 (/opt/ros/jazzy/share/rmw_implementation_cmake/cmake)
-- Found rmw_fastrtps_cpp: 8.4.2 (/opt/ros/jazzy/share/rmw_fastrtps_cpp/cmake)
-- Found OpenSSL: /usr/lib/aarch64-linux-gnu/libcrypto.so (found version "3.0.13")  
-- Found FastRTPS: /opt/ros/jazzy/include (Required is at least version "2.13") 
-- Using RMW implementation 'rmw_fastrtps_cpp' as default
-- Configuring done (4.2s)
-- Generating done (0.0s)
-- Build files have been written to: /home/raspi/Robots4ChildrenWithDisabilities/ROS2/ros2_ws/build/slam_module
-- Install configuration: ""
-- Installing: /home/raspi/Robots4ChildrenWithDisabilities/ROS2/ros2_ws/install/slam_module/share/slam_module/launch
-- Installing: /home/raspi/Robots4ChildrenWithDisabilities/ROS2/ros2_ws/install/slam_module/share/slam_module/launch/slam.launch.py
-- Installing: /home/raspi/Robots4ChildrenWithDisabilities/ROS2/ros2_ws/install/slam_module/share/slam_module/config
-- Installing: /home/raspi/Robots4ChildrenWithDisabilities/ROS2/ros2_ws/install/slam_module/share/slam_module/config/slam_toolbox_params.yaml
-- Installing: /home/raspi/Robots4ChildrenWithDisabilities/ROS2/ros2_ws/install/slam_module/share/slam_module/package.xml
-- Installing: /home/raspi/Robots4ChildrenWithDisabilities/ROS2/ros2_ws/install/slam_module/share/ament_index/resource_index/package_run_dependencies/slam_module
-- Installing: /home/raspi/Robots4ChildrenWithDisabilities/ROS2/ros2_ws/install/slam_module/share/ament_index/resource_index/parent_prefix_path/slam_module
-- Installing: /home/raspi/Robots4ChildrenWithDisabilities/ROS2/ros2_ws/install/slam_module/share/slam_module/environment/ament_prefix_path.sh
-- Installing: /home/raspi/Robots4ChildrenWithDisabilities/ROS2/ros2_ws/install/slam_module/share/slam_module/environment/ament_prefix_path.dsv
-- Installing: /home/raspi/Robots4ChildrenWithDisabilities/ROS2/ros2_ws/install/slam_module/share/slam_module/environment/path.sh
-- Installing: /home/raspi/Robots4ChildrenWithDisabilities/ROS2/ros2_ws/install/slam_module/share/slam_module/environment/path.dsv
-- Installing: /home/raspi/Robots4ChildrenWithDisabilities/ROS2/ros2_ws/install/slam_module/share/slam_module/local_setup.bash
-- Installing: /home/raspi/Robots4ChildrenWithDisabilities/ROS2/ros2_ws/install/slam_module/share/slam_module/local_setup.sh
-- Installing: /home/raspi/Robots4ChildrenWithDisabilities/ROS2/ros2_ws/install/slam_module/share/slam_module/local_setup.zsh
-- Installing: /home/raspi/Robots4ChildrenWithDisabilities/ROS2/ros2_ws/install/slam_module/share/slam_module/local_setup.dsv
-- Installing: /home/raspi/Robots4ChildrenWithDisabilities/ROS2/ros2_ws/install/slam_module/share/slam_module/package.dsv
-- Installing: /home/raspi/Robots4ChildrenWithDisabilities/ROS2/ros2_ws/install/slam_module/share/ament_index/resource_index/packages/slam_module
-- Installing: /home/raspi/Robots4ChildrenWithDisabilities/ROS2/ros2_ws/install/slam_module/share/slam_module/cmake/slam_moduleConfig.cmake
-- Installing: /home/raspi/Robots4ChildrenWithDisabilities/ROS2/ros2_ws/install/slam_module/share/slam_module/cmake/slam_moduleConfig-version.cmake
-- Up-to-date: /home/raspi/Robots4ChildrenWithDisabilities/ROS2/ros2_ws/install/slam_module/share/slam_module/package.xml
