[0.138s] DEBUG:colcon:Command line arguments: ['/usr/bin/colcon', 'build', '--symlink-install']
[0.138s] DEBUG:colcon:Parsed command line arguments: Namespace(log_base=None, log_level=None, verb_name='build', build_base='build', install_base='install', merge_install=False, symlink_install=True, test_result_base=None, continue_on_error=False, executor='parallel', parallel_workers=4, event_handlers=None, ignore_user_meta=False, metas=['./colcon.meta'], base_paths=['.'], packages_ignore=None, packages_ignore_regex=None, paths=None, packages_up_to=None, packages_up_to_regex=None, packages_above=None, packages_above_and_dependencies=None, packages_above_depth=None, packages_select_by_dep=None, packages_skip_by_dep=None, packages_skip_up_to=None, packages_select_build_failed=False, packages_skip_build_finished=False, packages_select_test_failures=False, packages_skip_test_passed=False, packages_select=None, packages_skip=None, packages_select_regex=None, packages_skip_regex=None, packages_start=None, packages_end=None, allow_overriding=[], cmake_args=None, cmake_target=None, cmake_target_skip_unavailable=False, cmake_clean_cache=False, cmake_clean_first=False, cmake_force_configure=False, ament_cmake_args=None, catkin_cmake_args=None, catkin_skip_building_tests=False, verb_parser=<colcon_defaults.argument_parser.defaults.DefaultArgumentsDecorator object at 0xffff960beff0>, verb_extension=<colcon_core.verb.build.BuildVerb object at 0xffff9711deb0>, main=<bound method BuildVerb.main of <colcon_core.verb.build.BuildVerb object at 0xffff9711deb0>>)
[0.195s] Level 1:colcon.colcon_core.package_discovery:discover_packages(colcon_meta) check parameters
[0.195s] Level 1:colcon.colcon_core.package_discovery:discover_packages(recursive) check parameters
[0.195s] Level 1:colcon.colcon_core.package_discovery:discover_packages(ignore) check parameters
[0.195s] Level 1:colcon.colcon_core.package_discovery:discover_packages(path) check parameters
[0.195s] Level 1:colcon.colcon_core.package_discovery:discover_packages(colcon_meta) discover
[0.195s] Level 1:colcon.colcon_core.package_discovery:discover_packages(recursive) discover
[0.196s] INFO:colcon.colcon_core.package_discovery:Crawling recursively for packages in '/home/raspi/Robots4ChildrenWithDisabilities/ROS2/ros2_ws'
[0.196s] Level 1:colcon.colcon_core.package_identification:_identify(.) by extensions ['ignore', 'ignore_ament_install']
[0.196s] Level 1:colcon.colcon_core.package_identification:_identify(.) by extension 'ignore'
[0.196s] Level 1:colcon.colcon_core.package_identification:_identify(.) by extension 'ignore_ament_install'
[0.196s] Level 1:colcon.colcon_core.package_identification:_identify(.) by extensions ['colcon_pkg']
[0.196s] Level 1:colcon.colcon_core.package_identification:_identify(.) by extension 'colcon_pkg'
[0.196s] Level 1:colcon.colcon_core.package_identification:_identify(.) by extensions ['colcon_meta']
[0.196s] Level 1:colcon.colcon_core.package_identification:_identify(.) by extension 'colcon_meta'
[0.196s] Level 1:colcon.colcon_core.package_identification:_identify(.) by extensions ['ros']
[0.196s] Level 1:colcon.colcon_core.package_identification:_identify(.) by extension 'ros'
[0.233s] Level 1:colcon.colcon_core.package_identification:_identify(.) by extensions ['cmake', 'python']
[0.233s] Level 1:colcon.colcon_core.package_identification:_identify(.) by extension 'cmake'
[0.233s] Level 1:colcon.colcon_core.package_identification:_identify(.) by extension 'python'
[0.233s] Level 1:colcon.colcon_core.package_identification:_identify(.) by extensions ['python_setup_py']
[0.233s] Level 1:colcon.colcon_core.package_identification:_identify(.) by extension 'python_setup_py'
[0.233s] Level 1:colcon.colcon_core.package_identification:_identify(build) by extensions ['ignore', 'ignore_ament_install']
[0.233s] Level 1:colcon.colcon_core.package_identification:_identify(build) by extension 'ignore'
[0.233s] Level 1:colcon.colcon_core.package_identification:_identify(build) ignored
[0.233s] Level 1:colcon.colcon_core.package_identification:_identify(install) by extensions ['ignore', 'ignore_ament_install']
[0.233s] Level 1:colcon.colcon_core.package_identification:_identify(install) by extension 'ignore'
[0.234s] Level 1:colcon.colcon_core.package_identification:_identify(install) ignored
[0.234s] Level 1:colcon.colcon_core.package_identification:_identify(log) by extensions ['ignore', 'ignore_ament_install']
[0.234s] Level 1:colcon.colcon_core.package_identification:_identify(log) by extension 'ignore'
[0.234s] Level 1:colcon.colcon_core.package_identification:_identify(log) ignored
[0.234s] Level 1:colcon.colcon_core.package_identification:_identify(src) by extensions ['ignore', 'ignore_ament_install']
[0.234s] Level 1:colcon.colcon_core.package_identification:_identify(src) by extension 'ignore'
[0.234s] Level 1:colcon.colcon_core.package_identification:_identify(src) by extension 'ignore_ament_install'
[0.234s] Level 1:colcon.colcon_core.package_identification:_identify(src) by extensions ['colcon_pkg']
[0.234s] Level 1:colcon.colcon_core.package_identification:_identify(src) by extension 'colcon_pkg'
[0.234s] Level 1:colcon.colcon_core.package_identification:_identify(src) by extensions ['colcon_meta']
[0.234s] Level 1:colcon.colcon_core.package_identification:_identify(src) by extension 'colcon_meta'
[0.234s] Level 1:colcon.colcon_core.package_identification:_identify(src) by extensions ['ros']
[0.234s] Level 1:colcon.colcon_core.package_identification:_identify(src) by extension 'ros'
[0.234s] Level 1:colcon.colcon_core.package_identification:_identify(src) by extensions ['cmake', 'python']
[0.234s] Level 1:colcon.colcon_core.package_identification:_identify(src) by extension 'cmake'
[0.234s] Level 1:colcon.colcon_core.package_identification:_identify(src) by extension 'python'
[0.234s] Level 1:colcon.colcon_core.package_identification:_identify(src) by extensions ['python_setup_py']
[0.234s] Level 1:colcon.colcon_core.package_identification:_identify(src) by extension 'python_setup_py'
[0.235s] Level 1:colcon.colcon_core.package_identification:_identify(src/nav_module) by extensions ['ignore', 'ignore_ament_install']
[0.235s] Level 1:colcon.colcon_core.package_identification:_identify(src/nav_module) by extension 'ignore'
[0.235s] Level 1:colcon.colcon_core.package_identification:_identify(src/nav_module) by extension 'ignore_ament_install'
[0.235s] Level 1:colcon.colcon_core.package_identification:_identify(src/nav_module) by extensions ['colcon_pkg']
[0.235s] Level 1:colcon.colcon_core.package_identification:_identify(src/nav_module) by extension 'colcon_pkg'
[0.235s] Level 1:colcon.colcon_core.package_identification:_identify(src/nav_module) by extensions ['colcon_meta']
[0.235s] Level 1:colcon.colcon_core.package_identification:_identify(src/nav_module) by extension 'colcon_meta'
[0.235s] Level 1:colcon.colcon_core.package_identification:_identify(src/nav_module) by extensions ['ros']
[0.235s] Level 1:colcon.colcon_core.package_identification:_identify(src/nav_module) by extension 'ros'
[0.240s] DEBUG:colcon.colcon_core.package_identification:Package 'src/nav_module' with type 'ros.ament_cmake' and name 'nav_module'
[0.240s] Level 1:colcon.colcon_core.package_identification:_identify(src/rplidar_ros2) by extensions ['ignore', 'ignore_ament_install']
[0.240s] Level 1:colcon.colcon_core.package_identification:_identify(src/rplidar_ros2) by extension 'ignore'
[0.240s] Level 1:colcon.colcon_core.package_identification:_identify(src/rplidar_ros2) by extension 'ignore_ament_install'
[0.241s] Level 1:colcon.colcon_core.package_identification:_identify(src/rplidar_ros2) by extensions ['colcon_pkg']
[0.241s] Level 1:colcon.colcon_core.package_identification:_identify(src/rplidar_ros2) by extension 'colcon_pkg'
[0.241s] Level 1:colcon.colcon_core.package_identification:_identify(src/rplidar_ros2) by extensions ['colcon_meta']
[0.241s] Level 1:colcon.colcon_core.package_identification:_identify(src/rplidar_ros2) by extension 'colcon_meta'
[0.241s] Level 1:colcon.colcon_core.package_identification:_identify(src/rplidar_ros2) by extensions ['ros']
[0.241s] Level 1:colcon.colcon_core.package_identification:_identify(src/rplidar_ros2) by extension 'ros'
[0.241s] DEBUG:colcon.colcon_core.package_identification:Package 'src/rplidar_ros2' with type 'ros.ament_cmake' and name 'rplidar_ros2'
[0.242s] Level 1:colcon.colcon_core.package_identification:_identify(src/slam_module) by extensions ['ignore', 'ignore_ament_install']
[0.242s] Level 1:colcon.colcon_core.package_identification:_identify(src/slam_module) by extension 'ignore'
[0.242s] Level 1:colcon.colcon_core.package_identification:_identify(src/slam_module) by extension 'ignore_ament_install'
[0.242s] Level 1:colcon.colcon_core.package_identification:_identify(src/slam_module) by extensions ['colcon_pkg']
[0.242s] Level 1:colcon.colcon_core.package_identification:_identify(src/slam_module) by extension 'colcon_pkg'
[0.242s] Level 1:colcon.colcon_core.package_identification:_identify(src/slam_module) by extensions ['colcon_meta']
[0.242s] Level 1:colcon.colcon_core.package_identification:_identify(src/slam_module) by extension 'colcon_meta'
[0.242s] Level 1:colcon.colcon_core.package_identification:_identify(src/slam_module) by extensions ['ros']
[0.242s] Level 1:colcon.colcon_core.package_identification:_identify(src/slam_module) by extension 'ros'
[0.242s] DEBUG:colcon.colcon_core.package_identification:Package 'src/slam_module' with type 'ros.ament_cmake' and name 'slam_module'
[0.243s] Level 1:colcon.colcon_core.package_identification:_identify(src/system_launcher) by extensions ['ignore', 'ignore_ament_install']
[0.243s] Level 1:colcon.colcon_core.package_identification:_identify(src/system_launcher) by extension 'ignore'
[0.243s] Level 1:colcon.colcon_core.package_identification:_identify(src/system_launcher) by extension 'ignore_ament_install'
[0.243s] Level 1:colcon.colcon_core.package_identification:_identify(src/system_launcher) by extensions ['colcon_pkg']
[0.243s] Level 1:colcon.colcon_core.package_identification:_identify(src/system_launcher) by extension 'colcon_pkg'
[0.243s] Level 1:colcon.colcon_core.package_identification:_identify(src/system_launcher) by extensions ['colcon_meta']
[0.243s] Level 1:colcon.colcon_core.package_identification:_identify(src/system_launcher) by extension 'colcon_meta'
[0.243s] Level 1:colcon.colcon_core.package_identification:_identify(src/system_launcher) by extensions ['ros']
[0.243s] Level 1:colcon.colcon_core.package_identification:_identify(src/system_launcher) by extension 'ros'
[0.243s] DEBUG:colcon.colcon_core.package_identification:Package 'src/system_launcher' with type 'ros.ament_cmake' and name 'system_launcher'
[0.243s] Level 1:colcon.colcon_core.package_discovery:discover_packages(recursive) using defaults
[0.244s] Level 1:colcon.colcon_core.package_discovery:discover_packages(ignore) discover
[0.244s] Level 1:colcon.colcon_core.package_discovery:discover_packages(ignore) using defaults
[0.244s] Level 1:colcon.colcon_core.package_discovery:discover_packages(path) discover
[0.244s] Level 1:colcon.colcon_core.package_discovery:discover_packages(path) using defaults
[0.267s] Level 1:colcon.colcon_core.package_discovery:discover_packages(prefix_path) check parameters
[0.267s] Level 1:colcon.colcon_core.package_discovery:discover_packages(prefix_path) discover
[0.271s] DEBUG:colcon.colcon_installed_package_information.package_discovery:Found 285 installed packages in /opt/ros/jazzy
[0.272s] Level 1:colcon.colcon_core.package_discovery:discover_packages(prefix_path) using defaults
[0.331s] Level 5:colcon.colcon_core.verb:set package 'nav_module' build argument 'cmake_args' from command line to 'None'
[0.331s] Level 5:colcon.colcon_core.verb:set package 'nav_module' build argument 'cmake_target' from command line to 'None'
[0.331s] Level 5:colcon.colcon_core.verb:set package 'nav_module' build argument 'cmake_target_skip_unavailable' from command line to 'False'
[0.331s] Level 5:colcon.colcon_core.verb:set package 'nav_module' build argument 'cmake_clean_cache' from command line to 'False'
[0.331s] Level 5:colcon.colcon_core.verb:set package 'nav_module' build argument 'cmake_clean_first' from command line to 'False'
[0.331s] Level 5:colcon.colcon_core.verb:set package 'nav_module' build argument 'cmake_force_configure' from command line to 'False'
[0.331s] Level 5:colcon.colcon_core.verb:set package 'nav_module' build argument 'ament_cmake_args' from command line to 'None'
[0.331s] Level 5:colcon.colcon_core.verb:set package 'nav_module' build argument 'catkin_cmake_args' from command line to 'None'
[0.331s] Level 5:colcon.colcon_core.verb:set package 'nav_module' build argument 'catkin_skip_building_tests' from command line to 'False'
[0.331s] DEBUG:colcon.colcon_core.verb:Building package 'nav_module' with the following arguments: {'ament_cmake_args': None, 'build_base': '/home/raspi/Robots4ChildrenWithDisabilities/ROS2/ros2_ws/build/nav_module', 'catkin_cmake_args': None, 'catkin_skip_building_tests': False, 'cmake_args': None, 'cmake_clean_cache': False, 'cmake_clean_first': False, 'cmake_force_configure': False, 'cmake_target': None, 'cmake_target_skip_unavailable': False, 'install_base': '/home/raspi/Robots4ChildrenWithDisabilities/ROS2/ros2_ws/install/nav_module', 'merge_install': False, 'path': '/home/raspi/Robots4ChildrenWithDisabilities/ROS2/ros2_ws/src/nav_module', 'symlink_install': True, 'test_result_base': None}
[0.332s] Level 5:colcon.colcon_core.verb:set package 'rplidar_ros2' build argument 'cmake_args' from command line to 'None'
[0.332s] Level 5:colcon.colcon_core.verb:set package 'rplidar_ros2' build argument 'cmake_target' from command line to 'None'
[0.332s] Level 5:colcon.colcon_core.verb:set package 'rplidar_ros2' build argument 'cmake_target_skip_unavailable' from command line to 'False'
[0.332s] Level 5:colcon.colcon_core.verb:set package 'rplidar_ros2' build argument 'cmake_clean_cache' from command line to 'False'
[0.332s] Level 5:colcon.colcon_core.verb:set package 'rplidar_ros2' build argument 'cmake_clean_first' from command line to 'False'
[0.332s] Level 5:colcon.colcon_core.verb:set package 'rplidar_ros2' build argument 'cmake_force_configure' from command line to 'False'
[0.332s] Level 5:colcon.colcon_core.verb:set package 'rplidar_ros2' build argument 'ament_cmake_args' from command line to 'None'
[0.332s] Level 5:colcon.colcon_core.verb:set package 'rplidar_ros2' build argument 'catkin_cmake_args' from command line to 'None'
[0.332s] Level 5:colcon.colcon_core.verb:set package 'rplidar_ros2' build argument 'catkin_skip_building_tests' from command line to 'False'
[0.332s] DEBUG:colcon.colcon_core.verb:Building package 'rplidar_ros2' with the following arguments: {'ament_cmake_args': None, 'build_base': '/home/raspi/Robots4ChildrenWithDisabilities/ROS2/ros2_ws/build/rplidar_ros2', 'catkin_cmake_args': None, 'catkin_skip_building_tests': False, 'cmake_args': None, 'cmake_clean_cache': False, 'cmake_clean_first': False, 'cmake_force_configure': False, 'cmake_target': None, 'cmake_target_skip_unavailable': False, 'install_base': '/home/raspi/Robots4ChildrenWithDisabilities/ROS2/ros2_ws/install/rplidar_ros2', 'merge_install': False, 'path': '/home/raspi/Robots4ChildrenWithDisabilities/ROS2/ros2_ws/src/rplidar_ros2', 'symlink_install': True, 'test_result_base': None}
[0.332s] Level 5:colcon.colcon_core.verb:set package 'slam_module' build argument 'cmake_args' from command line to 'None'
[0.332s] Level 5:colcon.colcon_core.verb:set package 'slam_module' build argument 'cmake_target' from command line to 'None'
[0.332s] Level 5:colcon.colcon_core.verb:set package 'slam_module' build argument 'cmake_target_skip_unavailable' from command line to 'False'
[0.332s] Level 5:colcon.colcon_core.verb:set package 'slam_module' build argument 'cmake_clean_cache' from command line to 'False'
[0.332s] Level 5:colcon.colcon_core.verb:set package 'slam_module' build argument 'cmake_clean_first' from command line to 'False'
[0.332s] Level 5:colcon.colcon_core.verb:set package 'slam_module' build argument 'cmake_force_configure' from command line to 'False'
[0.332s] Level 5:colcon.colcon_core.verb:set package 'slam_module' build argument 'ament_cmake_args' from command line to 'None'
[0.332s] Level 5:colcon.colcon_core.verb:set package 'slam_module' build argument 'catkin_cmake_args' from command line to 'None'
[0.332s] Level 5:colcon.colcon_core.verb:set package 'slam_module' build argument 'catkin_skip_building_tests' from command line to 'False'
[0.332s] DEBUG:colcon.colcon_core.verb:Building package 'slam_module' with the following arguments: {'ament_cmake_args': None, 'build_base': '/home/raspi/Robots4ChildrenWithDisabilities/ROS2/ros2_ws/build/slam_module', 'catkin_cmake_args': None, 'catkin_skip_building_tests': False, 'cmake_args': None, 'cmake_clean_cache': False, 'cmake_clean_first': False, 'cmake_force_configure': False, 'cmake_target': None, 'cmake_target_skip_unavailable': False, 'install_base': '/home/raspi/Robots4ChildrenWithDisabilities/ROS2/ros2_ws/install/slam_module', 'merge_install': False, 'path': '/home/raspi/Robots4ChildrenWithDisabilities/ROS2/ros2_ws/src/slam_module', 'symlink_install': True, 'test_result_base': None}
[0.333s] Level 5:colcon.colcon_core.verb:set package 'system_launcher' build argument 'cmake_args' from command line to 'None'
[0.333s] Level 5:colcon.colcon_core.verb:set package 'system_launcher' build argument 'cmake_target' from command line to 'None'
[0.333s] Level 5:colcon.colcon_core.verb:set package 'system_launcher' build argument 'cmake_target_skip_unavailable' from command line to 'False'
[0.333s] Level 5:colcon.colcon_core.verb:set package 'system_launcher' build argument 'cmake_clean_cache' from command line to 'False'
[0.333s] Level 5:colcon.colcon_core.verb:set package 'system_launcher' build argument 'cmake_clean_first' from command line to 'False'
[0.333s] Level 5:colcon.colcon_core.verb:set package 'system_launcher' build argument 'cmake_force_configure' from command line to 'False'
[0.333s] Level 5:colcon.colcon_core.verb:set package 'system_launcher' build argument 'ament_cmake_args' from command line to 'None'
[0.333s] Level 5:colcon.colcon_core.verb:set package 'system_launcher' build argument 'catkin_cmake_args' from command line to 'None'
[0.333s] Level 5:colcon.colcon_core.verb:set package 'system_launcher' build argument 'catkin_skip_building_tests' from command line to 'False'
[0.333s] DEBUG:colcon.colcon_core.verb:Building package 'system_launcher' with the following arguments: {'ament_cmake_args': None, 'build_base': '/home/raspi/Robots4ChildrenWithDisabilities/ROS2/ros2_ws/build/system_launcher', 'catkin_cmake_args': None, 'catkin_skip_building_tests': False, 'cmake_args': None, 'cmake_clean_cache': False, 'cmake_clean_first': False, 'cmake_force_configure': False, 'cmake_target': None, 'cmake_target_skip_unavailable': False, 'install_base': '/home/raspi/Robots4ChildrenWithDisabilities/ROS2/ros2_ws/install/system_launcher', 'merge_install': False, 'path': '/home/raspi/Robots4ChildrenWithDisabilities/ROS2/ros2_ws/src/system_launcher', 'symlink_install': True, 'test_result_base': None}
[0.333s] INFO:colcon.colcon_core.executor:Executing jobs using 'parallel' executor
[0.335s] DEBUG:colcon.colcon_parallel_executor.executor.parallel:run_until_complete
[0.335s] INFO:colcon.colcon_ros.task.ament_cmake.build:Building ROS package in '/home/raspi/Robots4ChildrenWithDisabilities/ROS2/ros2_ws/src/nav_module' with build type 'ament_cmake'
[0.335s] INFO:colcon.colcon_cmake.task.cmake.build:Building CMake package in '/home/raspi/Robots4ChildrenWithDisabilities/ROS2/ros2_ws/src/nav_module'
[0.337s] INFO:colcon.colcon_core.plugin_system:Skipping extension 'colcon_core.shell.bat': Not used on non-Windows systems
[0.338s] INFO:colcon.colcon_core.shell:Skip shell extension 'powershell' for command environment: Not usable outside of PowerShell
[0.338s] DEBUG:colcon.colcon_core.shell:Skip shell extension 'dsv' for command environment
[0.342s] INFO:colcon.colcon_ros.task.ament_cmake.build:Building ROS package in '/home/raspi/Robots4ChildrenWithDisabilities/ROS2/ros2_ws/src/rplidar_ros2' with build type 'ament_cmake'
[0.342s] INFO:colcon.colcon_cmake.task.cmake.build:Building CMake package in '/home/raspi/Robots4ChildrenWithDisabilities/ROS2/ros2_ws/src/rplidar_ros2'
[0.342s] INFO:colcon.colcon_core.shell:Skip shell extension 'powershell' for command environment: Not usable outside of PowerShell
[0.342s] DEBUG:colcon.colcon_core.shell:Skip shell extension 'dsv' for command environment
[0.346s] INFO:colcon.colcon_ros.task.ament_cmake.build:Building ROS package in '/home/raspi/Robots4ChildrenWithDisabilities/ROS2/ros2_ws/src/slam_module' with build type 'ament_cmake'
[0.346s] INFO:colcon.colcon_cmake.task.cmake.build:Building CMake package in '/home/raspi/Robots4ChildrenWithDisabilities/ROS2/ros2_ws/src/slam_module'
[0.347s] INFO:colcon.colcon_core.shell:Skip shell extension 'powershell' for command environment: Not usable outside of PowerShell
[0.347s] DEBUG:colcon.colcon_core.shell:Skip shell extension 'dsv' for command environment
[0.351s] INFO:colcon.colcon_ros.task.ament_cmake.build:Building ROS package in '/home/raspi/Robots4ChildrenWithDisabilities/ROS2/ros2_ws/src/system_launcher' with build type 'ament_cmake'
[0.351s] INFO:colcon.colcon_cmake.task.cmake.build:Building CMake package in '/home/raspi/Robots4ChildrenWithDisabilities/ROS2/ros2_ws/src/system_launcher'
[0.351s] INFO:colcon.colcon_core.shell:Skip shell extension 'powershell' for command environment: Not usable outside of PowerShell
[0.351s] DEBUG:colcon.colcon_core.shell:Skip shell extension 'dsv' for command environment
[0.362s] DEBUG:colcon.colcon_core.event_handler.log_command:Invoking command in '/home/raspi/Robots4ChildrenWithDisabilities/ROS2/ros2_ws/build/nav_module': CMAKE_PREFIX_PATH=${CMAKE_PREFIX_PATH}:/opt/ros/jazzy /usr/bin/cmake /home/raspi/Robots4ChildrenWithDisabilities/ROS2/ros2_ws/src/nav_module -DAMENT_CMAKE_SYMLINK_INSTALL=1 -DCMAKE_INSTALL_PREFIX=/home/raspi/Robots4ChildrenWithDisabilities/ROS2/ros2_ws/install/nav_module
[0.366s] DEBUG:colcon.colcon_core.event_handler.log_command:Invoking command in '/home/raspi/Robots4ChildrenWithDisabilities/ROS2/ros2_ws/build/rplidar_ros2': CMAKE_PREFIX_PATH=${CMAKE_PREFIX_PATH}:/opt/ros/jazzy /usr/bin/cmake /home/raspi/Robots4ChildrenWithDisabilities/ROS2/ros2_ws/src/rplidar_ros2 -DAMENT_CMAKE_SYMLINK_INSTALL=1 -DCMAKE_INSTALL_PREFIX=/home/raspi/Robots4ChildrenWithDisabilities/ROS2/ros2_ws/install/rplidar_ros2
[0.370s] DEBUG:colcon.colcon_core.event_handler.log_command:Invoking command in '/home/raspi/Robots4ChildrenWithDisabilities/ROS2/ros2_ws/build/slam_module': CMAKE_PREFIX_PATH=${CMAKE_PREFIX_PATH}:/opt/ros/jazzy /usr/bin/cmake /home/raspi/Robots4ChildrenWithDisabilities/ROS2/ros2_ws/src/slam_module -DAMENT_CMAKE_SYMLINK_INSTALL=1 -DCMAKE_INSTALL_PREFIX=/home/raspi/Robots4ChildrenWithDisabilities/ROS2/ros2_ws/install/slam_module
[0.381s] DEBUG:colcon.colcon_core.event_handler.log_command:Invoking command in '/home/raspi/Robots4ChildrenWithDisabilities/ROS2/ros2_ws/build/system_launcher': CMAKE_PREFIX_PATH=${CMAKE_PREFIX_PATH}:/opt/ros/jazzy /usr/bin/cmake /home/raspi/Robots4ChildrenWithDisabilities/ROS2/ros2_ws/src/system_launcher -DAMENT_CMAKE_SYMLINK_INSTALL=1 -DCMAKE_INSTALL_PREFIX=/home/raspi/Robots4ChildrenWithDisabilities/ROS2/ros2_ws/install/system_launcher
[2.558s] DEBUG:colcon.colcon_core.event_handler.log_command:Invoked command in '/home/raspi/Robots4ChildrenWithDisabilities/ROS2/ros2_ws/build/system_launcher' returned '0': CMAKE_PREFIX_PATH=${CMAKE_PREFIX_PATH}:/opt/ros/jazzy /usr/bin/cmake /home/raspi/Robots4ChildrenWithDisabilities/ROS2/ros2_ws/src/system_launcher -DAMENT_CMAKE_SYMLINK_INSTALL=1 -DCMAKE_INSTALL_PREFIX=/home/raspi/Robots4ChildrenWithDisabilities/ROS2/ros2_ws/install/system_launcher
[2.561s] DEBUG:colcon.colcon_core.event_handler.log_command:Invoking command in '/home/raspi/Robots4ChildrenWithDisabilities/ROS2/ros2_ws/build/system_launcher': CMAKE_PREFIX_PATH=${CMAKE_PREFIX_PATH}:/opt/ros/jazzy /usr/bin/cmake --build /home/raspi/Robots4ChildrenWithDisabilities/ROS2/ros2_ws/build/system_launcher -- -j4 -l4
[2.653s] DEBUG:colcon.colcon_core.event_handler.log_command:Invoked command in '/home/raspi/Robots4ChildrenWithDisabilities/ROS2/ros2_ws/build/system_launcher' returned '0': CMAKE_PREFIX_PATH=${CMAKE_PREFIX_PATH}:/opt/ros/jazzy /usr/bin/cmake --build /home/raspi/Robots4ChildrenWithDisabilities/ROS2/ros2_ws/build/system_launcher -- -j4 -l4
[2.677s] DEBUG:colcon.colcon_core.event_handler.log_command:Invoking command in '/home/raspi/Robots4ChildrenWithDisabilities/ROS2/ros2_ws/build/system_launcher': CMAKE_PREFIX_PATH=${CMAKE_PREFIX_PATH}:/opt/ros/jazzy /usr/bin/cmake --install /home/raspi/Robots4ChildrenWithDisabilities/ROS2/ros2_ws/build/system_launcher
[3.080s] Level 1:colcon.colcon_core.environment:create_environment_scripts_only(system_launcher)
[3.082s] DEBUG:colcon.colcon_core.event_handler.log_command:Invoked command in '/home/raspi/Robots4ChildrenWithDisabilities/ROS2/ros2_ws/build/system_launcher' returned '0': CMAKE_PREFIX_PATH=${CMAKE_PREFIX_PATH}:/opt/ros/jazzy /usr/bin/cmake --install /home/raspi/Robots4ChildrenWithDisabilities/ROS2/ros2_ws/build/system_launcher
[3.088s] Level 1:colcon.colcon_core.environment:checking '/home/raspi/Robots4ChildrenWithDisabilities/ROS2/ros2_ws/install/system_launcher' for CMake module files
[3.090s] Level 1:colcon.colcon_core.environment:checking '/home/raspi/Robots4ChildrenWithDisabilities/ROS2/ros2_ws/install/system_launcher' for CMake config files
[3.091s] Level 1:colcon.colcon_core.shell:create_environment_hook('system_launcher', 'cmake_prefix_path')
[3.092s] INFO:colcon.colcon_core.shell:Creating environment hook '/home/raspi/Robots4ChildrenWithDisabilities/ROS2/ros2_ws/install/system_launcher/share/system_launcher/hook/cmake_prefix_path.ps1'
[3.094s] INFO:colcon.colcon_core.shell:Creating environment descriptor '/home/raspi/Robots4ChildrenWithDisabilities/ROS2/ros2_ws/install/system_launcher/share/system_launcher/hook/cmake_prefix_path.dsv'
[3.095s] INFO:colcon.colcon_core.shell:Creating environment hook '/home/raspi/Robots4ChildrenWithDisabilities/ROS2/ros2_ws/install/system_launcher/share/system_launcher/hook/cmake_prefix_path.sh'
[3.097s] Level 1:colcon.colcon_core.environment:checking '/home/raspi/Robots4ChildrenWithDisabilities/ROS2/ros2_ws/install/system_launcher/bin'
[3.097s] Level 1:colcon.colcon_core.environment:checking '/home/raspi/Robots4ChildrenWithDisabilities/ROS2/ros2_ws/install/system_launcher/lib/pkgconfig/system_launcher.pc'
[3.097s] Level 1:colcon.colcon_core.environment:checking '/home/raspi/Robots4ChildrenWithDisabilities/ROS2/ros2_ws/install/system_launcher/lib/python3.12/site-packages'
[3.098s] Level 1:colcon.colcon_core.environment:checking '/home/raspi/Robots4ChildrenWithDisabilities/ROS2/ros2_ws/install/system_launcher/bin'
[3.102s] INFO:colcon.colcon_core.shell:Creating package script '/home/raspi/Robots4ChildrenWithDisabilities/ROS2/ros2_ws/install/system_launcher/share/system_launcher/package.ps1'
[3.103s] INFO:colcon.colcon_core.shell:Creating package descriptor '/home/raspi/Robots4ChildrenWithDisabilities/ROS2/ros2_ws/install/system_launcher/share/system_launcher/package.dsv'
[3.104s] INFO:colcon.colcon_core.shell:Creating package script '/home/raspi/Robots4ChildrenWithDisabilities/ROS2/ros2_ws/install/system_launcher/share/system_launcher/package.sh'
[3.109s] INFO:colcon.colcon_core.shell:Creating package script '/home/raspi/Robots4ChildrenWithDisabilities/ROS2/ros2_ws/install/system_launcher/share/system_launcher/package.bash'
[3.115s] INFO:colcon.colcon_core.shell:Creating package script '/home/raspi/Robots4ChildrenWithDisabilities/ROS2/ros2_ws/install/system_launcher/share/system_launcher/package.zsh'
[3.116s] Level 1:colcon.colcon_core.environment:create_file_with_runtime_dependencies(/home/raspi/Robots4ChildrenWithDisabilities/ROS2/ros2_ws/install/system_launcher/share/colcon-core/packages/system_launcher)
[3.117s] Level 1:colcon.colcon_core.environment:create_environment_scripts_only(system_launcher)
[3.121s] Level 1:colcon.colcon_core.environment:checking '/home/raspi/Robots4ChildrenWithDisabilities/ROS2/ros2_ws/install/system_launcher' for CMake module files
[3.122s] Level 1:colcon.colcon_core.environment:checking '/home/raspi/Robots4ChildrenWithDisabilities/ROS2/ros2_ws/install/system_launcher' for CMake config files
[3.123s] Level 1:colcon.colcon_core.shell:create_environment_hook('system_launcher', 'cmake_prefix_path')
[3.124s] INFO:colcon.colcon_core.shell:Creating environment hook '/home/raspi/Robots4ChildrenWithDisabilities/ROS2/ros2_ws/install/system_launcher/share/system_launcher/hook/cmake_prefix_path.ps1'
[3.125s] INFO:colcon.colcon_core.shell:Creating environment descriptor '/home/raspi/Robots4ChildrenWithDisabilities/ROS2/ros2_ws/install/system_launcher/share/system_launcher/hook/cmake_prefix_path.dsv'
[3.131s] INFO:colcon.colcon_core.shell:Creating environment hook '/home/raspi/Robots4ChildrenWithDisabilities/ROS2/ros2_ws/install/system_launcher/share/system_launcher/hook/cmake_prefix_path.sh'
[3.133s] Level 1:colcon.colcon_core.environment:checking '/home/raspi/Robots4ChildrenWithDisabilities/ROS2/ros2_ws/install/system_launcher/bin'
[3.133s] Level 1:colcon.colcon_core.environment:checking '/home/raspi/Robots4ChildrenWithDisabilities/ROS2/ros2_ws/install/system_launcher/lib/pkgconfig/system_launcher.pc'
[3.133s] Level 1:colcon.colcon_core.environment:checking '/home/raspi/Robots4ChildrenWithDisabilities/ROS2/ros2_ws/install/system_launcher/lib/python3.12/site-packages'
[3.134s] Level 1:colcon.colcon_core.environment:checking '/home/raspi/Robots4ChildrenWithDisabilities/ROS2/ros2_ws/install/system_launcher/bin'
[3.134s] INFO:colcon.colcon_core.shell:Creating package script '/home/raspi/Robots4ChildrenWithDisabilities/ROS2/ros2_ws/install/system_launcher/share/system_launcher/package.ps1'
[3.136s] INFO:colcon.colcon_core.shell:Creating package descriptor '/home/raspi/Robots4ChildrenWithDisabilities/ROS2/ros2_ws/install/system_launcher/share/system_launcher/package.dsv'
[3.138s] INFO:colcon.colcon_core.shell:Creating package script '/home/raspi/Robots4ChildrenWithDisabilities/ROS2/ros2_ws/install/system_launcher/share/system_launcher/package.sh'
[3.140s] INFO:colcon.colcon_core.shell:Creating package script '/home/raspi/Robots4ChildrenWithDisabilities/ROS2/ros2_ws/install/system_launcher/share/system_launcher/package.bash'
[3.142s] INFO:colcon.colcon_core.shell:Creating package script '/home/raspi/Robots4ChildrenWithDisabilities/ROS2/ros2_ws/install/system_launcher/share/system_launcher/package.zsh'
[3.143s] Level 1:colcon.colcon_core.environment:create_file_with_runtime_dependencies(/home/raspi/Robots4ChildrenWithDisabilities/ROS2/ros2_ws/install/system_launcher/share/colcon-core/packages/system_launcher)
[3.185s] DEBUG:colcon.colcon_core.event_handler.log_command:Invoked command in '/home/raspi/Robots4ChildrenWithDisabilities/ROS2/ros2_ws/build/slam_module' returned '0': CMAKE_PREFIX_PATH=${CMAKE_PREFIX_PATH}:/opt/ros/jazzy /usr/bin/cmake /home/raspi/Robots4ChildrenWithDisabilities/ROS2/ros2_ws/src/slam_module -DAMENT_CMAKE_SYMLINK_INSTALL=1 -DCMAKE_INSTALL_PREFIX=/home/raspi/Robots4ChildrenWithDisabilities/ROS2/ros2_ws/install/slam_module
[3.186s] DEBUG:colcon.colcon_core.event_handler.log_command:Invoking command in '/home/raspi/Robots4ChildrenWithDisabilities/ROS2/ros2_ws/build/slam_module': CMAKE_PREFIX_PATH=${CMAKE_PREFIX_PATH}:/opt/ros/jazzy /usr/bin/cmake --build /home/raspi/Robots4ChildrenWithDisabilities/ROS2/ros2_ws/build/slam_module -- -j4 -l4
[3.214s] DEBUG:colcon.colcon_core.event_handler.log_command:Invoked command in '/home/raspi/Robots4ChildrenWithDisabilities/ROS2/ros2_ws/build/nav_module' returned '0': CMAKE_PREFIX_PATH=${CMAKE_PREFIX_PATH}:/opt/ros/jazzy /usr/bin/cmake /home/raspi/Robots4ChildrenWithDisabilities/ROS2/ros2_ws/src/nav_module -DAMENT_CMAKE_SYMLINK_INSTALL=1 -DCMAKE_INSTALL_PREFIX=/home/raspi/Robots4ChildrenWithDisabilities/ROS2/ros2_ws/install/nav_module
[3.215s] DEBUG:colcon.colcon_core.event_handler.log_command:Invoking command in '/home/raspi/Robots4ChildrenWithDisabilities/ROS2/ros2_ws/build/nav_module': CMAKE_PREFIX_PATH=${CMAKE_PREFIX_PATH}:/opt/ros/jazzy /usr/bin/cmake --build /home/raspi/Robots4ChildrenWithDisabilities/ROS2/ros2_ws/build/nav_module -- -j4 -l4
[3.242s] DEBUG:colcon.colcon_core.event_handler.log_command:Invoked command in '/home/raspi/Robots4ChildrenWithDisabilities/ROS2/ros2_ws/build/rplidar_ros2' returned '0': CMAKE_PREFIX_PATH=${CMAKE_PREFIX_PATH}:/opt/ros/jazzy /usr/bin/cmake /home/raspi/Robots4ChildrenWithDisabilities/ROS2/ros2_ws/src/rplidar_ros2 -DAMENT_CMAKE_SYMLINK_INSTALL=1 -DCMAKE_INSTALL_PREFIX=/home/raspi/Robots4ChildrenWithDisabilities/ROS2/ros2_ws/install/rplidar_ros2
[3.244s] DEBUG:colcon.colcon_core.event_handler.log_command:Invoking command in '/home/raspi/Robots4ChildrenWithDisabilities/ROS2/ros2_ws/build/rplidar_ros2': CMAKE_PREFIX_PATH=${CMAKE_PREFIX_PATH}:/opt/ros/jazzy /usr/bin/cmake --build /home/raspi/Robots4ChildrenWithDisabilities/ROS2/ros2_ws/build/rplidar_ros2 -- -j4 -l4
[9.030s] DEBUG:colcon.colcon_core.event_handler.log_command:Invoked command in '/home/raspi/Robots4ChildrenWithDisabilities/ROS2/ros2_ws/build/slam_module' returned '0': CMAKE_PREFIX_PATH=${CMAKE_PREFIX_PATH}:/opt/ros/jazzy /usr/bin/cmake --build /home/raspi/Robots4ChildrenWithDisabilities/ROS2/ros2_ws/build/slam_module -- -j4 -l4
[9.034s] DEBUG:colcon.colcon_core.event_handler.log_command:Invoking command in '/home/raspi/Robots4ChildrenWithDisabilities/ROS2/ros2_ws/build/slam_module': CMAKE_PREFIX_PATH=${CMAKE_PREFIX_PATH}:/opt/ros/jazzy /usr/bin/cmake --install /home/raspi/Robots4ChildrenWithDisabilities/ROS2/ros2_ws/build/slam_module
[9.324s] DEBUG:colcon.colcon_core.event_handler.log_command:Invoked command in '/home/raspi/Robots4ChildrenWithDisabilities/ROS2/ros2_ws/build/rplidar_ros2' returned '0': CMAKE_PREFIX_PATH=${CMAKE_PREFIX_PATH}:/opt/ros/jazzy /usr/bin/cmake --build /home/raspi/Robots4ChildrenWithDisabilities/ROS2/ros2_ws/build/rplidar_ros2 -- -j4 -l4
[9.327s] DEBUG:colcon.colcon_core.event_handler.log_command:Invoking command in '/home/raspi/Robots4ChildrenWithDisabilities/ROS2/ros2_ws/build/rplidar_ros2': CMAKE_PREFIX_PATH=${CMAKE_PREFIX_PATH}:/opt/ros/jazzy /usr/bin/cmake --install /home/raspi/Robots4ChildrenWithDisabilities/ROS2/ros2_ws/build/rplidar_ros2
[9.384s] DEBUG:colcon.colcon_core.event_handler.log_command:Invoked command in '/home/raspi/Robots4ChildrenWithDisabilities/ROS2/ros2_ws/build/nav_module' returned '0': CMAKE_PREFIX_PATH=${CMAKE_PREFIX_PATH}:/opt/ros/jazzy /usr/bin/cmake --build /home/raspi/Robots4ChildrenWithDisabilities/ROS2/ros2_ws/build/nav_module -- -j4 -l4
[9.387s] DEBUG:colcon.colcon_core.event_handler.log_command:Invoking command in '/home/raspi/Robots4ChildrenWithDisabilities/ROS2/ros2_ws/build/nav_module': CMAKE_PREFIX_PATH=${CMAKE_PREFIX_PATH}:/opt/ros/jazzy /usr/bin/cmake --install /home/raspi/Robots4ChildrenWithDisabilities/ROS2/ros2_ws/build/nav_module
[9.476s] Level 1:colcon.colcon_core.environment:create_environment_scripts_only(slam_module)
[9.476s] Level 1:colcon.colcon_core.environment:checking '/home/raspi/Robots4ChildrenWithDisabilities/ROS2/ros2_ws/install/slam_module' for CMake module files
[9.477s] DEBUG:colcon.colcon_core.event_handler.log_command:Invoked command in '/home/raspi/Robots4ChildrenWithDisabilities/ROS2/ros2_ws/build/slam_module' returned '0': CMAKE_PREFIX_PATH=${CMAKE_PREFIX_PATH}:/opt/ros/jazzy /usr/bin/cmake --install /home/raspi/Robots4ChildrenWithDisabilities/ROS2/ros2_ws/build/slam_module
[9.477s] Level 1:colcon.colcon_core.environment:checking '/home/raspi/Robots4ChildrenWithDisabilities/ROS2/ros2_ws/install/slam_module' for CMake config files
[9.478s] Level 1:colcon.colcon_core.shell:create_environment_hook('slam_module', 'cmake_prefix_path')
[9.478s] INFO:colcon.colcon_core.shell:Creating environment hook '/home/raspi/Robots4ChildrenWithDisabilities/ROS2/ros2_ws/install/slam_module/share/slam_module/hook/cmake_prefix_path.ps1'
[9.479s] INFO:colcon.colcon_core.shell:Creating environment descriptor '/home/raspi/Robots4ChildrenWithDisabilities/ROS2/ros2_ws/install/slam_module/share/slam_module/hook/cmake_prefix_path.dsv'
[9.479s] INFO:colcon.colcon_core.shell:Creating environment hook '/home/raspi/Robots4ChildrenWithDisabilities/ROS2/ros2_ws/install/slam_module/share/slam_module/hook/cmake_prefix_path.sh'
[9.481s] Level 1:colcon.colcon_core.environment:checking '/home/raspi/Robots4ChildrenWithDisabilities/ROS2/ros2_ws/install/slam_module/lib'
[9.481s] Level 1:colcon.colcon_core.environment:checking '/home/raspi/Robots4ChildrenWithDisabilities/ROS2/ros2_ws/install/slam_module/bin'
[9.481s] Level 1:colcon.colcon_core.environment:checking '/home/raspi/Robots4ChildrenWithDisabilities/ROS2/ros2_ws/install/slam_module/lib/pkgconfig/slam_module.pc'
[9.482s] Level 1:colcon.colcon_core.environment:checking '/home/raspi/Robots4ChildrenWithDisabilities/ROS2/ros2_ws/install/slam_module/lib/python3.12/site-packages'
[9.482s] Level 1:colcon.colcon_core.environment:checking '/home/raspi/Robots4ChildrenWithDisabilities/ROS2/ros2_ws/install/slam_module/bin'
[9.482s] INFO:colcon.colcon_core.shell:Creating package script '/home/raspi/Robots4ChildrenWithDisabilities/ROS2/ros2_ws/install/slam_module/share/slam_module/package.ps1'
[9.483s] INFO:colcon.colcon_core.shell:Creating package descriptor '/home/raspi/Robots4ChildrenWithDisabilities/ROS2/ros2_ws/install/slam_module/share/slam_module/package.dsv'
[9.484s] INFO:colcon.colcon_core.shell:Creating package script '/home/raspi/Robots4ChildrenWithDisabilities/ROS2/ros2_ws/install/slam_module/share/slam_module/package.sh'
[9.485s] INFO:colcon.colcon_core.shell:Creating package script '/home/raspi/Robots4ChildrenWithDisabilities/ROS2/ros2_ws/install/slam_module/share/slam_module/package.bash'
[9.485s] INFO:colcon.colcon_core.shell:Creating package script '/home/raspi/Robots4ChildrenWithDisabilities/ROS2/ros2_ws/install/slam_module/share/slam_module/package.zsh'
[9.486s] Level 1:colcon.colcon_core.environment:create_file_with_runtime_dependencies(/home/raspi/Robots4ChildrenWithDisabilities/ROS2/ros2_ws/install/slam_module/share/colcon-core/packages/slam_module)
[9.487s] Level 1:colcon.colcon_core.environment:create_environment_scripts_only(slam_module)
[9.487s] Level 1:colcon.colcon_core.environment:checking '/home/raspi/Robots4ChildrenWithDisabilities/ROS2/ros2_ws/install/slam_module' for CMake module files
[9.489s] Level 1:colcon.colcon_core.environment:checking '/home/raspi/Robots4ChildrenWithDisabilities/ROS2/ros2_ws/install/slam_module' for CMake config files
[9.490s] Level 1:colcon.colcon_core.shell:create_environment_hook('slam_module', 'cmake_prefix_path')
[9.490s] INFO:colcon.colcon_core.shell:Creating environment hook '/home/raspi/Robots4ChildrenWithDisabilities/ROS2/ros2_ws/install/slam_module/share/slam_module/hook/cmake_prefix_path.ps1'
[9.491s] INFO:colcon.colcon_core.shell:Creating environment descriptor '/home/raspi/Robots4ChildrenWithDisabilities/ROS2/ros2_ws/install/slam_module/share/slam_module/hook/cmake_prefix_path.dsv'
[9.493s] INFO:colcon.colcon_core.shell:Creating environment hook '/home/raspi/Robots4ChildrenWithDisabilities/ROS2/ros2_ws/install/slam_module/share/slam_module/hook/cmake_prefix_path.sh'
[9.494s] Level 1:colcon.colcon_core.environment:checking '/home/raspi/Robots4ChildrenWithDisabilities/ROS2/ros2_ws/install/slam_module/lib'
[9.495s] Level 1:colcon.colcon_core.environment:checking '/home/raspi/Robots4ChildrenWithDisabilities/ROS2/ros2_ws/install/slam_module/bin'
[9.495s] Level 1:colcon.colcon_core.environment:checking '/home/raspi/Robots4ChildrenWithDisabilities/ROS2/ros2_ws/install/slam_module/lib/pkgconfig/slam_module.pc'
[9.495s] Level 1:colcon.colcon_core.environment:checking '/home/raspi/Robots4ChildrenWithDisabilities/ROS2/ros2_ws/install/slam_module/lib/python3.12/site-packages'
[9.495s] Level 1:colcon.colcon_core.environment:checking '/home/raspi/Robots4ChildrenWithDisabilities/ROS2/ros2_ws/install/slam_module/bin'
[9.496s] INFO:colcon.colcon_core.shell:Creating package script '/home/raspi/Robots4ChildrenWithDisabilities/ROS2/ros2_ws/install/slam_module/share/slam_module/package.ps1'
[9.497s] INFO:colcon.colcon_core.shell:Creating package descriptor '/home/raspi/Robots4ChildrenWithDisabilities/ROS2/ros2_ws/install/slam_module/share/slam_module/package.dsv'
[9.498s] INFO:colcon.colcon_core.shell:Creating package script '/home/raspi/Robots4ChildrenWithDisabilities/ROS2/ros2_ws/install/slam_module/share/slam_module/package.sh'
[9.499s] INFO:colcon.colcon_core.shell:Creating package script '/home/raspi/Robots4ChildrenWithDisabilities/ROS2/ros2_ws/install/slam_module/share/slam_module/package.bash'
[9.499s] INFO:colcon.colcon_core.shell:Creating package script '/home/raspi/Robots4ChildrenWithDisabilities/ROS2/ros2_ws/install/slam_module/share/slam_module/package.zsh'
[9.500s] Level 1:colcon.colcon_core.environment:create_file_with_runtime_dependencies(/home/raspi/Robots4ChildrenWithDisabilities/ROS2/ros2_ws/install/slam_module/share/colcon-core/packages/slam_module)
[9.638s] Level 1:colcon.colcon_core.environment:create_environment_scripts_only(rplidar_ros2)
[9.638s] Level 1:colcon.colcon_core.environment:checking '/home/raspi/Robots4ChildrenWithDisabilities/ROS2/ros2_ws/install/rplidar_ros2' for CMake module files
[9.639s] DEBUG:colcon.colcon_core.event_handler.log_command:Invoked command in '/home/raspi/Robots4ChildrenWithDisabilities/ROS2/ros2_ws/build/rplidar_ros2' returned '0': CMAKE_PREFIX_PATH=${CMAKE_PREFIX_PATH}:/opt/ros/jazzy /usr/bin/cmake --install /home/raspi/Robots4ChildrenWithDisabilities/ROS2/ros2_ws/build/rplidar_ros2
[9.639s] Level 1:colcon.colcon_core.environment:checking '/home/raspi/Robots4ChildrenWithDisabilities/ROS2/ros2_ws/install/rplidar_ros2' for CMake config files
[9.640s] Level 1:colcon.colcon_core.shell:create_environment_hook('rplidar_ros2', 'cmake_prefix_path')
[9.640s] INFO:colcon.colcon_core.shell:Creating environment hook '/home/raspi/Robots4ChildrenWithDisabilities/ROS2/ros2_ws/install/rplidar_ros2/share/rplidar_ros2/hook/cmake_prefix_path.ps1'
[9.641s] INFO:colcon.colcon_core.shell:Creating environment descriptor '/home/raspi/Robots4ChildrenWithDisabilities/ROS2/ros2_ws/install/rplidar_ros2/share/rplidar_ros2/hook/cmake_prefix_path.dsv'
[9.641s] INFO:colcon.colcon_core.shell:Creating environment hook '/home/raspi/Robots4ChildrenWithDisabilities/ROS2/ros2_ws/install/rplidar_ros2/share/rplidar_ros2/hook/cmake_prefix_path.sh'
[9.642s] Level 1:colcon.colcon_core.environment:checking '/home/raspi/Robots4ChildrenWithDisabilities/ROS2/ros2_ws/install/rplidar_ros2/lib'
[9.642s] Level 1:colcon.colcon_core.environment:checking '/home/raspi/Robots4ChildrenWithDisabilities/ROS2/ros2_ws/install/rplidar_ros2/bin'
[9.642s] Level 1:colcon.colcon_core.environment:checking '/home/raspi/Robots4ChildrenWithDisabilities/ROS2/ros2_ws/install/rplidar_ros2/lib/pkgconfig/rplidar_ros2.pc'
[9.643s] Level 1:colcon.colcon_core.environment:checking '/home/raspi/Robots4ChildrenWithDisabilities/ROS2/ros2_ws/install/rplidar_ros2/lib/python3.12/site-packages'
[9.643s] Level 1:colcon.colcon_core.environment:checking '/home/raspi/Robots4ChildrenWithDisabilities/ROS2/ros2_ws/install/rplidar_ros2/bin'
[9.643s] INFO:colcon.colcon_core.shell:Creating package script '/home/raspi/Robots4ChildrenWithDisabilities/ROS2/ros2_ws/install/rplidar_ros2/share/rplidar_ros2/package.ps1'
[9.644s] INFO:colcon.colcon_core.shell:Creating package descriptor '/home/raspi/Robots4ChildrenWithDisabilities/ROS2/ros2_ws/install/rplidar_ros2/share/rplidar_ros2/package.dsv'
[9.645s] INFO:colcon.colcon_core.shell:Creating package script '/home/raspi/Robots4ChildrenWithDisabilities/ROS2/ros2_ws/install/rplidar_ros2/share/rplidar_ros2/package.sh'
[9.645s] INFO:colcon.colcon_core.shell:Creating package script '/home/raspi/Robots4ChildrenWithDisabilities/ROS2/ros2_ws/install/rplidar_ros2/share/rplidar_ros2/package.bash'
[9.645s] INFO:colcon.colcon_core.shell:Creating package script '/home/raspi/Robots4ChildrenWithDisabilities/ROS2/ros2_ws/install/rplidar_ros2/share/rplidar_ros2/package.zsh'
[9.646s] Level 1:colcon.colcon_core.environment:create_file_with_runtime_dependencies(/home/raspi/Robots4ChildrenWithDisabilities/ROS2/ros2_ws/install/rplidar_ros2/share/colcon-core/packages/rplidar_ros2)
[9.647s] Level 1:colcon.colcon_core.environment:create_environment_scripts_only(rplidar_ros2)
[9.647s] Level 1:colcon.colcon_core.environment:checking '/home/raspi/Robots4ChildrenWithDisabilities/ROS2/ros2_ws/install/rplidar_ros2' for CMake module files
[9.648s] Level 1:colcon.colcon_core.environment:checking '/home/raspi/Robots4ChildrenWithDisabilities/ROS2/ros2_ws/install/rplidar_ros2' for CMake config files
[9.648s] Level 1:colcon.colcon_core.shell:create_environment_hook('rplidar_ros2', 'cmake_prefix_path')
[9.649s] INFO:colcon.colcon_core.shell:Creating environment hook '/home/raspi/Robots4ChildrenWithDisabilities/ROS2/ros2_ws/install/rplidar_ros2/share/rplidar_ros2/hook/cmake_prefix_path.ps1'
[9.649s] INFO:colcon.colcon_core.shell:Creating environment descriptor '/home/raspi/Robots4ChildrenWithDisabilities/ROS2/ros2_ws/install/rplidar_ros2/share/rplidar_ros2/hook/cmake_prefix_path.dsv'
[9.652s] INFO:colcon.colcon_core.shell:Creating environment hook '/home/raspi/Robots4ChildrenWithDisabilities/ROS2/ros2_ws/install/rplidar_ros2/share/rplidar_ros2/hook/cmake_prefix_path.sh'
[9.653s] Level 1:colcon.colcon_core.environment:checking '/home/raspi/Robots4ChildrenWithDisabilities/ROS2/ros2_ws/install/rplidar_ros2/lib'
[9.653s] Level 1:colcon.colcon_core.environment:checking '/home/raspi/Robots4ChildrenWithDisabilities/ROS2/ros2_ws/install/rplidar_ros2/bin'
[9.653s] Level 1:colcon.colcon_core.environment:checking '/home/raspi/Robots4ChildrenWithDisabilities/ROS2/ros2_ws/install/rplidar_ros2/lib/pkgconfig/rplidar_ros2.pc'
[9.653s] Level 1:colcon.colcon_core.environment:checking '/home/raspi/Robots4ChildrenWithDisabilities/ROS2/ros2_ws/install/rplidar_ros2/lib/python3.12/site-packages'
[9.654s] Level 1:colcon.colcon_core.environment:checking '/home/raspi/Robots4ChildrenWithDisabilities/ROS2/ros2_ws/install/rplidar_ros2/bin'
[9.654s] INFO:colcon.colcon_core.shell:Creating package script '/home/raspi/Robots4ChildrenWithDisabilities/ROS2/ros2_ws/install/rplidar_ros2/share/rplidar_ros2/package.ps1'
[9.655s] INFO:colcon.colcon_core.shell:Creating package descriptor '/home/raspi/Robots4ChildrenWithDisabilities/ROS2/ros2_ws/install/rplidar_ros2/share/rplidar_ros2/package.dsv'
[9.656s] INFO:colcon.colcon_core.shell:Creating package script '/home/raspi/Robots4ChildrenWithDisabilities/ROS2/ros2_ws/install/rplidar_ros2/share/rplidar_ros2/package.sh'
[9.656s] INFO:colcon.colcon_core.shell:Creating package script '/home/raspi/Robots4ChildrenWithDisabilities/ROS2/ros2_ws/install/rplidar_ros2/share/rplidar_ros2/package.bash'
[9.657s] INFO:colcon.colcon_core.shell:Creating package script '/home/raspi/Robots4ChildrenWithDisabilities/ROS2/ros2_ws/install/rplidar_ros2/share/rplidar_ros2/package.zsh'
[9.698s] Level 1:colcon.colcon_core.environment:create_file_with_runtime_dependencies(/home/raspi/Robots4ChildrenWithDisabilities/ROS2/ros2_ws/install/rplidar_ros2/share/colcon-core/packages/rplidar_ros2)
[9.765s] Level 1:colcon.colcon_core.environment:create_environment_scripts_only(nav_module)
[9.765s] Level 1:colcon.colcon_core.environment:checking '/home/raspi/Robots4ChildrenWithDisabilities/ROS2/ros2_ws/install/nav_module' for CMake module files
[9.766s] DEBUG:colcon.colcon_core.event_handler.log_command:Invoked command in '/home/raspi/Robots4ChildrenWithDisabilities/ROS2/ros2_ws/build/nav_module' returned '0': CMAKE_PREFIX_PATH=${CMAKE_PREFIX_PATH}:/opt/ros/jazzy /usr/bin/cmake --install /home/raspi/Robots4ChildrenWithDisabilities/ROS2/ros2_ws/build/nav_module
[9.766s] Level 1:colcon.colcon_core.environment:checking '/home/raspi/Robots4ChildrenWithDisabilities/ROS2/ros2_ws/install/nav_module' for CMake config files
[9.767s] Level 1:colcon.colcon_core.shell:create_environment_hook('nav_module', 'cmake_prefix_path')
[9.767s] INFO:colcon.colcon_core.shell:Creating environment hook '/home/raspi/Robots4ChildrenWithDisabilities/ROS2/ros2_ws/install/nav_module/share/nav_module/hook/cmake_prefix_path.ps1'
[9.768s] INFO:colcon.colcon_core.shell:Creating environment descriptor '/home/raspi/Robots4ChildrenWithDisabilities/ROS2/ros2_ws/install/nav_module/share/nav_module/hook/cmake_prefix_path.dsv'
[9.768s] INFO:colcon.colcon_core.shell:Creating environment hook '/home/raspi/Robots4ChildrenWithDisabilities/ROS2/ros2_ws/install/nav_module/share/nav_module/hook/cmake_prefix_path.sh'
[9.769s] Level 1:colcon.colcon_core.environment:checking '/home/raspi/Robots4ChildrenWithDisabilities/ROS2/ros2_ws/install/nav_module/lib'
[9.769s] Level 1:colcon.colcon_core.environment:checking '/home/raspi/Robots4ChildrenWithDisabilities/ROS2/ros2_ws/install/nav_module/bin'
[9.769s] Level 1:colcon.colcon_core.environment:checking '/home/raspi/Robots4ChildrenWithDisabilities/ROS2/ros2_ws/install/nav_module/lib/pkgconfig/nav_module.pc'
[9.769s] Level 1:colcon.colcon_core.environment:checking '/home/raspi/Robots4ChildrenWithDisabilities/ROS2/ros2_ws/install/nav_module/lib/python3.12/site-packages'
[9.770s] Level 1:colcon.colcon_core.environment:checking '/home/raspi/Robots4ChildrenWithDisabilities/ROS2/ros2_ws/install/nav_module/bin'
[9.770s] INFO:colcon.colcon_core.shell:Creating package script '/home/raspi/Robots4ChildrenWithDisabilities/ROS2/ros2_ws/install/nav_module/share/nav_module/package.ps1'
[9.770s] INFO:colcon.colcon_core.shell:Creating package descriptor '/home/raspi/Robots4ChildrenWithDisabilities/ROS2/ros2_ws/install/nav_module/share/nav_module/package.dsv'
[9.771s] INFO:colcon.colcon_core.shell:Creating package script '/home/raspi/Robots4ChildrenWithDisabilities/ROS2/ros2_ws/install/nav_module/share/nav_module/package.sh'
[9.771s] INFO:colcon.colcon_core.shell:Creating package script '/home/raspi/Robots4ChildrenWithDisabilities/ROS2/ros2_ws/install/nav_module/share/nav_module/package.bash'
[9.772s] INFO:colcon.colcon_core.shell:Creating package script '/home/raspi/Robots4ChildrenWithDisabilities/ROS2/ros2_ws/install/nav_module/share/nav_module/package.zsh'
[9.772s] Level 1:colcon.colcon_core.environment:create_file_with_runtime_dependencies(/home/raspi/Robots4ChildrenWithDisabilities/ROS2/ros2_ws/install/nav_module/share/colcon-core/packages/nav_module)
[9.773s] Level 1:colcon.colcon_core.environment:create_environment_scripts_only(nav_module)
[9.773s] Level 1:colcon.colcon_core.environment:checking '/home/raspi/Robots4ChildrenWithDisabilities/ROS2/ros2_ws/install/nav_module' for CMake module files
[9.774s] Level 1:colcon.colcon_core.environment:checking '/home/raspi/Robots4ChildrenWithDisabilities/ROS2/ros2_ws/install/nav_module' for CMake config files
[9.775s] Level 1:colcon.colcon_core.shell:create_environment_hook('nav_module', 'cmake_prefix_path')
[9.775s] INFO:colcon.colcon_core.shell:Creating environment hook '/home/raspi/Robots4ChildrenWithDisabilities/ROS2/ros2_ws/install/nav_module/share/nav_module/hook/cmake_prefix_path.ps1'
[9.775s] INFO:colcon.colcon_core.shell:Creating environment descriptor '/home/raspi/Robots4ChildrenWithDisabilities/ROS2/ros2_ws/install/nav_module/share/nav_module/hook/cmake_prefix_path.dsv'
[9.778s] INFO:colcon.colcon_core.shell:Creating environment hook '/home/raspi/Robots4ChildrenWithDisabilities/ROS2/ros2_ws/install/nav_module/share/nav_module/hook/cmake_prefix_path.sh'
[9.779s] Level 1:colcon.colcon_core.environment:checking '/home/raspi/Robots4ChildrenWithDisabilities/ROS2/ros2_ws/install/nav_module/lib'
[9.779s] Level 1:colcon.colcon_core.environment:checking '/home/raspi/Robots4ChildrenWithDisabilities/ROS2/ros2_ws/install/nav_module/bin'
[9.779s] Level 1:colcon.colcon_core.environment:checking '/home/raspi/Robots4ChildrenWithDisabilities/ROS2/ros2_ws/install/nav_module/lib/pkgconfig/nav_module.pc'
[9.779s] Level 1:colcon.colcon_core.environment:checking '/home/raspi/Robots4ChildrenWithDisabilities/ROS2/ros2_ws/install/nav_module/lib/python3.12/site-packages'
[9.780s] Level 1:colcon.colcon_core.environment:checking '/home/raspi/Robots4ChildrenWithDisabilities/ROS2/ros2_ws/install/nav_module/bin'
[9.780s] INFO:colcon.colcon_core.shell:Creating package script '/home/raspi/Robots4ChildrenWithDisabilities/ROS2/ros2_ws/install/nav_module/share/nav_module/package.ps1'
[9.781s] INFO:colcon.colcon_core.shell:Creating package descriptor '/home/raspi/Robots4ChildrenWithDisabilities/ROS2/ros2_ws/install/nav_module/share/nav_module/package.dsv'
[9.784s] INFO:colcon.colcon_core.shell:Creating package script '/home/raspi/Robots4ChildrenWithDisabilities/ROS2/ros2_ws/install/nav_module/share/nav_module/package.sh'
[9.784s] INFO:colcon.colcon_core.shell:Creating package script '/home/raspi/Robots4ChildrenWithDisabilities/ROS2/ros2_ws/install/nav_module/share/nav_module/package.bash'
[9.785s] INFO:colcon.colcon_core.shell:Creating package script '/home/raspi/Robots4ChildrenWithDisabilities/ROS2/ros2_ws/install/nav_module/share/nav_module/package.zsh'
[9.785s] Level 1:colcon.colcon_core.environment:create_file_with_runtime_dependencies(/home/raspi/Robots4ChildrenWithDisabilities/ROS2/ros2_ws/install/nav_module/share/colcon-core/packages/nav_module)
[9.786s] DEBUG:colcon.colcon_parallel_executor.executor.parallel:closing loop
[9.786s] DEBUG:colcon.colcon_parallel_executor.executor.parallel:loop closed
[9.786s] DEBUG:colcon.colcon_parallel_executor.executor.parallel:run_until_complete finished with '0'
[9.786s] DEBUG:colcon.colcon_core.event_reactor:joining thread
[9.795s] INFO:colcon.colcon_core.plugin_system:Skipping extension 'colcon_notification.desktop_notification.notify_send': Could not find 'notify-send'
[9.796s] INFO:colcon.colcon_core.plugin_system:Skipping extension 'colcon_notification.desktop_notification.terminal_notifier': Not used on non-Darwin systems
[9.796s] INFO:colcon.colcon_core.plugin_system:Skipping extension 'colcon_notification.desktop_notification.win32': Not used on non-Windows systems
[9.796s] INFO:colcon.colcon_notification.desktop_notification:Sending desktop notification using 'notify2'
[9.797s] DEBUG:colcon.colcon_notification.desktop_notification.notify2:Failed to initialize notify2: org.freedesktop.DBus.Error.ServiceUnknown: The name org.freedesktop.Notifications was not provided by any .service files
[9.797s] DEBUG:colcon.colcon_core.event_reactor:joined thread
[9.797s] INFO:colcon.colcon_core.shell:Creating prefix script '/home/raspi/Robots4ChildrenWithDisabilities/ROS2/ros2_ws/install/local_setup.ps1'
[9.799s] INFO:colcon.colcon_core.shell:Creating prefix util module '/home/raspi/Robots4ChildrenWithDisabilities/ROS2/ros2_ws/install/_local_setup_util_ps1.py'
[9.800s] INFO:colcon.colcon_core.shell:Creating prefix chain script '/home/raspi/Robots4ChildrenWithDisabilities/ROS2/ros2_ws/install/setup.ps1'
[9.802s] INFO:colcon.colcon_core.shell:Creating prefix script '/home/raspi/Robots4ChildrenWithDisabilities/ROS2/ros2_ws/install/local_setup.sh'
[9.802s] INFO:colcon.colcon_core.shell:Creating prefix util module '/home/raspi/Robots4ChildrenWithDisabilities/ROS2/ros2_ws/install/_local_setup_util_sh.py'
[9.803s] INFO:colcon.colcon_core.shell:Creating prefix chain script '/home/raspi/Robots4ChildrenWithDisabilities/ROS2/ros2_ws/install/setup.sh'
[9.804s] INFO:colcon.colcon_core.shell:Creating prefix script '/home/raspi/Robots4ChildrenWithDisabilities/ROS2/ros2_ws/install/local_setup.bash'
[9.805s] INFO:colcon.colcon_core.shell:Creating prefix chain script '/home/raspi/Robots4ChildrenWithDisabilities/ROS2/ros2_ws/install/setup.bash'
[9.806s] INFO:colcon.colcon_core.shell:Creating prefix script '/home/raspi/Robots4ChildrenWithDisabilities/ROS2/ros2_ws/install/local_setup.zsh'
[9.807s] INFO:colcon.colcon_core.shell:Creating prefix chain script '/home/raspi/Robots4ChildrenWithDisabilities/ROS2/ros2_ws/install/setup.zsh'
