[0.019s] Invoking command in '/home/raspi/Robots4ChildrenWithDisabilities/ROS2/ros2_ws/build/slam_module': CMAKE_PREFIX_PATH=${CMAKE_PREFIX_PATH}:/opt/ros/jazzy /usr/bin/cmake --build /home/raspi/Robots4ChildrenWithDisabilities/ROS2/ros2_ws/build/slam_module -- -j4 -l4
[0.103s] Invoked command in '/home/raspi/Robots4ChildrenWithDisabilities/ROS2/ros2_ws/build/slam_module' returned '0': CMAKE_PREFIX_PATH=${CMAKE_PREFIX_PATH}:/opt/ros/jazzy /usr/bin/cmake --build /home/raspi/Robots4ChildrenWithDisabilities/ROS2/ros2_ws/build/slam_module -- -j4 -l4
[0.125s] Invoking command in '/home/raspi/Robots4ChildrenWithDisabilities/ROS2/ros2_ws/build/slam_module': CMAKE_PREFIX_PATH=${CMAKE_PREFIX_PATH}:/opt/ros/jazzy /usr/bin/cmake --install /home/raspi/Robots4ChildrenWithDisabilities/ROS2/ros2_ws/build/slam_module
[0.141s] -- Install configuration: ""
[0.143s] -- Up-to-date: /home/raspi/Robots4ChildrenWithDisabilities/ROS2/ros2_ws/install/slam_module/share/slam_module/launch
[0.143s] -- Installing: /home/raspi/Robots4ChildrenWithDisabilities/ROS2/ros2_ws/install/slam_module/share/slam_module/launch/slam.launch.py
[0.144s] -- Up-to-date: /home/raspi/Robots4ChildrenWithDisabilities/ROS2/ros2_ws/install/slam_module/share/slam_module/config
[0.145s] -- Up-to-date: /home/raspi/Robots4ChildrenWithDisabilities/ROS2/ros2_ws/install/slam_module/share/slam_module/config/slam_toolbox_params.yaml
[0.145s] -- Up-to-date: /home/raspi/Robots4ChildrenWithDisabilities/ROS2/ros2_ws/install/slam_module/share/slam_module/package.xml
[0.145s] -- Up-to-date: /home/raspi/Robots4ChildrenWithDisabilities/ROS2/ros2_ws/install/slam_module/share/ament_index/resource_index/package_run_dependencies/slam_module
[0.145s] -- Up-to-date: /home/raspi/Robots4ChildrenWithDisabilities/ROS2/ros2_ws/install/slam_module/share/ament_index/resource_index/parent_prefix_path/slam_module
[0.145s] -- Up-to-date: /home/raspi/Robots4ChildrenWithDisabilities/ROS2/ros2_ws/install/slam_module/share/slam_module/environment/ament_prefix_path.sh
[0.145s] -- Up-to-date: /home/raspi/Robots4ChildrenWithDisabilities/ROS2/ros2_ws/install/slam_module/share/slam_module/environment/ament_prefix_path.dsv
[0.145s] -- Up-to-date: /home/raspi/Robots4ChildrenWithDisabilities/ROS2/ros2_ws/install/slam_module/share/slam_module/environment/path.sh
[0.145s] -- Up-to-date: /home/raspi/Robots4ChildrenWithDisabilities/ROS2/ros2_ws/install/slam_module/share/slam_module/environment/path.dsv
[0.146s] -- Up-to-date: /home/raspi/Robots4ChildrenWithDisabilities/ROS2/ros2_ws/install/slam_module/share/slam_module/local_setup.bash
[0.146s] -- Up-to-date: /home/raspi/Robots4ChildrenWithDisabilities/ROS2/ros2_ws/install/slam_module/share/slam_module/local_setup.sh
[0.146s] -- Up-to-date: /home/raspi/Robots4ChildrenWithDisabilities/ROS2/ros2_ws/install/slam_module/share/slam_module/local_setup.zsh
[0.146s] -- Up-to-date: /home/raspi/Robots4ChildrenWithDisabilities/ROS2/ros2_ws/install/slam_module/share/slam_module/local_setup.dsv
[0.146s] -- Up-to-date: /home/raspi/Robots4ChildrenWithDisabilities/ROS2/ros2_ws/install/slam_module/share/slam_module/package.dsv
[0.146s] -- Up-to-date: /home/raspi/Robots4ChildrenWithDisabilities/ROS2/ros2_ws/install/slam_module/share/ament_index/resource_index/packages/slam_module
[0.146s] -- Up-to-date: /home/raspi/Robots4ChildrenWithDisabilities/ROS2/ros2_ws/install/slam_module/share/slam_module/cmake/slam_moduleConfig.cmake
[0.147s] -- Up-to-date: /home/raspi/Robots4ChildrenWithDisabilities/ROS2/ros2_ws/install/slam_module/share/slam_module/cmake/slam_moduleConfig-version.cmake
[0.147s] -- Up-to-date: /home/raspi/Robots4ChildrenWithDisabilities/ROS2/ros2_ws/install/slam_module/share/slam_module/package.xml
[0.149s] Invoked command in '/home/raspi/Robots4ChildrenWithDisabilities/ROS2/ros2_ws/build/slam_module' returned '0': CMAKE_PREFIX_PATH=${CMAKE_PREFIX_PATH}:/opt/ros/jazzy /usr/bin/cmake --install /home/raspi/Robots4ChildrenWithDisabilities/ROS2/ros2_ws/build/slam_module
