[0.023s] Invoking command in '/home/raspi/Robots4ChildrenWithDisabilities/ROS2/ros2_ws/build/rplidar_ros2': CMAKE_PREFIX_PATH=${CMAKE_PREFIX_PATH}:/opt/ros/jazzy /usr/bin/cmake /home/raspi/Robots4ChildrenWithDisabilities/ROS2/ros2_ws/src/rplidar_ros2 -DAMENT_CMAKE_SYMLINK_INSTALL=1 -DCMAKE_INSTALL_PREFIX=/home/raspi/Robots4ChildrenWithDisabilities/ROS2/ros2_ws/install/rplidar_ros2
[0.207s] -- The C compiler identification is GNU 13.3.0
[0.375s] -- The CXX compiler identification is GNU 13.3.0
[0.424s] -- Detecting C compiler ABI info
[0.709s] -- Detecting C compiler ABI info - done
[0.745s] -- Check for working C compiler: /usr/bin/cc - skipped
[0.745s] -- Detecting C compile features
[0.751s] -- Detecting C compile features - done
[0.767s] -- Detecting CXX compiler ABI info
[1.069s] -- Detecting CXX compiler ABI info - done
[1.117s] -- Check for working CXX compiler: /usr/bin/c++ - skipped
[1.124s] -- Detecting CXX compile features
[1.125s] -- Detecting CXX compile features - done
[1.139s] -- Found ament_cmake: 2.5.4 (/opt/ros/jazzy/share/ament_cmake/cmake)
[1.559s] -- Found Python3: /usr/bin/python3 (found version "3.12.3") found components: Interpreter 
[1.820s] -- Override CMake install command with custom implementation using symlinks instead of copying resources
[1.887s] -- Found rclcpp: 28.1.9 (/opt/ros/jazzy/share/rclcpp/cmake)
[1.940s] -- Found rosidl_generator_c: 4.6.5 (/opt/ros/jazzy/share/rosidl_generator_c/cmake)
[1.960s] -- Found rosidl_generator_cpp: 4.6.5 (/opt/ros/jazzy/share/rosidl_generator_cpp/cmake)
[1.992s] -- Using all available rosidl_typesupport_c: rosidl_typesupport_fastrtps_c;rosidl_typesupport_introspection_c
[2.021s] -- Using all available rosidl_typesupport_cpp: rosidl_typesupport_fastrtps_cpp;rosidl_typesupport_introspection_cpp
[2.156s] -- Found rmw_implementation_cmake: 7.3.2 (/opt/ros/jazzy/share/rmw_implementation_cmake/cmake)
[2.164s] -- Found rmw_fastrtps_cpp: 8.4.2 (/opt/ros/jazzy/share/rmw_fastrtps_cpp/cmake)
[2.335s] -- Found OpenSSL: /usr/lib/aarch64-linux-gnu/libcrypto.so (found version "3.0.13")  
[2.367s] -- Found FastRTPS: /opt/ros/jazzy/include (Required is at least version "2.13") 
[2.412s] -- Using RMW implementation 'rmw_fastrtps_cpp' as default
[2.844s] -- Configuring done (2.8s)
[2.864s] -- Generating done (0.0s)
[2.876s] -- Build files have been written to: /home/raspi/Robots4ChildrenWithDisabilities/ROS2/ros2_ws/build/rplidar_ros2
[2.899s] Invoked command in '/home/raspi/Robots4ChildrenWithDisabilities/ROS2/ros2_ws/build/rplidar_ros2' returned '0': CMAKE_PREFIX_PATH=${CMAKE_PREFIX_PATH}:/opt/ros/jazzy /usr/bin/cmake /home/raspi/Robots4ChildrenWithDisabilities/ROS2/ros2_ws/src/rplidar_ros2 -DAMENT_CMAKE_SYMLINK_INSTALL=1 -DCMAKE_INSTALL_PREFIX=/home/raspi/Robots4ChildrenWithDisabilities/ROS2/ros2_ws/install/rplidar_ros2
[2.901s] Invoking command in '/home/raspi/Robots4ChildrenWithDisabilities/ROS2/ros2_ws/build/rplidar_ros2': CMAKE_PREFIX_PATH=${CMAKE_PREFIX_PATH}:/opt/ros/jazzy /usr/bin/cmake --build /home/raspi/Robots4ChildrenWithDisabilities/ROS2/ros2_ws/build/rplidar_ros2 -- -j4 -l4
[2.993s] [ 50%] [32mBuilding CXX object CMakeFiles/rplidar_node.dir/src/rplidar_node.cpp.o[0m
[8.614s] [100%] [32m[1mLinking CXX executable rplidar_node[0m
[8.957s] [100%] Built target rplidar_node
[8.982s] Invoked command in '/home/raspi/Robots4ChildrenWithDisabilities/ROS2/ros2_ws/build/rplidar_ros2' returned '0': CMAKE_PREFIX_PATH=${CMAKE_PREFIX_PATH}:/opt/ros/jazzy /usr/bin/cmake --build /home/raspi/Robots4ChildrenWithDisabilities/ROS2/ros2_ws/build/rplidar_ros2 -- -j4 -l4
[8.984s] Invoking command in '/home/raspi/Robots4ChildrenWithDisabilities/ROS2/ros2_ws/build/rplidar_ros2': CMAKE_PREFIX_PATH=${CMAKE_PREFIX_PATH}:/opt/ros/jazzy /usr/bin/cmake --install /home/raspi/Robots4ChildrenWithDisabilities/ROS2/ros2_ws/build/rplidar_ros2
[9.000s] -- Install configuration: ""
[9.002s] -- Execute custom install script
[9.002s] -- Symlinking: /home/raspi/Robots4ChildrenWithDisabilities/ROS2/ros2_ws/install/rplidar_ros2/lib/rplidar_node
[9.020s] -- Symlinking: /home/raspi/Robots4ChildrenWithDisabilities/ROS2/ros2_ws/install/rplidar_ros2/share/rplidar_ros2/launch/rplidar.launch.py
[9.040s] -- Symlinking: /home/raspi/Robots4ChildrenWithDisabilities/ROS2/ros2_ws/install/rplidar_ros2/share/rplidar_ros2/package.xml
[9.058s] -- Symlinking: /home/raspi/Robots4ChildrenWithDisabilities/ROS2/ros2_ws/install/rplidar_ros2/share/ament_index/resource_index/package_run_dependencies/rplidar_ros2
[9.077s] -- Symlinking: /home/raspi/Robots4ChildrenWithDisabilities/ROS2/ros2_ws/install/rplidar_ros2/share/ament_index/resource_index/parent_prefix_path/rplidar_ros2
[9.096s] -- Symlinking: /home/raspi/Robots4ChildrenWithDisabilities/ROS2/ros2_ws/install/rplidar_ros2/share/rplidar_ros2/environment/ament_prefix_path.sh
[9.114s] -- Symlinking: /home/raspi/Robots4ChildrenWithDisabilities/ROS2/ros2_ws/install/rplidar_ros2/share/rplidar_ros2/environment/ament_prefix_path.dsv
[9.130s] -- Symlinking: /home/raspi/Robots4ChildrenWithDisabilities/ROS2/ros2_ws/install/rplidar_ros2/share/rplidar_ros2/environment/path.sh
[9.147s] -- Symlinking: /home/raspi/Robots4ChildrenWithDisabilities/ROS2/ros2_ws/install/rplidar_ros2/share/rplidar_ros2/environment/path.dsv
[9.163s] -- Symlinking: /home/raspi/Robots4ChildrenWithDisabilities/ROS2/ros2_ws/install/rplidar_ros2/share/rplidar_ros2/local_setup.bash
[9.179s] -- Symlinking: /home/raspi/Robots4ChildrenWithDisabilities/ROS2/ros2_ws/install/rplidar_ros2/share/rplidar_ros2/local_setup.sh
[9.196s] -- Symlinking: /home/raspi/Robots4ChildrenWithDisabilities/ROS2/ros2_ws/install/rplidar_ros2/share/rplidar_ros2/local_setup.zsh
[9.212s] -- Symlinking: /home/raspi/Robots4ChildrenWithDisabilities/ROS2/ros2_ws/install/rplidar_ros2/share/rplidar_ros2/local_setup.dsv
[9.228s] -- Symlinking: /home/raspi/Robots4ChildrenWithDisabilities/ROS2/ros2_ws/install/rplidar_ros2/share/rplidar_ros2/package.dsv
[9.244s] -- Symlinking: /home/raspi/Robots4ChildrenWithDisabilities/ROS2/ros2_ws/install/rplidar_ros2/share/ament_index/resource_index/packages/rplidar_ros2
[9.260s] -- Symlinking: /home/raspi/Robots4ChildrenWithDisabilities/ROS2/ros2_ws/install/rplidar_ros2/share/rplidar_ros2/cmake/rplidar_ros2Config.cmake
[9.276s] -- Symlinking: /home/raspi/Robots4ChildrenWithDisabilities/ROS2/ros2_ws/install/rplidar_ros2/share/rplidar_ros2/cmake/rplidar_ros2Config-version.cmake
[9.293s] -- Up-to-date symlink: /home/raspi/Robots4ChildrenWithDisabilities/ROS2/ros2_ws/install/rplidar_ros2/share/rplidar_ros2/package.xml
[9.296s] Invoked command in '/home/raspi/Robots4ChildrenWithDisabilities/ROS2/ros2_ws/build/rplidar_ros2' returned '0': CMAKE_PREFIX_PATH=${CMAKE_PREFIX_PATH}:/opt/ros/jazzy /usr/bin/cmake --install /home/raspi/Robots4ChildrenWithDisabilities/ROS2/ros2_ws/build/rplidar_ros2
