[0.025s] Invoking command in '/home/raspi/Robots4ChildrenWithDisabilities/ROS2/ros2_ws/build/nav_module': CMAKE_PREFIX_PATH=${CMAKE_PREFIX_PATH}:/opt/ros/jazzy /usr/bin/cmake /home/raspi/Robots4ChildrenWithDisabilities/ROS2/ros2_ws/src/nav_module -DAMENT_CMAKE_SYMLINK_INSTALL=1 -DCMAKE_INSTALL_PREFIX=/home/raspi/Robots4ChildrenWithDisabilities/ROS2/ros2_ws/install/nav_module
[0.179s] -- The C compiler identification is GNU 13.3.0
[0.334s] -- The CXX compiler identification is GNU 13.3.0
[0.373s] -- Detecting C compiler ABI info
[0.677s] -- Detecting C compiler ABI info - done
[0.739s] -- Check for working C compiler: /usr/bin/cc - skipped
[0.741s] -- Detecting C compile features
[0.742s] -- Detecting C compile features - done
[0.762s] -- Detecting CXX compiler ABI info
[1.054s] -- Detecting CXX compiler ABI info - done
[1.099s] -- Check for working CXX compiler: /usr/bin/c++ - skipped
[1.101s] -- Detecting CXX compile features
[1.103s] -- Detecting CXX compile features - done
[1.110s] -- Found ament_cmake: 2.5.4 (/opt/ros/jazzy/share/ament_cmake/cmake)
[1.476s] -- Found Python3: /usr/bin/python3 (found version "3.12.3") found components: Interpreter 
[1.686s] -- Override CMake install command with custom implementation using symlinks instead of copying resources
[1.739s] -- Found rclcpp: 28.1.9 (/opt/ros/jazzy/share/rclcpp/cmake)
[1.800s] -- Found rosidl_generator_c: 4.6.5 (/opt/ros/jazzy/share/rosidl_generator_c/cmake)
[1.825s] -- Found rosidl_generator_cpp: 4.6.5 (/opt/ros/jazzy/share/rosidl_generator_cpp/cmake)
[1.850s] -- Using all available rosidl_typesupport_c: rosidl_typesupport_fastrtps_c;rosidl_typesupport_introspection_c
[1.878s] -- Using all available rosidl_typesupport_cpp: rosidl_typesupport_fastrtps_cpp;rosidl_typesupport_introspection_cpp
[2.043s] -- Found rmw_implementation_cmake: 7.3.2 (/opt/ros/jazzy/share/rmw_implementation_cmake/cmake)
[2.053s] -- Found rmw_fastrtps_cpp: 8.4.2 (/opt/ros/jazzy/share/rmw_fastrtps_cpp/cmake)
[2.242s] -- Found OpenSSL: /usr/lib/aarch64-linux-gnu/libcrypto.so (found version "3.0.13")  
[2.272s] -- Found FastRTPS: /opt/ros/jazzy/include (Required is at least version "2.13") 
[2.316s] -- Using RMW implementation 'rmw_fastrtps_cpp' as default
[2.702s] -- Configuring done (2.7s)
[2.722s] -- Generating done (0.0s)
[2.728s] -- Build files have been written to: /home/raspi/Robots4ChildrenWithDisabilities/ROS2/ros2_ws/build/nav_module
[2.761s] Invoked command in '/home/raspi/Robots4ChildrenWithDisabilities/ROS2/ros2_ws/build/nav_module' returned '0': CMAKE_PREFIX_PATH=${CMAKE_PREFIX_PATH}:/opt/ros/jazzy /usr/bin/cmake /home/raspi/Robots4ChildrenWithDisabilities/ROS2/ros2_ws/src/nav_module -DAMENT_CMAKE_SYMLINK_INSTALL=1 -DCMAKE_INSTALL_PREFIX=/home/raspi/Robots4ChildrenWithDisabilities/ROS2/ros2_ws/install/nav_module
[2.762s] Invoking command in '/home/raspi/Robots4ChildrenWithDisabilities/ROS2/ros2_ws/build/nav_module': CMAKE_PREFIX_PATH=${CMAKE_PREFIX_PATH}:/opt/ros/jazzy /usr/bin/cmake --build /home/raspi/Robots4ChildrenWithDisabilities/ROS2/ros2_ws/build/nav_module -- -j4 -l4
[2.867s] [ 50%] [32mBuilding CXX object CMakeFiles/navigator_node.dir/src/navigator_node.cpp.o[0m
[8.101s] [100%] [32m[1mLinking CXX executable navigator_node[0m
[8.417s] [100%] Built target navigator_node
[8.442s] Invoked command in '/home/raspi/Robots4ChildrenWithDisabilities/ROS2/ros2_ws/build/nav_module' returned '0': CMAKE_PREFIX_PATH=${CMAKE_PREFIX_PATH}:/opt/ros/jazzy /usr/bin/cmake --build /home/raspi/Robots4ChildrenWithDisabilities/ROS2/ros2_ws/build/nav_module -- -j4 -l4
[8.444s] Invoking command in '/home/raspi/Robots4ChildrenWithDisabilities/ROS2/ros2_ws/build/nav_module': CMAKE_PREFIX_PATH=${CMAKE_PREFIX_PATH}:/opt/ros/jazzy /usr/bin/cmake --install /home/raspi/Robots4ChildrenWithDisabilities/ROS2/ros2_ws/build/nav_module
[8.461s] -- Install configuration: ""
[8.462s] -- Execute custom install script
[8.462s] -- Symlinking: /home/raspi/Robots4ChildrenWithDisabilities/ROS2/ros2_ws/install/nav_module/lib/navigator_node
[8.487s] -- Symlinking: /home/raspi/Robots4ChildrenWithDisabilities/ROS2/ros2_ws/install/nav_module/share/nav_module/launch/navigation.launch.py
[8.509s] -- Symlinking: /home/raspi/Robots4ChildrenWithDisabilities/ROS2/ros2_ws/install/nav_module/share/nav_module/config/amcl.yaml
[8.529s] -- Symlinking: /home/raspi/Robots4ChildrenWithDisabilities/ROS2/ros2_ws/install/nav_module/share/nav_module/config/costmap_common.yaml
[8.548s] -- Symlinking: /home/raspi/Robots4ChildrenWithDisabilities/ROS2/ros2_ws/install/nav_module/share/nav_module/config/global_costmap.yaml
[8.566s] -- Symlinking: /home/raspi/Robots4ChildrenWithDisabilities/ROS2/ros2_ws/install/nav_module/share/nav_module/config/local_costmap.yaml
[8.584s] -- Symlinking: /home/raspi/Robots4ChildrenWithDisabilities/ROS2/ros2_ws/install/nav_module/share/nav_module/config/move_base.yaml
[8.604s] -- Symlinking: /home/raspi/Robots4ChildrenWithDisabilities/ROS2/ros2_ws/install/nav_module/share/nav_module/package.xml
[8.622s] -- Symlinking: /home/raspi/Robots4ChildrenWithDisabilities/ROS2/ros2_ws/install/nav_module/share/ament_index/resource_index/package_run_dependencies/nav_module
[8.641s] -- Symlinking: /home/raspi/Robots4ChildrenWithDisabilities/ROS2/ros2_ws/install/nav_module/share/ament_index/resource_index/parent_prefix_path/nav_module
[8.657s] -- Symlinking: /home/raspi/Robots4ChildrenWithDisabilities/ROS2/ros2_ws/install/nav_module/share/nav_module/environment/ament_prefix_path.sh
[8.673s] -- Symlinking: /home/raspi/Robots4ChildrenWithDisabilities/ROS2/ros2_ws/install/nav_module/share/nav_module/environment/ament_prefix_path.dsv
[8.694s] -- Symlinking: /home/raspi/Robots4ChildrenWithDisabilities/ROS2/ros2_ws/install/nav_module/share/nav_module/environment/path.sh
[8.710s] -- Symlinking: /home/raspi/Robots4ChildrenWithDisabilities/ROS2/ros2_ws/install/nav_module/share/nav_module/environment/path.dsv
[8.737s] -- Symlinking: /home/raspi/Robots4ChildrenWithDisabilities/ROS2/ros2_ws/install/nav_module/share/nav_module/local_setup.bash
[8.753s] -- Symlinking: /home/raspi/Robots4ChildrenWithDisabilities/ROS2/ros2_ws/install/nav_module/share/nav_module/local_setup.sh
[8.771s] -- Symlinking: /home/raspi/Robots4ChildrenWithDisabilities/ROS2/ros2_ws/install/nav_module/share/nav_module/local_setup.zsh
[8.790s] -- Symlinking: /home/raspi/Robots4ChildrenWithDisabilities/ROS2/ros2_ws/install/nav_module/share/nav_module/local_setup.dsv
[8.812s] -- Symlinking: /home/raspi/Robots4ChildrenWithDisabilities/ROS2/ros2_ws/install/nav_module/share/nav_module/package.dsv
[8.831s] -- Symlinking: /home/raspi/Robots4ChildrenWithDisabilities/ROS2/ros2_ws/install/nav_module/share/ament_index/resource_index/packages/nav_module
[8.848s] -- Symlinking: /home/raspi/Robots4ChildrenWithDisabilities/ROS2/ros2_ws/install/nav_module/share/nav_module/cmake/nav_moduleConfig.cmake
[8.865s] -- Symlinking: /home/raspi/Robots4ChildrenWithDisabilities/ROS2/ros2_ws/install/nav_module/share/nav_module/cmake/nav_moduleConfig-version.cmake
[8.882s] -- Up-to-date symlink: /home/raspi/Robots4ChildrenWithDisabilities/ROS2/ros2_ws/install/nav_module/share/nav_module/package.xml
[8.889s] Invoked command in '/home/raspi/Robots4ChildrenWithDisabilities/ROS2/ros2_ws/build/nav_module' returned '0': CMAKE_PREFIX_PATH=${CMAKE_PREFIX_PATH}:/opt/ros/jazzy /usr/bin/cmake --install /home/raspi/Robots4ChildrenWithDisabilities/ROS2/ros2_ws/build/nav_module
