[0.039s] Invoking command in '/home/raspi/Robots4ChildrenWithDisabilities/ROS2/ros2_ws/build/system_launcher': CMAKE_PREFIX_PATH=${CMAKE_PREFIX_PATH}:/opt/ros/jazzy /usr/bin/cmake /home/raspi/Robots4ChildrenWithDisabilities/ROS2/ros2_ws/src/system_launcher -DCMAKE_INSTALL_PREFIX=/home/raspi/Robots4ChildrenWithDisabilities/ROS2/ros2_ws/install/system_launcher
[0.287s] -- The C compiler identification is GNU 13.3.0
[0.523s] -- The CXX compiler identification is GNU 13.3.0
[0.619s] -- Detecting C compiler ABI info
[0.974s] -- Detecting C compiler ABI info - done
[1.044s] -- Check for working C compiler: /usr/bin/cc - skipped
[1.045s] -- Detecting C compile features
[1.045s] -- Detecting C compile features - done
[1.068s] -- Detecting CXX compiler ABI info
[1.559s] -- Detecting CXX compiler ABI info - done
[1.632s] -- Check for working CXX compiler: /usr/bin/c++ - skipped
[1.632s] -- Detecting CXX compile features
[1.633s] -- Detecting CXX compile features - done
[1.642s] -- Found ament_cmake: 2.5.4 (/opt/ros/jazzy/share/ament_cmake/cmake)
[2.325s] -- Found Python3: /usr/bin/python3 (found version "3.12.3") found components: Interpreter 
[3.013s] -- Configuring done (2.9s)
[3.025s] -- Generating done (0.0s)
[3.034s] -- Build files have been written to: /home/raspi/Robots4ChildrenWithDisabilities/ROS2/ros2_ws/build/system_launcher
[3.074s] Invoked command in '/home/raspi/Robots4ChildrenWithDisabilities/ROS2/ros2_ws/build/system_launcher' returned '0': CMAKE_PREFIX_PATH=${CMAKE_PREFIX_PATH}:/opt/ros/jazzy /usr/bin/cmake /home/raspi/Robots4ChildrenWithDisabilities/ROS2/ros2_ws/src/system_launcher -DCMAKE_INSTALL_PREFIX=/home/raspi/Robots4ChildrenWithDisabilities/ROS2/ros2_ws/install/system_launcher
[3.076s] Invoking command in '/home/raspi/Robots4ChildrenWithDisabilities/ROS2/ros2_ws/build/system_launcher': CMAKE_PREFIX_PATH=${CMAKE_PREFIX_PATH}:/opt/ros/jazzy /usr/bin/cmake --build /home/raspi/Robots4ChildrenWithDisabilities/ROS2/ros2_ws/build/system_launcher -- -j4 -l4
[3.286s] Invoked command in '/home/raspi/Robots4ChildrenWithDisabilities/ROS2/ros2_ws/build/system_launcher' returned '0': CMAKE_PREFIX_PATH=${CMAKE_PREFIX_PATH}:/opt/ros/jazzy /usr/bin/cmake --build /home/raspi/Robots4ChildrenWithDisabilities/ROS2/ros2_ws/build/system_launcher -- -j4 -l4
[3.321s] Invoking command in '/home/raspi/Robots4ChildrenWithDisabilities/ROS2/ros2_ws/build/system_launcher': CMAKE_PREFIX_PATH=${CMAKE_PREFIX_PATH}:/opt/ros/jazzy /usr/bin/cmake --install /home/raspi/Robots4ChildrenWithDisabilities/ROS2/ros2_ws/build/system_launcher
[3.348s] -- Install configuration: ""
[3.348s] -- Installing: /home/raspi/Robots4ChildrenWithDisabilities/ROS2/ros2_ws/install/system_launcher/share/system_launcher/launch
[3.349s] -- Installing: /home/raspi/Robots4ChildrenWithDisabilities/ROS2/ros2_ws/install/system_launcher/share/system_launcher/launch/system.launch.py
[3.349s] -- Installing: /home/raspi/Robots4ChildrenWithDisabilities/ROS2/ros2_ws/install/system_launcher/share/system_launcher/package.xml
[3.349s] -- Installing: /home/raspi/Robots4ChildrenWithDisabilities/ROS2/ros2_ws/install/system_launcher/share/ament_index/resource_index/package_run_dependencies/system_launcher
[3.350s] -- Installing: /home/raspi/Robots4ChildrenWithDisabilities/ROS2/ros2_ws/install/system_launcher/share/ament_index/resource_index/parent_prefix_path/system_launcher
[3.350s] -- Installing: /home/raspi/Robots4ChildrenWithDisabilities/ROS2/ros2_ws/install/system_launcher/share/system_launcher/environment/ament_prefix_path.sh
[3.350s] -- Installing: /home/raspi/Robots4ChildrenWithDisabilities/ROS2/ros2_ws/install/system_launcher/share/system_launcher/environment/ament_prefix_path.dsv
[3.350s] -- Installing: /home/raspi/Robots4ChildrenWithDisabilities/ROS2/ros2_ws/install/system_launcher/share/system_launcher/environment/path.sh
[3.352s] -- Installing: /home/raspi/Robots4ChildrenWithDisabilities/ROS2/ros2_ws/install/system_launcher/share/system_launcher/environment/path.dsv
[3.352s] -- Installing: /home/raspi/Robots4ChildrenWithDisabilities/ROS2/ros2_ws/install/system_launcher/share/system_launcher/local_setup.bash
[3.352s] -- Installing: /home/raspi/Robots4ChildrenWithDisabilities/ROS2/ros2_ws/install/system_launcher/share/system_launcher/local_setup.sh
[3.353s] -- Installing: /home/raspi/Robots4ChildrenWithDisabilities/ROS2/ros2_ws/install/system_launcher/share/system_launcher/local_setup.zsh
[3.353s] -- Installing: /home/raspi/Robots4ChildrenWithDisabilities/ROS2/ros2_ws/install/system_launcher/share/system_launcher/local_setup.dsv
[3.356s] -- Installing: /home/raspi/Robots4ChildrenWithDisabilities/ROS2/ros2_ws/install/system_launcher/share/system_launcher/package.dsv
[3.357s] -- Installing: /home/raspi/Robots4ChildrenWithDisabilities/ROS2/ros2_ws/install/system_launcher/share/ament_index/resource_index/packages/system_launcher
[3.357s] -- Installing: /home/raspi/Robots4ChildrenWithDisabilities/ROS2/ros2_ws/install/system_launcher/share/system_launcher/cmake/system_launcherConfig.cmake
[3.357s] -- Installing: /home/raspi/Robots4ChildrenWithDisabilities/ROS2/ros2_ws/install/system_launcher/share/system_launcher/cmake/system_launcherConfig-version.cmake
[3.362s] -- Up-to-date: /home/raspi/Robots4ChildrenWithDisabilities/ROS2/ros2_ws/install/system_launcher/share/system_launcher/package.xml
[3.366s] Invoked command in '/home/raspi/Robots4ChildrenWithDisabilities/ROS2/ros2_ws/build/system_launcher' returned '0': CMAKE_PREFIX_PATH=${CMAKE_PREFIX_PATH}:/opt/ros/jazzy /usr/bin/cmake --install /home/raspi/Robots4ChildrenWithDisabilities/ROS2/ros2_ws/build/system_launcher
