[0.220s] DEBUG:colcon:Command line arguments: ['/usr/bin/colcon', 'build']
[0.220s] DEBUG:colcon:Parsed command line arguments: Namespace(log_base=None, log_level=None, verb_name='build', build_base='build', install_base='install', merge_install=False, symlink_install=False, test_result_base=None, continue_on_error=False, executor='parallel', parallel_workers=4, event_handlers=None, ignore_user_meta=False, metas=['./colcon.meta'], base_paths=['.'], packages_ignore=None, packages_ignore_regex=None, paths=None, packages_up_to=None, packages_up_to_regex=None, packages_above=None, packages_above_and_dependencies=None, packages_above_depth=None, packages_select_by_dep=None, packages_skip_by_dep=None, packages_skip_up_to=None, packages_select_build_failed=False, packages_skip_build_finished=False, packages_select_test_failures=False, packages_skip_test_passed=False, packages_select=None, packages_skip=None, packages_select_regex=None, packages_skip_regex=None, packages_start=None, packages_end=None, allow_overriding=[], cmake_args=None, cmake_target=None, cmake_target_skip_unavailable=False, cmake_clean_cache=False, cmake_clean_first=False, cmake_force_configure=False, ament_cmake_args=None, catkin_cmake_args=None, catkin_skip_building_tests=False, verb_parser=<colcon_defaults.argument_parser.defaults.DefaultArgumentsDecorator object at 0xffff80393050>, verb_extension=<colcon_core.verb.build.BuildVerb object at 0xffff80547aa0>, main=<bound method BuildVerb.main of <colcon_core.verb.build.BuildVerb object at 0xffff80547aa0>>)
[0.322s] Level 1:colcon.colcon_core.package_discovery:discover_packages(colcon_meta) check parameters
[0.323s] Level 1:colcon.colcon_core.package_discovery:discover_packages(recursive) check parameters
[0.323s] Level 1:colcon.colcon_core.package_discovery:discover_packages(ignore) check parameters
[0.323s] Level 1:colcon.colcon_core.package_discovery:discover_packages(path) check parameters
[0.323s] Level 1:colcon.colcon_core.package_discovery:discover_packages(colcon_meta) discover
[0.323s] Level 1:colcon.colcon_core.package_discovery:discover_packages(recursive) discover
[0.323s] INFO:colcon.colcon_core.package_discovery:Crawling recursively for packages in '/home/raspi/Robots4ChildrenWithDisabilities/ROS2/catkin_ws'
[0.323s] Level 1:colcon.colcon_core.package_identification:_identify(.) by extensions ['ignore', 'ignore_ament_install']
[0.323s] Level 1:colcon.colcon_core.package_identification:_identify(.) by extension 'ignore'
[0.323s] Level 1:colcon.colcon_core.package_identification:_identify(.) by extension 'ignore_ament_install'
[0.324s] Level 1:colcon.colcon_core.package_identification:_identify(.) by extensions ['colcon_pkg']
[0.324s] Level 1:colcon.colcon_core.package_identification:_identify(.) by extension 'colcon_pkg'
[0.324s] Level 1:colcon.colcon_core.package_identification:_identify(.) by extensions ['colcon_meta']
[0.324s] Level 1:colcon.colcon_core.package_identification:_identify(.) by extension 'colcon_meta'
[0.324s] Level 1:colcon.colcon_core.package_identification:_identify(.) by extensions ['ros']
[0.324s] Level 1:colcon.colcon_core.package_identification:_identify(.) by extension 'ros'
[0.375s] Level 1:colcon.colcon_core.package_identification:_identify(.) by extensions ['cmake', 'python']
[0.375s] Level 1:colcon.colcon_core.package_identification:_identify(.) by extension 'cmake'
[0.375s] Level 1:colcon.colcon_core.package_identification:_identify(.) by extension 'python'
[0.375s] Level 1:colcon.colcon_core.package_identification:_identify(.) by extensions ['python_setup_py']
[0.375s] Level 1:colcon.colcon_core.package_identification:_identify(.) by extension 'python_setup_py'
[0.375s] Level 1:colcon.colcon_core.package_identification:_identify(build) by extensions ['ignore', 'ignore_ament_install']
[0.375s] Level 1:colcon.colcon_core.package_identification:_identify(build) by extension 'ignore'
[0.375s] Level 1:colcon.colcon_core.package_identification:_identify(build) ignored
[0.376s] Level 1:colcon.colcon_core.package_identification:_identify(install) by extensions ['ignore', 'ignore_ament_install']
[0.376s] Level 1:colcon.colcon_core.package_identification:_identify(install) by extension 'ignore'
[0.376s] Level 1:colcon.colcon_core.package_identification:_identify(install) ignored
[0.376s] Level 1:colcon.colcon_core.package_identification:_identify(log) by extensions ['ignore', 'ignore_ament_install']
[0.376s] Level 1:colcon.colcon_core.package_identification:_identify(log) by extension 'ignore'
[0.376s] Level 1:colcon.colcon_core.package_identification:_identify(log) ignored
[0.376s] Level 1:colcon.colcon_core.package_identification:_identify(src) by extensions ['ignore', 'ignore_ament_install']
[0.376s] Level 1:colcon.colcon_core.package_identification:_identify(src) by extension 'ignore'
[0.376s] Level 1:colcon.colcon_core.package_identification:_identify(src) by extension 'ignore_ament_install'
[0.376s] Level 1:colcon.colcon_core.package_identification:_identify(src) by extensions ['colcon_pkg']
[0.376s] Level 1:colcon.colcon_core.package_identification:_identify(src) by extension 'colcon_pkg'
[0.376s] Level 1:colcon.colcon_core.package_identification:_identify(src) by extensions ['colcon_meta']
[0.376s] Level 1:colcon.colcon_core.package_identification:_identify(src) by extension 'colcon_meta'
[0.377s] Level 1:colcon.colcon_core.package_identification:_identify(src) by extensions ['ros']
[0.377s] Level 1:colcon.colcon_core.package_identification:_identify(src) by extension 'ros'
[0.377s] Level 1:colcon.colcon_core.package_identification:_identify(src) by extensions ['cmake', 'python']
[0.377s] Level 1:colcon.colcon_core.package_identification:_identify(src) by extension 'cmake'
[0.377s] Level 1:colcon.colcon_core.package_identification:_identify(src) by extension 'python'
[0.377s] Level 1:colcon.colcon_core.package_identification:_identify(src) by extensions ['python_setup_py']
[0.377s] Level 1:colcon.colcon_core.package_identification:_identify(src) by extension 'python_setup_py'
[0.377s] Level 1:colcon.colcon_core.package_identification:_identify(src/nav_module) by extensions ['ignore', 'ignore_ament_install']
[0.377s] Level 1:colcon.colcon_core.package_identification:_identify(src/nav_module) by extension 'ignore'
[0.377s] Level 1:colcon.colcon_core.package_identification:_identify(src/nav_module) by extension 'ignore_ament_install'
[0.377s] Level 1:colcon.colcon_core.package_identification:_identify(src/nav_module) by extensions ['colcon_pkg']
[0.377s] Level 1:colcon.colcon_core.package_identification:_identify(src/nav_module) by extension 'colcon_pkg'
[0.377s] Level 1:colcon.colcon_core.package_identification:_identify(src/nav_module) by extensions ['colcon_meta']
[0.377s] Level 1:colcon.colcon_core.package_identification:_identify(src/nav_module) by extension 'colcon_meta'
[0.377s] Level 1:colcon.colcon_core.package_identification:_identify(src/nav_module) by extensions ['ros']
[0.377s] Level 1:colcon.colcon_core.package_identification:_identify(src/nav_module) by extension 'ros'
[0.383s] DEBUG:colcon.colcon_core.package_identification:Package 'src/nav_module' with type 'ros.catkin' and name 'nav_module'
[0.384s] Level 1:colcon.colcon_core.package_identification:_identify(src/rplidar_ros2) by extensions ['ignore', 'ignore_ament_install']
[0.384s] Level 1:colcon.colcon_core.package_identification:_identify(src/rplidar_ros2) by extension 'ignore'
[0.384s] Level 1:colcon.colcon_core.package_identification:_identify(src/rplidar_ros2) by extension 'ignore_ament_install'
[0.384s] Level 1:colcon.colcon_core.package_identification:_identify(src/rplidar_ros2) by extensions ['colcon_pkg']
[0.384s] Level 1:colcon.colcon_core.package_identification:_identify(src/rplidar_ros2) by extension 'colcon_pkg'
[0.384s] Level 1:colcon.colcon_core.package_identification:_identify(src/rplidar_ros2) by extensions ['colcon_meta']
[0.384s] Level 1:colcon.colcon_core.package_identification:_identify(src/rplidar_ros2) by extension 'colcon_meta'
[0.384s] Level 1:colcon.colcon_core.package_identification:_identify(src/rplidar_ros2) by extensions ['ros']
[0.384s] Level 1:colcon.colcon_core.package_identification:_identify(src/rplidar_ros2) by extension 'ros'
[0.385s] DEBUG:colcon.colcon_core.package_identification:Package 'src/rplidar_ros2' with type 'ros.catkin' and name 'rplidar_ros2'
[0.385s] Level 1:colcon.colcon_core.package_identification:_identify(src/slam_module) by extensions ['ignore', 'ignore_ament_install']
[0.385s] Level 1:colcon.colcon_core.package_identification:_identify(src/slam_module) by extension 'ignore'
[0.385s] Level 1:colcon.colcon_core.package_identification:_identify(src/slam_module) by extension 'ignore_ament_install'
[0.385s] Level 1:colcon.colcon_core.package_identification:_identify(src/slam_module) by extensions ['colcon_pkg']
[0.385s] Level 1:colcon.colcon_core.package_identification:_identify(src/slam_module) by extension 'colcon_pkg'
[0.385s] Level 1:colcon.colcon_core.package_identification:_identify(src/slam_module) by extensions ['colcon_meta']
[0.385s] Level 1:colcon.colcon_core.package_identification:_identify(src/slam_module) by extension 'colcon_meta'
[0.385s] Level 1:colcon.colcon_core.package_identification:_identify(src/slam_module) by extensions ['ros']
[0.385s] Level 1:colcon.colcon_core.package_identification:_identify(src/slam_module) by extension 'ros'
[0.386s] DEBUG:colcon.colcon_core.package_identification:Package 'src/slam_module' with type 'ros.catkin' and name 'slam_module'
[0.386s] Level 1:colcon.colcon_core.package_identification:_identify(src/system_launcher) by extensions ['ignore', 'ignore_ament_install']
[0.386s] Level 1:colcon.colcon_core.package_identification:_identify(src/system_launcher) by extension 'ignore'
[0.386s] Level 1:colcon.colcon_core.package_identification:_identify(src/system_launcher) by extension 'ignore_ament_install'
[0.386s] Level 1:colcon.colcon_core.package_identification:_identify(src/system_launcher) by extensions ['colcon_pkg']
[0.386s] Level 1:colcon.colcon_core.package_identification:_identify(src/system_launcher) by extension 'colcon_pkg'
[0.386s] Level 1:colcon.colcon_core.package_identification:_identify(src/system_launcher) by extensions ['colcon_meta']
[0.386s] Level 1:colcon.colcon_core.package_identification:_identify(src/system_launcher) by extension 'colcon_meta'
[0.386s] Level 1:colcon.colcon_core.package_identification:_identify(src/system_launcher) by extensions ['ros']
[0.386s] Level 1:colcon.colcon_core.package_identification:_identify(src/system_launcher) by extension 'ros'
[0.387s] DEBUG:colcon.colcon_core.package_identification:Package 'src/system_launcher' with type 'ros.catkin' and name 'system_launcher'
[0.387s] Level 1:colcon.colcon_core.package_discovery:discover_packages(recursive) using defaults
[0.387s] Level 1:colcon.colcon_core.package_discovery:discover_packages(ignore) discover
[0.387s] Level 1:colcon.colcon_core.package_discovery:discover_packages(ignore) using defaults
[0.387s] Level 1:colcon.colcon_core.package_discovery:discover_packages(path) discover
[0.387s] Level 1:colcon.colcon_core.package_discovery:discover_packages(path) using defaults
[0.421s] Level 1:colcon.colcon_core.package_discovery:discover_packages(prefix_path) check parameters
[0.421s] Level 1:colcon.colcon_core.package_discovery:discover_packages(prefix_path) discover
[0.426s] DEBUG:colcon.colcon_installed_package_information.package_discovery:Found 285 installed packages in /opt/ros/jazzy
[0.428s] Level 1:colcon.colcon_core.package_discovery:discover_packages(prefix_path) using defaults
[0.490s] Level 5:colcon.colcon_core.verb:set package 'nav_module' build argument 'cmake_args' from command line to 'None'
[0.490s] Level 5:colcon.colcon_core.verb:set package 'nav_module' build argument 'cmake_target' from command line to 'None'
[0.490s] Level 5:colcon.colcon_core.verb:set package 'nav_module' build argument 'cmake_target_skip_unavailable' from command line to 'False'
[0.490s] Level 5:colcon.colcon_core.verb:set package 'nav_module' build argument 'cmake_clean_cache' from command line to 'False'
[0.490s] Level 5:colcon.colcon_core.verb:set package 'nav_module' build argument 'cmake_clean_first' from command line to 'False'
[0.490s] Level 5:colcon.colcon_core.verb:set package 'nav_module' build argument 'cmake_force_configure' from command line to 'False'
[0.490s] Level 5:colcon.colcon_core.verb:set package 'nav_module' build argument 'ament_cmake_args' from command line to 'None'
[0.490s] Level 5:colcon.colcon_core.verb:set package 'nav_module' build argument 'catkin_cmake_args' from command line to 'None'
[0.490s] Level 5:colcon.colcon_core.verb:set package 'nav_module' build argument 'catkin_skip_building_tests' from command line to 'False'
[0.490s] DEBUG:colcon.colcon_core.verb:Building package 'nav_module' with the following arguments: {'ament_cmake_args': None, 'build_base': '/home/raspi/Robots4ChildrenWithDisabilities/ROS2/catkin_ws/build/nav_module', 'catkin_cmake_args': None, 'catkin_skip_building_tests': False, 'cmake_args': None, 'cmake_clean_cache': False, 'cmake_clean_first': False, 'cmake_force_configure': False, 'cmake_target': None, 'cmake_target_skip_unavailable': False, 'install_base': '/home/raspi/Robots4ChildrenWithDisabilities/ROS2/catkin_ws/install/nav_module', 'merge_install': False, 'path': '/home/raspi/Robots4ChildrenWithDisabilities/ROS2/catkin_ws/src/nav_module', 'symlink_install': False, 'test_result_base': None}
[0.491s] Level 5:colcon.colcon_core.verb:set package 'rplidar_ros2' build argument 'cmake_args' from command line to 'None'
[0.491s] Level 5:colcon.colcon_core.verb:set package 'rplidar_ros2' build argument 'cmake_target' from command line to 'None'
[0.491s] Level 5:colcon.colcon_core.verb:set package 'rplidar_ros2' build argument 'cmake_target_skip_unavailable' from command line to 'False'
[0.491s] Level 5:colcon.colcon_core.verb:set package 'rplidar_ros2' build argument 'cmake_clean_cache' from command line to 'False'
[0.491s] Level 5:colcon.colcon_core.verb:set package 'rplidar_ros2' build argument 'cmake_clean_first' from command line to 'False'
[0.491s] Level 5:colcon.colcon_core.verb:set package 'rplidar_ros2' build argument 'cmake_force_configure' from command line to 'False'
[0.491s] Level 5:colcon.colcon_core.verb:set package 'rplidar_ros2' build argument 'ament_cmake_args' from command line to 'None'
[0.491s] Level 5:colcon.colcon_core.verb:set package 'rplidar_ros2' build argument 'catkin_cmake_args' from command line to 'None'
[0.491s] Level 5:colcon.colcon_core.verb:set package 'rplidar_ros2' build argument 'catkin_skip_building_tests' from command line to 'False'
[0.491s] DEBUG:colcon.colcon_core.verb:Building package 'rplidar_ros2' with the following arguments: {'ament_cmake_args': None, 'build_base': '/home/raspi/Robots4ChildrenWithDisabilities/ROS2/catkin_ws/build/rplidar_ros2', 'catkin_cmake_args': None, 'catkin_skip_building_tests': False, 'cmake_args': None, 'cmake_clean_cache': False, 'cmake_clean_first': False, 'cmake_force_configure': False, 'cmake_target': None, 'cmake_target_skip_unavailable': False, 'install_base': '/home/raspi/Robots4ChildrenWithDisabilities/ROS2/catkin_ws/install/rplidar_ros2', 'merge_install': False, 'path': '/home/raspi/Robots4ChildrenWithDisabilities/ROS2/catkin_ws/src/rplidar_ros2', 'symlink_install': False, 'test_result_base': None}
[0.491s] Level 5:colcon.colcon_core.verb:set package 'slam_module' build argument 'cmake_args' from command line to 'None'
[0.491s] Level 5:colcon.colcon_core.verb:set package 'slam_module' build argument 'cmake_target' from command line to 'None'
[0.491s] Level 5:colcon.colcon_core.verb:set package 'slam_module' build argument 'cmake_target_skip_unavailable' from command line to 'False'
[0.491s] Level 5:colcon.colcon_core.verb:set package 'slam_module' build argument 'cmake_clean_cache' from command line to 'False'
[0.491s] Level 5:colcon.colcon_core.verb:set package 'slam_module' build argument 'cmake_clean_first' from command line to 'False'
[0.491s] Level 5:colcon.colcon_core.verb:set package 'slam_module' build argument 'cmake_force_configure' from command line to 'False'
[0.491s] Level 5:colcon.colcon_core.verb:set package 'slam_module' build argument 'ament_cmake_args' from command line to 'None'
[0.491s] Level 5:colcon.colcon_core.verb:set package 'slam_module' build argument 'catkin_cmake_args' from command line to 'None'
[0.491s] Level 5:colcon.colcon_core.verb:set package 'slam_module' build argument 'catkin_skip_building_tests' from command line to 'False'
[0.491s] DEBUG:colcon.colcon_core.verb:Building package 'slam_module' with the following arguments: {'ament_cmake_args': None, 'build_base': '/home/raspi/Robots4ChildrenWithDisabilities/ROS2/catkin_ws/build/slam_module', 'catkin_cmake_args': None, 'catkin_skip_building_tests': False, 'cmake_args': None, 'cmake_clean_cache': False, 'cmake_clean_first': False, 'cmake_force_configure': False, 'cmake_target': None, 'cmake_target_skip_unavailable': False, 'install_base': '/home/raspi/Robots4ChildrenWithDisabilities/ROS2/catkin_ws/install/slam_module', 'merge_install': False, 'path': '/home/raspi/Robots4ChildrenWithDisabilities/ROS2/catkin_ws/src/slam_module', 'symlink_install': False, 'test_result_base': None}
[0.492s] Level 5:colcon.colcon_core.verb:set package 'system_launcher' build argument 'cmake_args' from command line to 'None'
[0.492s] Level 5:colcon.colcon_core.verb:set package 'system_launcher' build argument 'cmake_target' from command line to 'None'
[0.492s] Level 5:colcon.colcon_core.verb:set package 'system_launcher' build argument 'cmake_target_skip_unavailable' from command line to 'False'
[0.492s] Level 5:colcon.colcon_core.verb:set package 'system_launcher' build argument 'cmake_clean_cache' from command line to 'False'
[0.492s] Level 5:colcon.colcon_core.verb:set package 'system_launcher' build argument 'cmake_clean_first' from command line to 'False'
[0.492s] Level 5:colcon.colcon_core.verb:set package 'system_launcher' build argument 'cmake_force_configure' from command line to 'False'
[0.492s] Level 5:colcon.colcon_core.verb:set package 'system_launcher' build argument 'ament_cmake_args' from command line to 'None'
[0.492s] Level 5:colcon.colcon_core.verb:set package 'system_launcher' build argument 'catkin_cmake_args' from command line to 'None'
[0.492s] Level 5:colcon.colcon_core.verb:set package 'system_launcher' build argument 'catkin_skip_building_tests' from command line to 'False'
[0.492s] DEBUG:colcon.colcon_core.verb:Building package 'system_launcher' with the following arguments: {'ament_cmake_args': None, 'build_base': '/home/raspi/Robots4ChildrenWithDisabilities/ROS2/catkin_ws/build/system_launcher', 'catkin_cmake_args': None, 'catkin_skip_building_tests': False, 'cmake_args': None, 'cmake_clean_cache': False, 'cmake_clean_first': False, 'cmake_force_configure': False, 'cmake_target': None, 'cmake_target_skip_unavailable': False, 'install_base': '/home/raspi/Robots4ChildrenWithDisabilities/ROS2/catkin_ws/install/system_launcher', 'merge_install': False, 'path': '/home/raspi/Robots4ChildrenWithDisabilities/ROS2/catkin_ws/src/system_launcher', 'symlink_install': False, 'test_result_base': None}
[0.492s] INFO:colcon.colcon_core.executor:Executing jobs using 'parallel' executor
[0.493s] DEBUG:colcon.colcon_parallel_executor.executor.parallel:run_until_complete
[0.494s] INFO:colcon.colcon_ros.task.catkin.build:Building ROS package in '/home/raspi/Robots4ChildrenWithDisabilities/ROS2/catkin_ws/src/nav_module' with build type 'catkin'
[0.494s] INFO:colcon.colcon_cmake.task.cmake.build:Building CMake package in '/home/raspi/Robots4ChildrenWithDisabilities/ROS2/catkin_ws/src/nav_module'
[0.498s] INFO:colcon.colcon_core.plugin_system:Skipping extension 'colcon_core.shell.bat': Not used on non-Windows systems
[0.499s] INFO:colcon.colcon_core.shell:Skip shell extension 'powershell' for command environment: Not usable outside of PowerShell
[0.499s] DEBUG:colcon.colcon_core.shell:Skip shell extension 'dsv' for command environment
[0.503s] INFO:colcon.colcon_ros.task.catkin.build:Building ROS package in '/home/raspi/Robots4ChildrenWithDisabilities/ROS2/catkin_ws/src/rplidar_ros2' with build type 'catkin'
[0.503s] INFO:colcon.colcon_cmake.task.cmake.build:Building CMake package in '/home/raspi/Robots4ChildrenWithDisabilities/ROS2/catkin_ws/src/rplidar_ros2'
[0.504s] INFO:colcon.colcon_core.shell:Skip shell extension 'powershell' for command environment: Not usable outside of PowerShell
[0.504s] DEBUG:colcon.colcon_core.shell:Skip shell extension 'dsv' for command environment
[0.508s] INFO:colcon.colcon_ros.task.catkin.build:Building ROS package in '/home/raspi/Robots4ChildrenWithDisabilities/ROS2/catkin_ws/src/slam_module' with build type 'catkin'
[0.508s] INFO:colcon.colcon_cmake.task.cmake.build:Building CMake package in '/home/raspi/Robots4ChildrenWithDisabilities/ROS2/catkin_ws/src/slam_module'
[0.508s] INFO:colcon.colcon_core.shell:Skip shell extension 'powershell' for command environment: Not usable outside of PowerShell
[0.508s] DEBUG:colcon.colcon_core.shell:Skip shell extension 'dsv' for command environment
[0.512s] INFO:colcon.colcon_ros.task.catkin.build:Building ROS package in '/home/raspi/Robots4ChildrenWithDisabilities/ROS2/catkin_ws/src/system_launcher' with build type 'catkin'
[0.512s] INFO:colcon.colcon_cmake.task.cmake.build:Building CMake package in '/home/raspi/Robots4ChildrenWithDisabilities/ROS2/catkin_ws/src/system_launcher'
[0.513s] INFO:colcon.colcon_core.shell:Skip shell extension 'powershell' for command environment: Not usable outside of PowerShell
[0.513s] DEBUG:colcon.colcon_core.shell:Skip shell extension 'dsv' for command environment
[0.522s] DEBUG:colcon.colcon_core.event_handler.log_command:Invoking command in '/home/raspi/Robots4ChildrenWithDisabilities/ROS2/catkin_ws/build/nav_module': /usr/bin/cmake /home/raspi/Robots4ChildrenWithDisabilities/ROS2/catkin_ws/src/nav_module -DCATKIN_INSTALL_INTO_PREFIX_ROOT=0 -DCMAKE_INSTALL_PREFIX=/home/raspi/Robots4ChildrenWithDisabilities/ROS2/catkin_ws/install/nav_module
[0.526s] DEBUG:colcon.colcon_core.event_handler.log_command:Invoking command in '/home/raspi/Robots4ChildrenWithDisabilities/ROS2/catkin_ws/build/rplidar_ros2': /usr/bin/cmake /home/raspi/Robots4ChildrenWithDisabilities/ROS2/catkin_ws/src/rplidar_ros2 -DCATKIN_INSTALL_INTO_PREFIX_ROOT=0 -DCMAKE_INSTALL_PREFIX=/home/raspi/Robots4ChildrenWithDisabilities/ROS2/catkin_ws/install/rplidar_ros2
[0.529s] DEBUG:colcon.colcon_core.event_handler.log_command:Invoking command in '/home/raspi/Robots4ChildrenWithDisabilities/ROS2/catkin_ws/build/slam_module': /usr/bin/cmake /home/raspi/Robots4ChildrenWithDisabilities/ROS2/catkin_ws/src/slam_module -DCATKIN_INSTALL_INTO_PREFIX_ROOT=0 -DCMAKE_INSTALL_PREFIX=/home/raspi/Robots4ChildrenWithDisabilities/ROS2/catkin_ws/install/slam_module
[0.540s] DEBUG:colcon.colcon_core.event_handler.log_command:Invoking command in '/home/raspi/Robots4ChildrenWithDisabilities/ROS2/catkin_ws/build/system_launcher': /usr/bin/cmake /home/raspi/Robots4ChildrenWithDisabilities/ROS2/catkin_ws/src/system_launcher -DCATKIN_INSTALL_INTO_PREFIX_ROOT=0 -DCMAKE_INSTALL_PREFIX=/home/raspi/Robots4ChildrenWithDisabilities/ROS2/catkin_ws/install/system_launcher
[3.042s] DEBUG:colcon.colcon_core.event_handler.log_command:Invoked command in '/home/raspi/Robots4ChildrenWithDisabilities/ROS2/catkin_ws/build/system_launcher' returned '0': /usr/bin/cmake /home/raspi/Robots4ChildrenWithDisabilities/ROS2/catkin_ws/src/system_launcher -DCATKIN_INSTALL_INTO_PREFIX_ROOT=0 -DCMAKE_INSTALL_PREFIX=/home/raspi/Robots4ChildrenWithDisabilities/ROS2/catkin_ws/install/system_launcher
[3.044s] DEBUG:colcon.colcon_core.event_handler.log_command:Invoking command in '/home/raspi/Robots4ChildrenWithDisabilities/ROS2/catkin_ws/build/system_launcher': /usr/bin/cmake --build /home/raspi/Robots4ChildrenWithDisabilities/ROS2/catkin_ws/build/system_launcher -- -j4 -l4
[3.119s] DEBUG:colcon.colcon_core.event_handler.log_command:Invoked command in '/home/raspi/Robots4ChildrenWithDisabilities/ROS2/catkin_ws/build/system_launcher' returned '0': /usr/bin/cmake --build /home/raspi/Robots4ChildrenWithDisabilities/ROS2/catkin_ws/build/system_launcher -- -j4 -l4
[3.138s] DEBUG:colcon.colcon_core.event_handler.log_command:Invoking command in '/home/raspi/Robots4ChildrenWithDisabilities/ROS2/catkin_ws/build/system_launcher': /usr/bin/cmake --install /home/raspi/Robots4ChildrenWithDisabilities/ROS2/catkin_ws/build/system_launcher
[3.168s] Level 1:colcon.colcon_core.shell:create_environment_hook('system_launcher', 'ros_package_path')
[3.169s] INFO:colcon.colcon_core.shell:Creating environment hook '/home/raspi/Robots4ChildrenWithDisabilities/ROS2/catkin_ws/install/system_launcher/share/system_launcher/hook/ros_package_path.ps1'
[3.169s] DEBUG:colcon.colcon_core.event_handler.log_command:Invoked command in '/home/raspi/Robots4ChildrenWithDisabilities/ROS2/catkin_ws/build/system_launcher' returned '0': /usr/bin/cmake --install /home/raspi/Robots4ChildrenWithDisabilities/ROS2/catkin_ws/build/system_launcher
[3.172s] INFO:colcon.colcon_core.shell:Creating environment descriptor '/home/raspi/Robots4ChildrenWithDisabilities/ROS2/catkin_ws/install/system_launcher/share/system_launcher/hook/ros_package_path.dsv'
[3.173s] INFO:colcon.colcon_core.shell:Creating environment hook '/home/raspi/Robots4ChildrenWithDisabilities/ROS2/catkin_ws/install/system_launcher/share/system_launcher/hook/ros_package_path.sh'
[3.174s] Level 1:colcon.colcon_core.shell:create_environment_hook('system_launcher', 'pkg_config_path')
[3.174s] INFO:colcon.colcon_core.shell:Creating environment hook '/home/raspi/Robots4ChildrenWithDisabilities/ROS2/catkin_ws/install/system_launcher/share/system_launcher/hook/pkg_config_path.ps1'
[3.175s] INFO:colcon.colcon_core.shell:Creating environment descriptor '/home/raspi/Robots4ChildrenWithDisabilities/ROS2/catkin_ws/install/system_launcher/share/system_launcher/hook/pkg_config_path.dsv'
[3.175s] INFO:colcon.colcon_core.shell:Creating environment hook '/home/raspi/Robots4ChildrenWithDisabilities/ROS2/catkin_ws/install/system_launcher/share/system_launcher/hook/pkg_config_path.sh'
[3.178s] Level 1:colcon.colcon_core.shell:create_environment_hook('system_launcher', 'pkg_config_path_multiarch')
[3.179s] INFO:colcon.colcon_core.shell:Creating environment hook '/home/raspi/Robots4ChildrenWithDisabilities/ROS2/catkin_ws/install/system_launcher/share/system_launcher/hook/pkg_config_path_multiarch.ps1'
[3.180s] INFO:colcon.colcon_core.shell:Creating environment descriptor '/home/raspi/Robots4ChildrenWithDisabilities/ROS2/catkin_ws/install/system_launcher/share/system_launcher/hook/pkg_config_path_multiarch.dsv'
[3.180s] INFO:colcon.colcon_core.shell:Creating environment hook '/home/raspi/Robots4ChildrenWithDisabilities/ROS2/catkin_ws/install/system_launcher/share/system_launcher/hook/pkg_config_path_multiarch.sh'
[3.181s] Level 1:colcon.colcon_core.environment:create_environment_scripts_only(system_launcher)
[3.197s] Level 1:colcon.colcon_core.environment:checking '/home/raspi/Robots4ChildrenWithDisabilities/ROS2/catkin_ws/install/system_launcher' for CMake module files
[3.198s] Level 1:colcon.colcon_core.environment:checking '/home/raspi/Robots4ChildrenWithDisabilities/ROS2/catkin_ws/install/system_launcher' for CMake config files
[3.199s] Level 1:colcon.colcon_core.shell:create_environment_hook('system_launcher', 'cmake_prefix_path')
[3.199s] INFO:colcon.colcon_core.shell:Creating environment hook '/home/raspi/Robots4ChildrenWithDisabilities/ROS2/catkin_ws/install/system_launcher/share/system_launcher/hook/cmake_prefix_path.ps1'
[3.200s] INFO:colcon.colcon_core.shell:Creating environment descriptor '/home/raspi/Robots4ChildrenWithDisabilities/ROS2/catkin_ws/install/system_launcher/share/system_launcher/hook/cmake_prefix_path.dsv'
[3.201s] INFO:colcon.colcon_core.shell:Creating environment hook '/home/raspi/Robots4ChildrenWithDisabilities/ROS2/catkin_ws/install/system_launcher/share/system_launcher/hook/cmake_prefix_path.sh'
[3.202s] Level 1:colcon.colcon_core.environment:checking '/home/raspi/Robots4ChildrenWithDisabilities/ROS2/catkin_ws/install/system_launcher/bin'
[3.202s] Level 1:colcon.colcon_core.environment:checking '/home/raspi/Robots4ChildrenWithDisabilities/ROS2/catkin_ws/install/system_launcher/lib/pkgconfig/system_launcher.pc'
[3.202s] Level 1:colcon.colcon_core.environment:checking '/home/raspi/Robots4ChildrenWithDisabilities/ROS2/catkin_ws/install/system_launcher/lib/python3.12/site-packages'
[3.203s] Level 1:colcon.colcon_core.environment:checking '/home/raspi/Robots4ChildrenWithDisabilities/ROS2/catkin_ws/install/system_launcher/bin'
[3.203s] INFO:colcon.colcon_core.shell:Creating package script '/home/raspi/Robots4ChildrenWithDisabilities/ROS2/catkin_ws/install/system_launcher/share/system_launcher/package.ps1'
[3.205s] INFO:colcon.colcon_core.shell:Creating package descriptor '/home/raspi/Robots4ChildrenWithDisabilities/ROS2/catkin_ws/install/system_launcher/share/system_launcher/package.dsv'
[3.208s] INFO:colcon.colcon_core.shell:Creating package script '/home/raspi/Robots4ChildrenWithDisabilities/ROS2/catkin_ws/install/system_launcher/share/system_launcher/package.sh'
[3.213s] INFO:colcon.colcon_core.shell:Creating package script '/home/raspi/Robots4ChildrenWithDisabilities/ROS2/catkin_ws/install/system_launcher/share/system_launcher/package.bash'
[3.217s] INFO:colcon.colcon_core.shell:Creating package script '/home/raspi/Robots4ChildrenWithDisabilities/ROS2/catkin_ws/install/system_launcher/share/system_launcher/package.zsh'
[3.221s] Level 1:colcon.colcon_core.environment:create_file_with_runtime_dependencies(/home/raspi/Robots4ChildrenWithDisabilities/ROS2/catkin_ws/install/system_launcher/share/colcon-core/packages/system_launcher)
[3.883s] DEBUG:colcon.colcon_core.event_handler.log_command:Invoked command in '/home/raspi/Robots4ChildrenWithDisabilities/ROS2/catkin_ws/build/nav_module' returned '0': /usr/bin/cmake /home/raspi/Robots4ChildrenWithDisabilities/ROS2/catkin_ws/src/nav_module -DCATKIN_INSTALL_INTO_PREFIX_ROOT=0 -DCMAKE_INSTALL_PREFIX=/home/raspi/Robots4ChildrenWithDisabilities/ROS2/catkin_ws/install/nav_module
[3.887s] DEBUG:colcon.colcon_core.event_handler.log_command:Invoking command in '/home/raspi/Robots4ChildrenWithDisabilities/ROS2/catkin_ws/build/nav_module': /usr/bin/cmake --build /home/raspi/Robots4ChildrenWithDisabilities/ROS2/catkin_ws/build/nav_module -- -j4 -l4
[3.892s] DEBUG:colcon.colcon_core.event_handler.log_command:Invoked command in '/home/raspi/Robots4ChildrenWithDisabilities/ROS2/catkin_ws/build/rplidar_ros2' returned '0': /usr/bin/cmake /home/raspi/Robots4ChildrenWithDisabilities/ROS2/catkin_ws/src/rplidar_ros2 -DCATKIN_INSTALL_INTO_PREFIX_ROOT=0 -DCMAKE_INSTALL_PREFIX=/home/raspi/Robots4ChildrenWithDisabilities/ROS2/catkin_ws/install/rplidar_ros2
[3.895s] DEBUG:colcon.colcon_core.event_handler.log_command:Invoking command in '/home/raspi/Robots4ChildrenWithDisabilities/ROS2/catkin_ws/build/rplidar_ros2': /usr/bin/cmake --build /home/raspi/Robots4ChildrenWithDisabilities/ROS2/catkin_ws/build/rplidar_ros2 -- -j4 -l4
[3.900s] DEBUG:colcon.colcon_core.event_handler.log_command:Invoked command in '/home/raspi/Robots4ChildrenWithDisabilities/ROS2/catkin_ws/build/slam_module' returned '0': /usr/bin/cmake /home/raspi/Robots4ChildrenWithDisabilities/ROS2/catkin_ws/src/slam_module -DCATKIN_INSTALL_INTO_PREFIX_ROOT=0 -DCMAKE_INSTALL_PREFIX=/home/raspi/Robots4ChildrenWithDisabilities/ROS2/catkin_ws/install/slam_module
[3.903s] DEBUG:colcon.colcon_core.event_handler.log_command:Invoking command in '/home/raspi/Robots4ChildrenWithDisabilities/ROS2/catkin_ws/build/slam_module': /usr/bin/cmake --build /home/raspi/Robots4ChildrenWithDisabilities/ROS2/catkin_ws/build/slam_module -- -j4 -l4
[10.503s] DEBUG:colcon.colcon_core.event_handler.log_command:Invoked command in '/home/raspi/Robots4ChildrenWithDisabilities/ROS2/catkin_ws/build/rplidar_ros2' returned '0': /usr/bin/cmake --build /home/raspi/Robots4ChildrenWithDisabilities/ROS2/catkin_ws/build/rplidar_ros2 -- -j4 -l4
[10.506s] DEBUG:colcon.colcon_core.event_handler.log_command:Invoking command in '/home/raspi/Robots4ChildrenWithDisabilities/ROS2/catkin_ws/build/rplidar_ros2': /usr/bin/cmake --install /home/raspi/Robots4ChildrenWithDisabilities/ROS2/catkin_ws/build/rplidar_ros2
[10.510s] DEBUG:colcon.colcon_core.event_handler.log_command:Invoked command in '/home/raspi/Robots4ChildrenWithDisabilities/ROS2/catkin_ws/build/slam_module' returned '0': /usr/bin/cmake --build /home/raspi/Robots4ChildrenWithDisabilities/ROS2/catkin_ws/build/slam_module -- -j4 -l4
[10.510s] DEBUG:colcon.colcon_core.event_handler.log_command:Invoking command in '/home/raspi/Robots4ChildrenWithDisabilities/ROS2/catkin_ws/build/slam_module': /usr/bin/cmake --install /home/raspi/Robots4ChildrenWithDisabilities/ROS2/catkin_ws/build/slam_module
[10.512s] DEBUG:colcon.colcon_core.event_handler.log_command:Invoked command in '/home/raspi/Robots4ChildrenWithDisabilities/ROS2/catkin_ws/build/nav_module' returned '0': /usr/bin/cmake --build /home/raspi/Robots4ChildrenWithDisabilities/ROS2/catkin_ws/build/nav_module -- -j4 -l4
[10.515s] DEBUG:colcon.colcon_core.event_handler.log_command:Invoking command in '/home/raspi/Robots4ChildrenWithDisabilities/ROS2/catkin_ws/build/nav_module': /usr/bin/cmake --install /home/raspi/Robots4ChildrenWithDisabilities/ROS2/catkin_ws/build/nav_module
[10.534s] DEBUG:colcon.colcon_core.event_handler.log_command:Invoked command in '/home/raspi/Robots4ChildrenWithDisabilities/ROS2/catkin_ws/build/rplidar_ros2' returned '0': /usr/bin/cmake --install /home/raspi/Robots4ChildrenWithDisabilities/ROS2/catkin_ws/build/rplidar_ros2
[10.534s] Level 1:colcon.colcon_core.shell:create_environment_hook('rplidar_ros2', 'ros_package_path')
[10.535s] INFO:colcon.colcon_core.shell:Creating environment hook '/home/raspi/Robots4ChildrenWithDisabilities/ROS2/catkin_ws/install/rplidar_ros2/share/rplidar_ros2/hook/ros_package_path.ps1'
[10.536s] INFO:colcon.colcon_core.shell:Creating environment descriptor '/home/raspi/Robots4ChildrenWithDisabilities/ROS2/catkin_ws/install/rplidar_ros2/share/rplidar_ros2/hook/ros_package_path.dsv'
[10.537s] INFO:colcon.colcon_core.shell:Creating environment hook '/home/raspi/Robots4ChildrenWithDisabilities/ROS2/catkin_ws/install/rplidar_ros2/share/rplidar_ros2/hook/ros_package_path.sh'
[10.539s] Level 1:colcon.colcon_core.shell:create_environment_hook('rplidar_ros2', 'pkg_config_path')
[10.540s] INFO:colcon.colcon_core.shell:Creating environment hook '/home/raspi/Robots4ChildrenWithDisabilities/ROS2/catkin_ws/install/rplidar_ros2/share/rplidar_ros2/hook/pkg_config_path.ps1'
[10.540s] INFO:colcon.colcon_core.shell:Creating environment descriptor '/home/raspi/Robots4ChildrenWithDisabilities/ROS2/catkin_ws/install/rplidar_ros2/share/rplidar_ros2/hook/pkg_config_path.dsv'
[10.541s] INFO:colcon.colcon_core.shell:Creating environment hook '/home/raspi/Robots4ChildrenWithDisabilities/ROS2/catkin_ws/install/rplidar_ros2/share/rplidar_ros2/hook/pkg_config_path.sh'
[10.541s] Level 1:colcon.colcon_core.shell:create_environment_hook('rplidar_ros2', 'pkg_config_path_multiarch')
[10.541s] INFO:colcon.colcon_core.shell:Creating environment hook '/home/raspi/Robots4ChildrenWithDisabilities/ROS2/catkin_ws/install/rplidar_ros2/share/rplidar_ros2/hook/pkg_config_path_multiarch.ps1'
[10.542s] INFO:colcon.colcon_core.shell:Creating environment descriptor '/home/raspi/Robots4ChildrenWithDisabilities/ROS2/catkin_ws/install/rplidar_ros2/share/rplidar_ros2/hook/pkg_config_path_multiarch.dsv'
[10.542s] INFO:colcon.colcon_core.shell:Creating environment hook '/home/raspi/Robots4ChildrenWithDisabilities/ROS2/catkin_ws/install/rplidar_ros2/share/rplidar_ros2/hook/pkg_config_path_multiarch.sh'
[10.543s] Level 1:colcon.colcon_core.environment:create_environment_scripts_only(rplidar_ros2)
[10.543s] Level 1:colcon.colcon_core.environment:checking '/home/raspi/Robots4ChildrenWithDisabilities/ROS2/catkin_ws/install/rplidar_ros2' for CMake module files
[10.544s] Level 1:colcon.colcon_core.environment:checking '/home/raspi/Robots4ChildrenWithDisabilities/ROS2/catkin_ws/install/rplidar_ros2' for CMake config files
[10.544s] Level 1:colcon.colcon_core.shell:create_environment_hook('rplidar_ros2', 'cmake_prefix_path')
[10.544s] INFO:colcon.colcon_core.shell:Creating environment hook '/home/raspi/Robots4ChildrenWithDisabilities/ROS2/catkin_ws/install/rplidar_ros2/share/rplidar_ros2/hook/cmake_prefix_path.ps1'
[10.545s] INFO:colcon.colcon_core.shell:Creating environment descriptor '/home/raspi/Robots4ChildrenWithDisabilities/ROS2/catkin_ws/install/rplidar_ros2/share/rplidar_ros2/hook/cmake_prefix_path.dsv'
[10.545s] INFO:colcon.colcon_core.shell:Creating environment hook '/home/raspi/Robots4ChildrenWithDisabilities/ROS2/catkin_ws/install/rplidar_ros2/share/rplidar_ros2/hook/cmake_prefix_path.sh'
[10.546s] Level 1:colcon.colcon_core.environment:checking '/home/raspi/Robots4ChildrenWithDisabilities/ROS2/catkin_ws/install/rplidar_ros2/lib'
[10.546s] Level 1:colcon.colcon_core.environment:checking '/home/raspi/Robots4ChildrenWithDisabilities/ROS2/catkin_ws/install/rplidar_ros2/bin'
[10.546s] Level 1:colcon.colcon_core.environment:checking '/home/raspi/Robots4ChildrenWithDisabilities/ROS2/catkin_ws/install/rplidar_ros2/lib/pkgconfig/rplidar_ros2.pc'
[10.546s] Level 1:colcon.colcon_core.environment:checking '/home/raspi/Robots4ChildrenWithDisabilities/ROS2/catkin_ws/install/rplidar_ros2/lib/python3.12/site-packages'
[10.547s] Level 1:colcon.colcon_core.environment:checking '/home/raspi/Robots4ChildrenWithDisabilities/ROS2/catkin_ws/install/rplidar_ros2/bin'
[10.547s] INFO:colcon.colcon_core.shell:Creating package script '/home/raspi/Robots4ChildrenWithDisabilities/ROS2/catkin_ws/install/rplidar_ros2/share/rplidar_ros2/package.ps1'
[10.548s] INFO:colcon.colcon_core.shell:Creating package descriptor '/home/raspi/Robots4ChildrenWithDisabilities/ROS2/catkin_ws/install/rplidar_ros2/share/rplidar_ros2/package.dsv'
[10.548s] INFO:colcon.colcon_core.shell:Creating package script '/home/raspi/Robots4ChildrenWithDisabilities/ROS2/catkin_ws/install/rplidar_ros2/share/rplidar_ros2/package.sh'
[10.549s] INFO:colcon.colcon_core.shell:Creating package script '/home/raspi/Robots4ChildrenWithDisabilities/ROS2/catkin_ws/install/rplidar_ros2/share/rplidar_ros2/package.bash'
[10.549s] INFO:colcon.colcon_core.shell:Creating package script '/home/raspi/Robots4ChildrenWithDisabilities/ROS2/catkin_ws/install/rplidar_ros2/share/rplidar_ros2/package.zsh'
[10.550s] Level 1:colcon.colcon_core.environment:create_file_with_runtime_dependencies(/home/raspi/Robots4ChildrenWithDisabilities/ROS2/catkin_ws/install/rplidar_ros2/share/colcon-core/packages/rplidar_ros2)
[10.552s] DEBUG:colcon.colcon_core.event_handler.log_command:Invoked command in '/home/raspi/Robots4ChildrenWithDisabilities/ROS2/catkin_ws/build/nav_module' returned '0': /usr/bin/cmake --install /home/raspi/Robots4ChildrenWithDisabilities/ROS2/catkin_ws/build/nav_module
[10.552s] Level 1:colcon.colcon_core.shell:create_environment_hook('nav_module', 'ros_package_path')
[10.553s] INFO:colcon.colcon_core.shell:Creating environment hook '/home/raspi/Robots4ChildrenWithDisabilities/ROS2/catkin_ws/install/nav_module/share/nav_module/hook/ros_package_path.ps1'
[10.553s] INFO:colcon.colcon_core.shell:Creating environment descriptor '/home/raspi/Robots4ChildrenWithDisabilities/ROS2/catkin_ws/install/nav_module/share/nav_module/hook/ros_package_path.dsv'
[10.554s] INFO:colcon.colcon_core.shell:Creating environment hook '/home/raspi/Robots4ChildrenWithDisabilities/ROS2/catkin_ws/install/nav_module/share/nav_module/hook/ros_package_path.sh'
[10.555s] Level 1:colcon.colcon_core.shell:create_environment_hook('nav_module', 'pkg_config_path')
[10.555s] INFO:colcon.colcon_core.shell:Creating environment hook '/home/raspi/Robots4ChildrenWithDisabilities/ROS2/catkin_ws/install/nav_module/share/nav_module/hook/pkg_config_path.ps1'
[10.555s] INFO:colcon.colcon_core.shell:Creating environment descriptor '/home/raspi/Robots4ChildrenWithDisabilities/ROS2/catkin_ws/install/nav_module/share/nav_module/hook/pkg_config_path.dsv'
[10.556s] INFO:colcon.colcon_core.shell:Creating environment hook '/home/raspi/Robots4ChildrenWithDisabilities/ROS2/catkin_ws/install/nav_module/share/nav_module/hook/pkg_config_path.sh'
[10.556s] Level 1:colcon.colcon_core.shell:create_environment_hook('nav_module', 'pkg_config_path_multiarch')
[10.557s] INFO:colcon.colcon_core.shell:Creating environment hook '/home/raspi/Robots4ChildrenWithDisabilities/ROS2/catkin_ws/install/nav_module/share/nav_module/hook/pkg_config_path_multiarch.ps1'
[10.557s] INFO:colcon.colcon_core.shell:Creating environment descriptor '/home/raspi/Robots4ChildrenWithDisabilities/ROS2/catkin_ws/install/nav_module/share/nav_module/hook/pkg_config_path_multiarch.dsv'
[10.558s] INFO:colcon.colcon_core.shell:Creating environment hook '/home/raspi/Robots4ChildrenWithDisabilities/ROS2/catkin_ws/install/nav_module/share/nav_module/hook/pkg_config_path_multiarch.sh'
[10.558s] Level 1:colcon.colcon_core.environment:create_environment_scripts_only(nav_module)
[10.559s] Level 1:colcon.colcon_core.environment:checking '/home/raspi/Robots4ChildrenWithDisabilities/ROS2/catkin_ws/install/nav_module' for CMake module files
[10.559s] Level 1:colcon.colcon_core.environment:checking '/home/raspi/Robots4ChildrenWithDisabilities/ROS2/catkin_ws/install/nav_module' for CMake config files
[10.560s] Level 1:colcon.colcon_core.shell:create_environment_hook('nav_module', 'cmake_prefix_path')
[10.560s] INFO:colcon.colcon_core.shell:Creating environment hook '/home/raspi/Robots4ChildrenWithDisabilities/ROS2/catkin_ws/install/nav_module/share/nav_module/hook/cmake_prefix_path.ps1'
[10.560s] INFO:colcon.colcon_core.shell:Creating environment descriptor '/home/raspi/Robots4ChildrenWithDisabilities/ROS2/catkin_ws/install/nav_module/share/nav_module/hook/cmake_prefix_path.dsv'
[10.561s] INFO:colcon.colcon_core.shell:Creating environment hook '/home/raspi/Robots4ChildrenWithDisabilities/ROS2/catkin_ws/install/nav_module/share/nav_module/hook/cmake_prefix_path.sh'
[10.561s] Level 1:colcon.colcon_core.environment:checking '/home/raspi/Robots4ChildrenWithDisabilities/ROS2/catkin_ws/install/nav_module/lib'
[10.561s] Level 1:colcon.colcon_core.environment:checking '/home/raspi/Robots4ChildrenWithDisabilities/ROS2/catkin_ws/install/nav_module/bin'
[10.561s] Level 1:colcon.colcon_core.environment:checking '/home/raspi/Robots4ChildrenWithDisabilities/ROS2/catkin_ws/install/nav_module/lib/pkgconfig/nav_module.pc'
[10.562s] Level 1:colcon.colcon_core.environment:checking '/home/raspi/Robots4ChildrenWithDisabilities/ROS2/catkin_ws/install/nav_module/lib/python3.12/site-packages'
[10.562s] Level 1:colcon.colcon_core.environment:checking '/home/raspi/Robots4ChildrenWithDisabilities/ROS2/catkin_ws/install/nav_module/bin'
[10.562s] INFO:colcon.colcon_core.shell:Creating package script '/home/raspi/Robots4ChildrenWithDisabilities/ROS2/catkin_ws/install/nav_module/share/nav_module/package.ps1'
[10.563s] INFO:colcon.colcon_core.shell:Creating package descriptor '/home/raspi/Robots4ChildrenWithDisabilities/ROS2/catkin_ws/install/nav_module/share/nav_module/package.dsv'
[10.564s] INFO:colcon.colcon_core.shell:Creating package script '/home/raspi/Robots4ChildrenWithDisabilities/ROS2/catkin_ws/install/nav_module/share/nav_module/package.sh'
[10.564s] INFO:colcon.colcon_core.shell:Creating package script '/home/raspi/Robots4ChildrenWithDisabilities/ROS2/catkin_ws/install/nav_module/share/nav_module/package.bash'
[10.565s] INFO:colcon.colcon_core.shell:Creating package script '/home/raspi/Robots4ChildrenWithDisabilities/ROS2/catkin_ws/install/nav_module/share/nav_module/package.zsh'
[10.565s] Level 1:colcon.colcon_core.environment:create_file_with_runtime_dependencies(/home/raspi/Robots4ChildrenWithDisabilities/ROS2/catkin_ws/install/nav_module/share/colcon-core/packages/nav_module)
[10.567s] Level 1:colcon.colcon_core.shell:create_environment_hook('slam_module', 'ros_package_path')
[10.567s] INFO:colcon.colcon_core.shell:Creating environment hook '/home/raspi/Robots4ChildrenWithDisabilities/ROS2/catkin_ws/install/slam_module/share/slam_module/hook/ros_package_path.ps1'
[10.567s] DEBUG:colcon.colcon_core.event_handler.log_command:Invoked command in '/home/raspi/Robots4ChildrenWithDisabilities/ROS2/catkin_ws/build/slam_module' returned '0': /usr/bin/cmake --install /home/raspi/Robots4ChildrenWithDisabilities/ROS2/catkin_ws/build/slam_module
[10.568s] INFO:colcon.colcon_core.shell:Creating environment descriptor '/home/raspi/Robots4ChildrenWithDisabilities/ROS2/catkin_ws/install/slam_module/share/slam_module/hook/ros_package_path.dsv'
[10.568s] INFO:colcon.colcon_core.shell:Creating environment hook '/home/raspi/Robots4ChildrenWithDisabilities/ROS2/catkin_ws/install/slam_module/share/slam_module/hook/ros_package_path.sh'
[10.569s] Level 1:colcon.colcon_core.shell:create_environment_hook('slam_module', 'pkg_config_path')
[10.569s] INFO:colcon.colcon_core.shell:Creating environment hook '/home/raspi/Robots4ChildrenWithDisabilities/ROS2/catkin_ws/install/slam_module/share/slam_module/hook/pkg_config_path.ps1'
[10.569s] INFO:colcon.colcon_core.shell:Creating environment descriptor '/home/raspi/Robots4ChildrenWithDisabilities/ROS2/catkin_ws/install/slam_module/share/slam_module/hook/pkg_config_path.dsv'
[10.570s] INFO:colcon.colcon_core.shell:Creating environment hook '/home/raspi/Robots4ChildrenWithDisabilities/ROS2/catkin_ws/install/slam_module/share/slam_module/hook/pkg_config_path.sh'
[10.570s] Level 1:colcon.colcon_core.shell:create_environment_hook('slam_module', 'pkg_config_path_multiarch')
[10.570s] INFO:colcon.colcon_core.shell:Creating environment hook '/home/raspi/Robots4ChildrenWithDisabilities/ROS2/catkin_ws/install/slam_module/share/slam_module/hook/pkg_config_path_multiarch.ps1'
[10.571s] INFO:colcon.colcon_core.shell:Creating environment descriptor '/home/raspi/Robots4ChildrenWithDisabilities/ROS2/catkin_ws/install/slam_module/share/slam_module/hook/pkg_config_path_multiarch.dsv'
[10.571s] INFO:colcon.colcon_core.shell:Creating environment hook '/home/raspi/Robots4ChildrenWithDisabilities/ROS2/catkin_ws/install/slam_module/share/slam_module/hook/pkg_config_path_multiarch.sh'
[10.572s] Level 1:colcon.colcon_core.environment:create_environment_scripts_only(slam_module)
[10.572s] Level 1:colcon.colcon_core.environment:checking '/home/raspi/Robots4ChildrenWithDisabilities/ROS2/catkin_ws/install/slam_module' for CMake module files
[10.573s] Level 1:colcon.colcon_core.environment:checking '/home/raspi/Robots4ChildrenWithDisabilities/ROS2/catkin_ws/install/slam_module' for CMake config files
[10.573s] Level 1:colcon.colcon_core.shell:create_environment_hook('slam_module', 'cmake_prefix_path')
[10.574s] INFO:colcon.colcon_core.shell:Creating environment hook '/home/raspi/Robots4ChildrenWithDisabilities/ROS2/catkin_ws/install/slam_module/share/slam_module/hook/cmake_prefix_path.ps1'
[10.574s] INFO:colcon.colcon_core.shell:Creating environment descriptor '/home/raspi/Robots4ChildrenWithDisabilities/ROS2/catkin_ws/install/slam_module/share/slam_module/hook/cmake_prefix_path.dsv'
[10.575s] INFO:colcon.colcon_core.shell:Creating environment hook '/home/raspi/Robots4ChildrenWithDisabilities/ROS2/catkin_ws/install/slam_module/share/slam_module/hook/cmake_prefix_path.sh'
[10.575s] Level 1:colcon.colcon_core.environment:checking '/home/raspi/Robots4ChildrenWithDisabilities/ROS2/catkin_ws/install/slam_module/lib'
[10.575s] Level 1:colcon.colcon_core.environment:checking '/home/raspi/Robots4ChildrenWithDisabilities/ROS2/catkin_ws/install/slam_module/bin'
[10.575s] Level 1:colcon.colcon_core.environment:checking '/home/raspi/Robots4ChildrenWithDisabilities/ROS2/catkin_ws/install/slam_module/lib/pkgconfig/slam_module.pc'
[10.576s] Level 1:colcon.colcon_core.environment:checking '/home/raspi/Robots4ChildrenWithDisabilities/ROS2/catkin_ws/install/slam_module/lib/python3.12/site-packages'
[10.576s] Level 1:colcon.colcon_core.environment:checking '/home/raspi/Robots4ChildrenWithDisabilities/ROS2/catkin_ws/install/slam_module/bin'
[10.577s] INFO:colcon.colcon_core.shell:Creating package script '/home/raspi/Robots4ChildrenWithDisabilities/ROS2/catkin_ws/install/slam_module/share/slam_module/package.ps1'
[10.577s] INFO:colcon.colcon_core.shell:Creating package descriptor '/home/raspi/Robots4ChildrenWithDisabilities/ROS2/catkin_ws/install/slam_module/share/slam_module/package.dsv'
[10.578s] INFO:colcon.colcon_core.shell:Creating package script '/home/raspi/Robots4ChildrenWithDisabilities/ROS2/catkin_ws/install/slam_module/share/slam_module/package.sh'
[10.579s] INFO:colcon.colcon_core.shell:Creating package script '/home/raspi/Robots4ChildrenWithDisabilities/ROS2/catkin_ws/install/slam_module/share/slam_module/package.bash'
[10.579s] INFO:colcon.colcon_core.shell:Creating package script '/home/raspi/Robots4ChildrenWithDisabilities/ROS2/catkin_ws/install/slam_module/share/slam_module/package.zsh'
[10.579s] Level 1:colcon.colcon_core.environment:create_file_with_runtime_dependencies(/home/raspi/Robots4ChildrenWithDisabilities/ROS2/catkin_ws/install/slam_module/share/colcon-core/packages/slam_module)
[10.580s] DEBUG:colcon.colcon_parallel_executor.executor.parallel:closing loop
[10.580s] DEBUG:colcon.colcon_parallel_executor.executor.parallel:loop closed
[10.581s] DEBUG:colcon.colcon_parallel_executor.executor.parallel:run_until_complete finished with '0'
[10.581s] DEBUG:colcon.colcon_core.event_reactor:joining thread
[10.591s] INFO:colcon.colcon_core.plugin_system:Skipping extension 'colcon_notification.desktop_notification.notify_send': Could not find 'notify-send'
[10.591s] INFO:colcon.colcon_core.plugin_system:Skipping extension 'colcon_notification.desktop_notification.terminal_notifier': Not used on non-Darwin systems
[10.591s] INFO:colcon.colcon_core.plugin_system:Skipping extension 'colcon_notification.desktop_notification.win32': Not used on non-Windows systems
[10.592s] INFO:colcon.colcon_notification.desktop_notification:Sending desktop notification using 'notify2'
[10.616s] DEBUG:colcon.colcon_notification.desktop_notification.notify2:Failed to initialize notify2: org.freedesktop.DBus.Error.ServiceUnknown: The name org.freedesktop.Notifications was not provided by any .service files
[10.617s] DEBUG:colcon.colcon_core.event_reactor:joined thread
[10.617s] INFO:colcon.colcon_core.shell:Creating prefix script '/home/raspi/Robots4ChildrenWithDisabilities/ROS2/catkin_ws/install/local_setup.ps1'
[10.619s] INFO:colcon.colcon_core.shell:Creating prefix util module '/home/raspi/Robots4ChildrenWithDisabilities/ROS2/catkin_ws/install/_local_setup_util_ps1.py'
[10.621s] INFO:colcon.colcon_core.shell:Creating prefix chain script '/home/raspi/Robots4ChildrenWithDisabilities/ROS2/catkin_ws/install/setup.ps1'
[10.622s] INFO:colcon.colcon_core.shell:Creating prefix script '/home/raspi/Robots4ChildrenWithDisabilities/ROS2/catkin_ws/install/local_setup.sh'
[10.623s] INFO:colcon.colcon_core.shell:Creating prefix util module '/home/raspi/Robots4ChildrenWithDisabilities/ROS2/catkin_ws/install/_local_setup_util_sh.py'
[10.624s] INFO:colcon.colcon_core.shell:Creating prefix chain script '/home/raspi/Robots4ChildrenWithDisabilities/ROS2/catkin_ws/install/setup.sh'
[10.625s] INFO:colcon.colcon_core.shell:Creating prefix script '/home/raspi/Robots4ChildrenWithDisabilities/ROS2/catkin_ws/install/local_setup.bash'
[10.626s] INFO:colcon.colcon_core.shell:Creating prefix chain script '/home/raspi/Robots4ChildrenWithDisabilities/ROS2/catkin_ws/install/setup.bash'
[10.627s] INFO:colcon.colcon_core.shell:Creating prefix script '/home/raspi/Robots4ChildrenWithDisabilities/ROS2/catkin_ws/install/local_setup.zsh'
[10.628s] INFO:colcon.colcon_core.shell:Creating prefix chain script '/home/raspi/Robots4ChildrenWithDisabilities/ROS2/catkin_ws/install/setup.zsh'
